cloud          cloud_1e1Pa            acc  58.09 (-32.24) brier 0.3923 pos 0.089 amp 0.044 n=9072
cloud          cloud_1e2Pa            acc  70.27 (-20.06) brier 0.2631 pos 0.229 amp 0.388 n=9072
cloud          cloud_1e3Pa            acc  80.94 ( -9.39) brier 0.1566 pos 0.349 amp 0.695 n=9072
cloud          cloud_1e4Pa            acc  87.80 ( -2.54) brier 0.0900 pos 0.446 amp 0.910 n=9072
cloud          cloud_1e5Pa            acc  90.18 ( -0.15) brier 0.0696 pos 0.489 amp 1.016 n=9072
exomol         exomol                 acc  88.67 ( -1.66) brier 0.0799 pos 0.540 amp 0.967 n=9072
exomol         exomol_o3              acc  75.01 (-15.32) brier 0.2073 pos 0.339 amp 0.914 n=9072
exotransmit    exotransmit            acc  89.34 ( -0.99) brier 0.0765 pos 0.499 amp 0.930 n=9072
haze           haze_1p0e10            acc  49.92 (-40.42) brier 0.4994 pos 0.000 amp 0.383 n=9071
haze           haze_2p0e5             acc  89.85 ( -0.49) brier 0.0716 pos 0.475 amp 1.033 n=9072
haze           haze_2p0e6             acc  83.13 ( -7.20) brier 0.1365 pos 0.367 amp 0.960 n=9071
haze           haze_2p4e8             acc  53.46 (-36.88) brier 0.4481 pos 0.035 amp 0.631 n=9071
haze           haze_3p0e7             acc  62.14 (-28.19) brier 0.3466 pos 0.124 amp 0.808 n=9071
tlse           tlse_fac05             acc  88.05 ( -2.28) brier 0.0882 pos 0.545 amp 1.071 n=9072
tlse           tlse_fac10             acc  85.47 ( -4.86) brier 0.1095 pos 0.580 amp 1.091 n=9072
tlse           tlse_mixed             acc  74.45 (-15.88) brier 0.2258 pos 0.271 amp 0.998 n=9072
tlse           tlse_spots02           acc  86.24 ( -4.09) brier 0.1083 pos 0.420 amp 1.030 n=9072
tlse           tlse_spots05           acc  79.72 (-10.62) brier 0.1707 pos 0.335 amp 1.004 n=9072
tlse           tlse_spots10           acc  72.54 (-17.79) brier 0.2454 pos 0.249 amp 0.993 n=9072
tlse           tlse_spots20           acc  64.07 (-26.27) brier 0.3337 pos 0.155 amp 1.120 n=9072
white noise    snr12                  acc  87.84 ( -2.49) brier 0.0888 pos 0.479 amp 1.101 n=9072
white noise    snr10                  acc  84.74 ( -5.59) brier 0.1102 pos 0.460 amp 1.165 n=9072
white noise    snr8                   acc  79.92 (-10.42) brier 0.1461 pos 0.407 amp 1.268 n=9072
white noise    snr5                   acc  65.37 (-24.97) brier 0.2640 pos 0.227 amp 1.648 n=9072
correlated noise snr12                  acc  83.60 ( -6.74) brier 0.1269 pos 0.473 amp 1.103 n=9072
correlated noise snr10                  acc  78.87 (-11.46) brier 0.1701 pos 0.439 amp 1.157 n=9072
correlated noise snr8                   acc  72.26 (-18.08) brier 0.2281 pos 0.396 amp 1.254 n=9072
correlated noise snr5                   acc  62.03 (-28.31) brier 0.3271 pos 0.272 amp 1.619 n=9072
gain ramp      x0.25                  acc  89.96 ( -0.37) brier 0.0723 pos 0.494 amp 1.044 n=9072
gain ramp      x0.5                   acc  88.33 ( -2.01) brier 0.0852 pos 0.495 amp 1.048 n=9072
gain ramp      x1.0                   acc  85.43 ( -4.91) brier 0.1158 pos 0.495 amp 1.072 n=9072
gain ramp      x2.0                   acc  75.28 (-15.06) brier 0.2067 pos 0.492 amp 1.132 n=9072
baseline offset x0.25                  acc  90.33 ( +0.00) brier 0.0686 pos 0.495 amp 1.049 n=9072
baseline offset x0.5                   acc  90.33 ( +0.00) brier 0.0686 pos 0.495 amp 1.049 n=9072
baseline offset x1.0                   acc  90.33 ( +0.00) brier 0.0686 pos 0.495 amp 1.049 n=9072
baseline offset x2.0                   acc  90.33 ( +0.00) brier 0.0686 pos 0.495 amp 1.049 n=9072
noise colouring white snr15            acc  89.57 ( -0.76) brier 0.0759 pos 0.496 amp 1.043 n=9072
noise colouring ariel snr15            acc  90.23 ( -0.10) brier 0.0695 pos 0.496 amp 1.054 n=9072
noise colouring white snr10            acc  87.62 ( -2.71) brier 0.0893 pos 0.486 amp 1.098 n=9072
noise colouring ariel snr10            acc  88.73 ( -1.60) brier 0.0809 pos 0.484 amp 1.106 n=9072
noise colouring white snr7             acc  83.45 ( -6.88) brier 0.1198 pos 0.447 amp 1.196 n=9072
noise colouring ariel snr7             acc  85.06 ( -5.27) brier 0.1058 pos 0.446 amp 1.200 n=9072
noise colouring white snr5             acc  77.08 (-13.25) brier 0.1683 pos 0.371 amp 1.352 n=9072
noise colouring ariel snr5             acc  78.87 (-11.46) brier 0.1538 pos 0.366 amp 1.372 n=9072

Out-of-envelope extrapolation, radius split at 15.0 R_earth (train n=10843, test n=7313)
  extrapolation: acc 89.73%  Brier 0.0738
  control (random split, same n, mean of 5): acc 89.89%  Brier 0.0714
  penalty net of sample size: -0.16 points, Brier +0.0025
