Loading MultiREx version 0.3.1
native grid: 2753 points, 0.500-7.798 um
train: 18156/20000 kept (90.8%), positives 0.502, 372 s
test1: 1813/2000 kept (90.6%), positives 0.494, 41 s
test2: 1822/2000 kept (91.1%), positives 0.506, 41 s
test3: 1823/2000 kept (91.1%), positives 0.499, 40 s
test4: 1793/2000 kept (89.6%), positives 0.501, 47 s
test5: 1821/2000 kept (91.0%), positives 0.504, 52 s
max |r| between delivered parameters: 0.177
Loading MultiREx version 0.3.1
Loading MultiREx version 0.3.1
Loading MultiREx version 0.3.1
Loading MultiREx version 0.3.1
Loading MultiREx version 0.3.1
Loading MultiREx version 0.3.1
Loading MultiREx version 0.3.1
Loading MultiREx version 0.3.1
Loading MultiREx version 0.3.1
Loading MultiREx version 0.3.1
Loading MultiREx version 0.3.1
Loading MultiREx version 0.3.1
