[r200] train (18156, 550), tests [1813, 1822, 1823, 1793, 1821], positives 0.502
[r200] feature dims: {'raw': 550, 'pca': 246, 'norm': 550, 'pcaw': 246}
raw_xgb    accuracy 73.15±1.13  precision 72.11±1.33  recall 75.65±0.80  f1 73.84±1.07  brier 0.1750±0.0071  ece 0.0548±0.0095  auc 0.8233±0.0120
raw_rf     accuracy 72.80±0.87  precision 70.89±0.87  recall 77.52±1.17  f1 74.05±0.77  brier 0.1840±0.0027  ece 0.0631±0.0028  auc 0.8068±0.0071
pca_xgb    accuracy 85.50±0.94  precision 85.12±1.46  recall 86.11±0.96  f1 85.61±0.89  brier 0.1061±0.0074  ece 0.0557±0.0111  auc 0.9390±0.0057
pca_rf     accuracy 82.04±0.91  precision 81.82±1.26  recall 82.46±1.20  f1 82.13±0.90  brier 0.1625±0.0020  ece 0.1829±0.0086  auc 0.9072±0.0077
norm_xgb   accuracy 92.14±0.42  precision 92.44±0.41  recall 91.81±0.96  f1 92.12±0.47  brier 0.0573±0.0036  ece 0.0273±0.0031  auc 0.9823±0.0016
norm_rf    accuracy 90.58±0.48  precision 91.82±0.86  recall 89.12±1.11  f1 90.45±0.54  brier 0.0712±0.0015  ece 0.0741±0.0048  auc 0.9763±0.0015
WARNING: All log messages before absl::InitializeLog() is called are written to STDERR
I0000 00:00:1788953473.032436  347081 port.cc:153] oneDNN custom operations are on. You may see slightly different numerical results due to floating-point round-off errors from different computation orders. To turn them off, set the environment variable `TF_ENABLE_ONEDNN_OPTS=0`.
I0000 00:00:1788953473.034611  347081 cudart_stub.cc:31] Could not find cuda drivers on your machine, GPU will not be used.
I0000 00:00:1788953473.062442  347081 cpu_feature_guard.cc:227] This TensorFlow binary is optimized to use available CPU instructions in performance-critical operations.
To enable the following instructions: AVX2 AVX_VNNI FMA, in other operations, rebuild TensorFlow with the appropriate compiler flags.
WARNING: All log messages before absl::InitializeLog() is called are written to STDERR
I0000 00:00:1788953473.995794  347081 port.cc:153] oneDNN custom operations are on. You may see slightly different numerical results due to floating-point round-off errors from different computation orders. To turn them off, set the environment variable `TF_ENABLE_ONEDNN_OPTS=0`.
I0000 00:00:1788953473.998347  347081 cudart_stub.cc:31] Could not find cuda drivers on your machine, GPU will not be used.
E0000 00:00:1788953476.235937  347081 cuda_executor.cc:1737] INTERNAL: CUDA Runtime error: Failed call to cudaGetRuntimeVersion: Error loading CUDA libraries. GPU will not be used.: Error loading CUDA libraries. GPU will not be used.
W0000 00:00:1788953476.236891  347348 cuda_executor.cc:1755] Failed to determine cuDNN version (Note that this is expected if the application doesn't link the cuDNN plugin): INTERNAL: cuDNN error: CUDNN_STATUS_INTERNAL_ERROR
W0000 00:00:1788953476.251551  347081 gpu_device.cc:2365] Cannot dlopen some GPU libraries. Please make sure the missing libraries mentioned above are installed properly if you would like to use GPU. Follow the guide at https://www.tensorflow.org/install/gpu for how to download and setup the required libraries for your platform.
Skipping registering GPU devices...
norm_mlp   accuracy 92.09±0.94  precision 92.61±1.10  recall 91.52±0.81  f1 92.06±0.92  brier 0.0544±0.0024  ece 0.0129±0.0031  auc 0.9823±0.0019   restarts acc 92.09±0.20 (n=3)
pcaw_mlp   accuracy 76.50±0.68  precision 84.74±1.49  recall 64.76±1.05  f1 73.38±0.82  brier 0.1652±0.0025  ece 0.1359±0.0088  auc 0.8733±0.0078   restarts acc 76.50±1.13 (n=3)
pca_mlp    accuracy 78.19±0.89  precision 74.99±0.98  recall 86.81±0.80  f1 79.98±0.84  brier 0.1519±0.0043  ece 0.1165±0.0073  auc 0.8957±0.0077   restarts acc 78.19±2.92 (n=3)
In-domain study, configuration = r200, SNR 15 (peak-to-peak convention), Ariel-shaped noise
train n = 18156, test sets n = [1813, 1822, 1823, 1793, 1821]
feature dimensions: {'raw': 550, 'pca': 246, 'norm': 550, 'pcaw': 246}

raw_xgb    accuracy 73.15±1.13  precision 72.11±1.33  recall 75.65±0.80  f1 73.84±1.07  brier 0.1750±0.0071  ece 0.0548±0.0095  auc 0.8233±0.0120
raw_rf     accuracy 72.80±0.87  precision 70.89±0.87  recall 77.52±1.17  f1 74.05±0.77  brier 0.1840±0.0027  ece 0.0631±0.0028  auc 0.8068±0.0071
pca_xgb    accuracy 85.50±0.94  precision 85.12±1.46  recall 86.11±0.96  f1 85.61±0.89  brier 0.1061±0.0074  ece 0.0557±0.0111  auc 0.9390±0.0057
pca_rf     accuracy 82.04±0.91  precision 81.82±1.26  recall 82.46±1.20  f1 82.13±0.90  brier 0.1625±0.0020  ece 0.1829±0.0086  auc 0.9072±0.0077
norm_xgb   accuracy 92.14±0.42  precision 92.44±0.41  recall 91.81±0.96  f1 92.12±0.47  brier 0.0573±0.0036  ece 0.0273±0.0031  auc 0.9823±0.0016
norm_rf    accuracy 90.58±0.48  precision 91.82±0.86  recall 89.12±1.11  f1 90.45±0.54  brier 0.0712±0.0015  ece 0.0741±0.0048  auc 0.9763±0.0015
norm_mlp   accuracy 92.09±0.94  precision 92.61±1.10  recall 91.52±0.81  f1 92.06±0.92  brier 0.0544±0.0024  ece 0.0129±0.0031  auc 0.9823±0.0019   restarts acc 92.09±0.20 (n=3)
pcaw_mlp   accuracy 76.50±0.68  precision 84.74±1.49  recall 64.76±1.05  f1 73.38±0.82  brier 0.1652±0.0025  ece 0.1359±0.0088  auc 0.8733±0.0078   restarts acc 76.50±1.13 (n=3)
pca_mlp    accuracy 78.19±0.89  precision 74.99±0.98  recall 86.81±0.80  f1 79.98±0.84  brier 0.1519±0.0043  ece 0.1165±0.0073  auc 0.8957±0.0077   restarts acc 78.19±2.92 (n=3)

Pairwise McNemar (exact) on pooled test sets: (b = A right/B wrong, c = A wrong/B right, p)
  norm_xgb vs raw_xgb   : b= 2015 c=  292 p=6.84e-316
  norm_xgb vs raw_rf    : b= 2056 c=  301 p=1.82e-320
  norm_xgb vs pca_xgb   : b=  895 c=  292 p=1.51e-71
  norm_xgb vs pca_rf    : b= 1219 c=  302 p=1.53e-130
  norm_xgb vs norm_rf   : b=  293 c=  151 p=1.49e-11
  norm_xgb vs norm_mlp  : b=  249 c=  224 p=2.70e-01
  norm_xgb vs pcaw_mlp  : b= 1728 c=  295 p=5.69e-246
  norm_xgb vs pca_mlp   : b= 1411 c=  296 p=7.75e-174
Paired bootstrap F1 gap norm_xgb - norm_mlp: 0.31 pts, 95% CI [-0.16, 0.79]

Best pipeline: norm_xgb  (frozen at models/r200_norm_xgb.joblib)
done in 351s
