haze_3p0e7: 80 planets to retrieve, 20 workers, cap 15000 calls
[Parallel(n_jobs=20)]: Using backend LokyBackend with 20 concurrent workers.
[Parallel(n_jobs=20)]: Done  32 tasks      | elapsed: 93.1min
[Parallel(n_jobs=20)]: Done  58 out of  80 | elapsed: 161.1min remaining: 61.1min
Loading MultiREx version 0.3.1
Loading MultiREx version 0.3.1
Loading MultiREx version 0.3.1
Loading MultiREx version 0.3.1
Loading MultiREx version 0.3.1
Loading MultiREx version 0.3.1
Loading MultiREx version 0.3.1
Loading MultiREx version 0.3.1
[Parallel(n_jobs=20)]: Done  75 out of  80 | elapsed: 184.7min remaining: 12.3min
Loading MultiREx version 0.3.1
Loading MultiREx version 0.3.1
Loading MultiREx version 0.3.1
Loading MultiREx version 0.3.1
Loading MultiREx version 0.3.1
Loading MultiREx version 0.3.1
Loading MultiREx version 0.3.1
Loading MultiREx version 0.3.1
Loading MultiREx version 0.3.1
Loading MultiREx version 0.3.1
Loading MultiREx version 0.3.1
[Parallel(n_jobs=20)]: Done  80 out of  80 | elapsed: 195.1min finished

haze_3p0e7: 80/80 succeeded in 195 min (median 44.0 min/planet)
  retrieval label vs truth: 55%
  wrote /mnt/c/Users/owenh/BioSignatureDetectionModel/v2/results/retrieval_haze_3p0e7.csv
Loading MultiREx version 0.3.1
