train variance:
  bootstrap 1/10: 90.18%
  bootstrap 2/10: 90.07%
  bootstrap 3/10: 89.92%
  bootstrap 4/10: 90.08%
  bootstrap 5/10: 89.70%
  bootstrap 6/10: 89.81%
  bootstrap 7/10: 89.93%
  bootstrap 8/10: 90.00%
  bootstrap 9/10: 90.14%
  bootstrap 10/10: 90.08%
spot contrast:
correlation length:
Sensitivity of three stated limitations, configuration ariel, pipeline norm_xgb

1. Training-draw uncertainty (10 bootstrap resamples of the training set,
   each retrained and scored on the same five test sets)
   five-set mean accuracy: 89.99% ± 0.15 across training draws
   range 89.70-90.18%; the paper's single-draw value is the reference model

2. Stellar-contamination result against the adopted spot contrast
   (T_spot / T_eff; the paper adopts 0.85)

    contrast   5% coverage  20% coverage
        0.80        78.58%        62.18%
        0.85        79.72%        64.07%
        0.90        81.79%        67.68%

3. Correlated-noise cost against the smoothing kernel width, at effective SNR 8
   (clean baseline 90.33%; the paper uses sigma 3 bins)

   white (sigma 0)     80.56%  (-9.78)
   sigma 1 bins        75.66%  (-14.67)
   sigma 3 bins        72.74%  (-17.59)
   sigma 8 bins        70.60%  (-19.73)
   sigma 20 bins       70.83%  (-19.50)

