cloud          cloud_1e1Pa            acc  59.29 (-24.61) brier 0.3050 pos 0.266 amp 0.044 n=9072
cloud          cloud_1e2Pa            acc  68.64 (-15.27) brier 0.2409 pos 0.326 amp 0.388 n=9072
cloud          cloud_1e3Pa            acc  76.01 ( -7.89) brier 0.1798 pos 0.380 amp 0.695 n=9072
cloud          cloud_1e4Pa            acc  82.19 ( -1.72) brier 0.1321 pos 0.442 amp 0.910 n=9072
cloud          cloud_1e5Pa            acc  84.09 ( +0.19) brier 0.1168 pos 0.491 amp 1.016 n=9072
exomol         exomol                 acc  80.45 ( -3.46) brier 0.1397 pos 0.577 amp 0.967 n=9072
exomol         exomol_o3              acc  70.03 (-13.88) brier 0.2302 pos 0.395 amp 0.914 n=9072
exotransmit    exotransmit            acc  81.15 ( -2.76) brier 0.1363 pos 0.505 amp 0.930 n=9072
haze           haze_1p0e10            acc  66.65 (-17.25) brier 0.2482 pos 0.287 amp 0.383 n=9071
haze           haze_2p0e5             acc  83.42 ( -0.49) brier 0.1195 pos 0.507 amp 1.033 n=9072
haze           haze_2p0e6             acc  82.33 ( -1.58) brier 0.1313 pos 0.499 amp 0.960 n=9071
haze           haze_2p4e8             acc  69.57 (-14.33) brier 0.2552 pos 0.240 amp 0.631 n=9071
haze           haze_3p0e7             acc  77.80 ( -6.11) brier 0.1767 pos 0.379 amp 0.808 n=9071
tlse           tlse_fac05             acc  82.73 ( -1.18) brier 0.1260 pos 0.526 amp 1.071 n=9072
tlse           tlse_fac10             acc  81.72 ( -2.18) brier 0.1327 pos 0.539 amp 1.091 n=9072
tlse           tlse_mixed             acc  78.30 ( -5.61) brier 0.1693 pos 0.404 amp 0.998 n=9072
tlse           tlse_spots02           acc  82.56 ( -1.34) brier 0.1271 pos 0.473 amp 1.030 n=9072
tlse           tlse_spots05           acc  80.64 ( -3.26) brier 0.1457 pos 0.439 amp 1.004 n=9072
tlse           tlse_spots10           acc  77.39 ( -6.51) brier 0.1765 pos 0.392 amp 0.993 n=9072
tlse           tlse_spots20           acc  72.00 (-11.90) brier 0.2246 pos 0.340 amp 1.120 n=9072
white noise    snr12                  acc  81.04 ( -2.87) brier 0.1373 pos 0.538 amp 1.101 n=9072
white noise    snr10                  acc  77.57 ( -6.34) brier 0.1622 pos 0.564 amp 1.165 n=9072
white noise    snr8                   acc  75.83 ( -8.08) brier 0.1779 pos 0.580 amp 1.268 n=9072
white noise    snr5                   acc  69.39 (-14.52) brier 0.2274 pos 0.612 amp 1.648 n=9072
correlated noise snr12                  acc  78.01 ( -5.90) brier 0.1651 pos 0.500 amp 1.103 n=9072
correlated noise snr10                  acc  73.88 (-10.03) brier 0.1983 pos 0.494 amp 1.157 n=9072
correlated noise snr8                   acc  69.29 (-14.62) brier 0.2357 pos 0.493 amp 1.254 n=9072
correlated noise snr5                   acc  63.01 (-20.90) brier 0.2927 pos 0.485 amp 1.619 n=9072
gain ramp      x0.25                  acc  83.48 ( -0.43) brier 0.1204 pos 0.506 amp 1.044 n=9072
gain ramp      x0.5                   acc  82.73 ( -1.18) brier 0.1267 pos 0.506 amp 1.048 n=9072
gain ramp      x1.0                   acc  81.06 ( -2.84) brier 0.1385 pos 0.505 amp 1.072 n=9072
gain ramp      x2.0                   acc  78.33 ( -5.58) brier 0.1634 pos 0.516 amp 1.132 n=9072
baseline offset x0.25                  acc  83.94 ( +0.03) brier 0.1187 pos 0.505 amp 1.049 n=9072
baseline offset x0.5                   acc  83.97 ( +0.07) brier 0.1186 pos 0.505 amp 1.049 n=9072
baseline offset x1.0                   acc  83.91 ( +0.00) brier 0.1189 pos 0.505 amp 1.049 n=9072
baseline offset x2.0                   acc  83.86 ( -0.04) brier 0.1188 pos 0.506 amp 1.049 n=9072
absolute noise 20 ppm                 acc  82.23 ( -1.68) brier 0.1350 pos 0.479 amp 1.001 n=9072
absolute noise 50 ppm                 acc  79.94 ( -3.97) brier 0.1518 pos 0.498 amp 1.001 n=9072
absolute noise 100 ppm                acc  78.67 ( -5.24) brier 0.1635 pos 0.525 amp 1.010 n=9072
absolute noise 200 ppm                acc  76.60 ( -7.31) brier 0.1782 pos 0.542 amp 1.053 n=9072
noise colouring white snr15            acc  83.33 ( -0.57) brier 0.1195 pos 0.499 amp 1.043 n=9072
noise colouring ariel snr15            acc  82.95 ( -0.96) brier 0.1206 pos 0.503 amp 1.054 n=9072
noise colouring white snr10            acc  81.82 ( -2.08) brier 0.1348 pos 0.532 amp 1.098 n=9072
noise colouring ariel snr10            acc  80.97 ( -2.93) brier 0.1367 pos 0.537 amp 1.106 n=9072
noise colouring white snr7             acc  77.80 ( -6.11) brier 0.1635 pos 0.566 amp 1.196 n=9072
noise colouring ariel snr7             acc  77.67 ( -6.24) brier 0.1644 pos 0.572 amp 1.200 n=9072
noise colouring white snr5             acc  74.22 ( -9.69) brier 0.1907 pos 0.585 amp 1.352 n=9072
noise colouring ariel snr5             acc  73.88 (-10.03) brier 0.1912 pos 0.590 amp 1.372 n=9072

