cloud          cloud_1e1Pa            acc  55.84 (-33.23) brier 0.3238 pos 0.069 amp 0.044 n=9072
cloud          cloud_1e2Pa            acc  66.20 (-22.87) brier 0.2319 pos 0.192 amp 0.388 n=9072
cloud          cloud_1e3Pa            acc  77.16 (-11.92) brier 0.1545 pos 0.312 amp 0.695 n=9072
cloud          cloud_1e4Pa            acc  85.47 ( -3.60) brier 0.0994 pos 0.417 amp 0.910 n=9072
cloud          cloud_1e5Pa            acc  88.64 ( -0.44) brier 0.0811 pos 0.470 amp 1.016 n=9072
exomol         exomol                 acc  87.71 ( -1.37) brier 0.0943 pos 0.526 amp 0.967 n=9072
exomol         exomol_o3              acc  74.45 (-14.63) brier 0.1671 pos 0.324 amp 0.914 n=9072
exotransmit    exotransmit            acc  87.96 ( -1.11) brier 0.0884 pos 0.487 amp 0.930 n=9072
haze           haze_1p0e10            acc  49.92 (-39.16) brier 0.3474 pos 0.000 amp 0.383 n=9071
haze           haze_2p0e5             acc  89.18 ( +0.10) brier 0.0797 pos 0.475 amp 1.033 n=9072
haze           haze_2p0e6             acc  86.80 ( -2.27) brier 0.0955 pos 0.413 amp 0.960 n=9071
haze           haze_2p4e8             acc  54.86 (-34.22) brier 0.3221 pos 0.049 amp 0.631 n=9071
haze           haze_3p0e7             acc  69.23 (-19.84) brier 0.1998 pos 0.196 amp 0.808 n=9071
tlse           tlse_fac05             acc  88.49 ( -0.58) brier 0.0868 pos 0.519 amp 1.071 n=9072
tlse           tlse_fac10             acc  86.88 ( -2.19) brier 0.0949 pos 0.542 amp 1.091 n=9072
tlse           tlse_mixed             acc  76.98 (-12.09) brier 0.1563 pos 0.299 amp 0.998 n=9072
tlse           tlse_spots02           acc  86.21 ( -2.87) brier 0.0975 pos 0.424 amp 1.030 n=9072
tlse           tlse_spots05           acc  81.59 ( -7.48) brier 0.1260 pos 0.357 amp 1.004 n=9072
tlse           tlse_spots10           acc  75.54 (-13.54) brier 0.1663 pos 0.280 amp 0.993 n=9072
tlse           tlse_spots20           acc  67.16 (-21.91) brier 0.2231 pos 0.186 amp 1.120 n=9072
white noise    snr12                  acc  87.24 ( -1.84) brier 0.1020 pos 0.461 amp 1.101 n=9072
white noise    snr10                  acc  84.53 ( -4.54) brier 0.1251 pos 0.436 amp 1.165 n=9072
white noise    snr8                   acc  80.10 ( -8.97) brier 0.1542 pos 0.381 amp 1.268 n=9072
white noise    snr5                   acc  64.77 (-24.31) brier 0.2060 pos 0.194 amp 1.648 n=9072
correlated noise snr12                  acc  83.53 ( -5.54) brier 0.1141 pos 0.460 amp 1.103 n=9072
correlated noise snr10                  acc  79.28 ( -9.80) brier 0.1432 pos 0.429 amp 1.157 n=9072
correlated noise snr8                   acc  72.67 (-16.40) brier 0.1766 pos 0.377 amp 1.254 n=9072
correlated noise snr5                   acc  61.40 (-27.68) brier 0.2317 pos 0.240 amp 1.619 n=9072
gain ramp      x0.25                  acc  88.99 ( -0.09) brier 0.0810 pos 0.482 amp 1.044 n=9072
gain ramp      x0.5                   acc  87.46 ( -1.62) brier 0.0864 pos 0.486 amp 1.048 n=9072
gain ramp      x1.0                   acc  83.99 ( -5.08) brier 0.1056 pos 0.484 amp 1.072 n=9072
gain ramp      x2.0                   acc  74.59 (-14.48) brier 0.1594 pos 0.482 amp 1.132 n=9072
baseline offset x0.25                  acc  89.08 ( +0.00) brier 0.0797 pos 0.483 amp 1.049 n=9072
baseline offset x0.5                   acc  89.08 ( +0.00) brier 0.0797 pos 0.483 amp 1.049 n=9072
baseline offset x1.0                   acc  89.08 ( +0.00) brier 0.0797 pos 0.483 amp 1.049 n=9072
baseline offset x2.0                   acc  89.08 ( +0.00) brier 0.0797 pos 0.483 amp 1.049 n=9072
absolute noise 20 ppm                 acc  85.21 ( -3.87) brier 0.0973 pos 0.449 amp 1.001 n=9072
absolute noise 50 ppm                 acc  82.54 ( -6.54) brier 0.1131 pos 0.416 amp 1.001 n=9072
absolute noise 100 ppm                acc  79.95 ( -9.13) brier 0.1277 pos 0.385 amp 1.010 n=9072
absolute noise 200 ppm                acc  76.71 (-12.37) brier 0.1468 pos 0.344 amp 1.053 n=9072
noise colouring white snr15            acc  88.29 ( -0.78) brier 0.0845 pos 0.490 amp 1.043 n=9072
noise colouring ariel snr15            acc  88.91 ( -0.17) brier 0.0800 pos 0.487 amp 1.054 n=9072
noise colouring white snr10            acc  87.31 ( -1.76) brier 0.1034 pos 0.468 amp 1.098 n=9072
noise colouring ariel snr10            acc  87.68 ( -1.40) brier 0.0959 pos 0.465 amp 1.106 n=9072
noise colouring white snr7             acc  83.30 ( -5.78) brier 0.1338 pos 0.421 amp 1.196 n=9072
noise colouring ariel snr7             acc  84.24 ( -4.84) brier 0.1223 pos 0.413 amp 1.200 n=9072
noise colouring white snr5             acc  76.68 (-12.40) brier 0.1688 pos 0.339 amp 1.352 n=9072
noise colouring ariel snr5             acc  77.55 (-11.53) brier 0.1586 pos 0.324 amp 1.372 n=9072

