cloud          cloud_1e1Pa            acc  53.02 (-19.22) brier 0.2626 pos 0.260 amp 0.042 n=9072
cloud          cloud_1e2Pa            acc  62.49 ( -9.76) brier 0.2306 pos 0.389 amp 0.373 n=9072
cloud          cloud_1e3Pa            acc  68.52 ( -3.73) brier 0.2072 pos 0.462 amp 0.666 n=9072
cloud          cloud_1e4Pa            acc  70.92 ( -1.32) brier 0.1933 pos 0.514 amp 0.870 n=9072
cloud          cloud_1e5Pa            acc  72.03 ( -0.21) brier 0.1878 pos 0.533 amp 0.968 n=9072
exomol         exomol                 acc  71.01 ( -1.23) brier 0.1939 pos 0.586 amp 0.920 n=9072
exomol         exomol_o3              acc  68.73 ( -3.52) brier 0.2044 pos 0.492 amp 0.864 n=9072
exotransmit    exotransmit            acc  70.13 ( -2.12) brier 0.1961 pos 0.532 amp 0.888 n=9072
haze           haze_1p0e10            acc  52.67 (-19.57) brier 0.2631 pos 0.104 amp 0.366 n=9071
haze           haze_2p0e5             acc  72.32 ( +0.08) brier 0.1861 pos 0.527 amp 0.991 n=9072
haze           haze_2p0e6             acc  71.51 ( -0.73) brier 0.1901 pos 0.465 amp 0.918 n=9071
haze           haze_2p4e8             acc  56.61 (-15.64) brier 0.2463 pos 0.160 amp 0.604 n=9071
haze           haze_3p0e7             acc  63.33 ( -8.91) brier 0.2215 pos 0.272 amp 0.764 n=9071
tlse           tlse_fac05             acc  71.85 ( -0.40) brier 0.1873 pos 0.556 amp 1.020 n=9072
tlse           tlse_fac10             acc  71.51 ( -0.74) brier 0.1888 pos 0.573 amp 1.038 n=9072
tlse           tlse_mixed             acc  70.46 ( -1.79) brier 0.1939 pos 0.396 amp 0.951 n=9072
tlse           tlse_spots02           acc  72.63 ( +0.39) brier 0.1866 pos 0.506 amp 0.983 n=9072
tlse           tlse_spots05           acc  71.67 ( -0.57) brier 0.1887 pos 0.456 amp 0.958 n=9072
tlse           tlse_spots10           acc  69.73 ( -2.51) brier 0.1966 pos 0.379 amp 0.943 n=9072
tlse           tlse_spots20           acc  64.77 ( -7.47) brier 0.2176 pos 0.260 amp 1.050 n=9072
white noise    snr12                  acc  72.10 ( -0.14) brier 0.1880 pos 0.529 amp 1.000 n=9072
white noise    snr10                  acc  72.05 ( -0.20) brier 0.1902 pos 0.525 amp 1.000 n=9072
white noise    snr8                   acc  71.90 ( -0.34) brier 0.1934 pos 0.508 amp 1.000 n=9072
white noise    snr5                   acc  70.72 ( -1.52) brier 0.2040 pos 0.454 amp 1.000 n=9072
correlated noise snr12                  acc  71.54 ( -0.71) brier 0.1891 pos 0.530 amp 1.000 n=9072
correlated noise snr10                  acc  71.62 ( -0.63) brier 0.1923 pos 0.519 amp 1.000 n=9072
correlated noise snr8                   acc  70.22 ( -2.03) brier 0.1973 pos 0.511 amp 1.000 n=9072
correlated noise snr5                   acc  66.93 ( -5.31) brier 0.2116 pos 0.456 amp 1.000 n=9072
gain ramp      x0.25                  acc  72.24 ( +0.00) brier 0.1866 pos 0.534 amp 1.003 n=9072
gain ramp      x0.5                   acc  71.88 ( -0.36) brier 0.1875 pos 0.534 amp 1.005 n=9072
gain ramp      x1.0                   acc  71.14 ( -1.10) brier 0.1892 pos 0.531 amp 1.006 n=9072
gain ramp      x2.0                   acc  70.13 ( -2.12) brier 0.1940 pos 0.521 amp 1.037 n=9072
baseline offset x0.25                  acc  72.32 ( +0.08) brier 0.1864 pos 0.534 amp 1.000 n=9072
baseline offset x0.5                   acc  72.29 ( +0.04) brier 0.1862 pos 0.536 amp 1.000 n=9072
baseline offset x1.0                   acc  71.94 ( -0.31) brier 0.1874 pos 0.535 amp 1.000 n=9072
baseline offset x2.0                   acc  71.64 ( -0.61) brier 0.1873 pos 0.537 amp 1.000 n=9072
absolute noise 20 ppm                 acc  72.24 ( +0.00) brier 0.1817 pos 0.539 amp 1.000 n=9072
absolute noise 50 ppm                 acc  71.81 ( -0.43) brier 0.1835 pos 0.518 amp 1.000 n=9072
absolute noise 100 ppm                acc  71.04 ( -1.20) brier 0.1873 pos 0.481 amp 1.000 n=9072
absolute noise 200 ppm                acc  69.35 ( -2.90) brier 0.1927 pos 0.430 amp 1.000 n=9072
noise colouring white snr15            acc  71.96 ( -0.29) brier 0.1865 pos 0.537 amp 1.000 n=9072
noise colouring ariel snr15            acc  71.88 ( -0.36) brier 0.1866 pos 0.536 amp 1.000 n=9072
noise colouring white snr10            acc  72.11 ( -0.13) brier 0.1902 pos 0.527 amp 1.000 n=9072
noise colouring ariel snr10            acc  71.99 ( -0.25) brier 0.1901 pos 0.526 amp 1.000 n=9072
noise colouring white snr7             acc  71.40 ( -0.85) brier 0.1961 pos 0.496 amp 1.000 n=9072
noise colouring ariel snr7             acc  71.76 ( -0.49) brier 0.1953 pos 0.497 amp 1.000 n=9072
noise colouring white snr5             acc  70.62 ( -1.62) brier 0.2047 pos 0.459 amp 1.000 n=9072
noise colouring ariel snr5             acc  71.16 ( -1.08) brier 0.2036 pos 0.453 amp 1.000 n=9072

