cloud          cloud_1e1Pa            acc  53.27 (-19.29) brier 0.3018 pos 0.290 amp 0.042 n=9072
cloud          cloud_1e2Pa            acc  61.70 (-10.87) brier 0.2490 pos 0.385 amp 0.373 n=9072
cloud          cloud_1e3Pa            acc  67.26 ( -5.30) brier 0.2122 pos 0.458 amp 0.666 n=9072
cloud          cloud_1e4Pa            acc  70.97 ( -1.60) brier 0.1914 pos 0.508 amp 0.870 n=9072
cloud          cloud_1e5Pa            acc  72.29 ( -0.28) brier 0.1829 pos 0.525 amp 0.968 n=9072
exomol         exomol                 acc  70.68 ( -1.88) brier 0.1926 pos 0.570 amp 0.920 n=9072
exomol         exomol_o3              acc  66.94 ( -5.62) brier 0.2138 pos 0.470 amp 0.864 n=9072
exotransmit    exotransmit            acc  70.44 ( -2.13) brier 0.1950 pos 0.524 amp 0.888 n=9072
haze           haze_1p0e10            acc  52.54 (-20.02) brier 0.3220 pos 0.141 amp 0.366 n=9071
haze           haze_2p0e5             acc  72.67 ( +0.11) brier 0.1808 pos 0.515 amp 0.991 n=9072
haze           haze_2p0e6             acc  69.54 ( -3.02) brier 0.2053 pos 0.420 amp 0.918 n=9071
haze           haze_2p4e8             acc  55.75 (-16.81) brier 0.3177 pos 0.153 amp 0.604 n=9071
haze           haze_3p0e7             acc  59.60 (-12.97) brier 0.2830 pos 0.215 amp 0.764 n=9071
tlse           tlse_fac05             acc  72.02 ( -0.54) brier 0.1837 pos 0.552 amp 1.020 n=9072
tlse           tlse_fac10             acc  71.52 ( -1.05) brier 0.1863 pos 0.574 amp 1.038 n=9072
tlse           tlse_mixed             acc  70.05 ( -2.51) brier 0.1985 pos 0.386 amp 0.951 n=9072
tlse           tlse_spots02           acc  72.73 ( +0.17) brier 0.1813 pos 0.493 amp 0.983 n=9072
tlse           tlse_spots05           acc  71.15 ( -1.41) brier 0.1872 pos 0.441 amp 0.958 n=9072
tlse           tlse_spots10           acc  69.40 ( -3.16) brier 0.2066 pos 0.366 amp 0.943 n=9072
tlse           tlse_spots20           acc  63.00 ( -9.57) brier 0.2635 pos 0.232 amp 1.050 n=9072
white noise    snr12                  acc  72.39 ( -0.18) brier 0.1813 pos 0.519 amp 1.000 n=9072
white noise    snr10                  acc  71.76 ( -0.80) brier 0.1866 pos 0.524 amp 1.000 n=9072
white noise    snr8                   acc  71.03 ( -1.53) brier 0.1890 pos 0.506 amp 1.000 n=9072
white noise    snr5                   acc  69.08 ( -3.48) brier 0.2015 pos 0.472 amp 1.000 n=9072
correlated noise snr12                  acc  71.92 ( -0.64) brier 0.1838 pos 0.520 amp 1.000 n=9072
correlated noise snr10                  acc  71.58 ( -0.98) brier 0.1889 pos 0.519 amp 1.000 n=9072
correlated noise snr8                   acc  69.72 ( -2.84) brier 0.2003 pos 0.503 amp 1.000 n=9072
correlated noise snr5                   acc  66.19 ( -6.37) brier 0.2243 pos 0.460 amp 1.000 n=9072
gain ramp      x0.25                  acc  72.65 ( +0.09) brier 0.1804 pos 0.528 amp 1.003 n=9072
gain ramp      x0.5                   acc  72.09 ( -0.47) brier 0.1830 pos 0.530 amp 1.005 n=9072
gain ramp      x1.0                   acc  71.64 ( -0.93) brier 0.1862 pos 0.526 amp 1.006 n=9072
gain ramp      x2.0                   acc  70.60 ( -1.96) brier 0.1931 pos 0.522 amp 1.037 n=9072
baseline offset x0.25                  acc  72.60 ( +0.03) brier 0.1806 pos 0.528 amp 1.000 n=9072
baseline offset x0.5                   acc  72.03 ( -0.53) brier 0.1821 pos 0.529 amp 1.000 n=9072
baseline offset x1.0                   acc  71.88 ( -0.68) brier 0.1837 pos 0.533 amp 1.000 n=9072
baseline offset x2.0                   acc  72.53 ( -0.03) brier 0.1808 pos 0.533 amp 1.000 n=9072
absolute noise 20 ppm                 acc  72.96 ( +0.40) brier 0.1835 pos 0.531 amp 1.000 n=9072
absolute noise 50 ppm                 acc  72.26 ( -0.31) brier 0.1858 pos 0.523 amp 1.000 n=9072
absolute noise 100 ppm                acc  71.96 ( -0.61) brier 0.1906 pos 0.498 amp 1.000 n=9072
absolute noise 200 ppm                acc  70.80 ( -1.76) brier 0.1978 pos 0.463 amp 1.000 n=9072
noise colouring white snr15            acc  72.52 ( -0.04) brier 0.1804 pos 0.535 amp 1.000 n=9072
noise colouring ariel snr15            acc  72.54 ( -0.02) brier 0.1799 pos 0.535 amp 1.000 n=9072
noise colouring white snr10            acc  71.72 ( -0.85) brier 0.1861 pos 0.516 amp 1.000 n=9072
noise colouring ariel snr10            acc  71.76 ( -0.80) brier 0.1855 pos 0.521 amp 1.000 n=9072
noise colouring white snr7             acc  70.86 ( -1.71) brier 0.1905 pos 0.499 amp 1.000 n=9072
noise colouring ariel snr7             acc  71.20 ( -1.37) brier 0.1884 pos 0.498 amp 1.000 n=9072
noise colouring white snr5             acc  69.49 ( -3.08) brier 0.2003 pos 0.470 amp 1.000 n=9072
noise colouring ariel snr5             acc  69.79 ( -2.78) brier 0.1966 pos 0.465 amp 1.000 n=9072

