cloud          cloud_1e1Pa            acc  54.13 (-26.57) brier 0.2518 pos 0.751 amp 0.042 n=9072
cloud          cloud_1e2Pa            acc  66.05 (-14.65) brier 0.2168 pos 0.562 amp 0.373 n=9072
cloud          cloud_1e3Pa            acc  73.73 ( -6.97) brier 0.1882 pos 0.502 amp 0.666 n=9072
cloud          cloud_1e4Pa            acc  78.52 ( -2.18) brier 0.1676 pos 0.491 amp 0.870 n=9072
cloud          cloud_1e5Pa            acc  80.28 ( -0.42) brier 0.1576 pos 0.506 amp 0.968 n=9072
exomol         exomol                 acc  78.67 ( -2.03) brier 0.1733 pos 0.563 amp 0.920 n=9072
exomol         exomol_o3              acc  70.91 ( -9.79) brier 0.1944 pos 0.406 amp 0.864 n=9072
exotransmit    exotransmit            acc  77.95 ( -2.74) brier 0.1659 pos 0.500 amp 0.888 n=9072
haze           haze_1p0e10            acc  68.28 (-12.42) brier 0.2167 pos 0.505 amp 0.366 n=9071
haze           haze_2p0e5             acc  80.38 ( -0.32) brier 0.1557 pos 0.515 amp 0.991 n=9072
haze           haze_2p0e6             acc  79.55 ( -1.15) brier 0.1590 pos 0.525 amp 0.918 n=9071
haze           haze_2p4e8             acc  74.63 ( -6.07) brier 0.1849 pos 0.411 amp 0.604 n=9071
haze           haze_3p0e7             acc  77.36 ( -3.34) brier 0.1690 pos 0.485 amp 0.764 n=9071
tlse           tlse_fac05             acc  80.20 ( -0.50) brier 0.1582 pos 0.521 amp 1.020 n=9072
tlse           tlse_fac10             acc  79.45 ( -1.25) brier 0.1613 pos 0.536 amp 1.038 n=9072
tlse           tlse_mixed             acc  76.88 ( -3.81) brier 0.1691 pos 0.443 amp 0.951 n=9072
tlse           tlse_spots02           acc  80.32 ( -0.37) brier 0.1571 pos 0.492 amp 0.983 n=9072
tlse           tlse_spots05           acc  78.87 ( -1.83) brier 0.1618 pos 0.468 amp 0.958 n=9072
tlse           tlse_spots10           acc  76.30 ( -4.40) brier 0.1709 pos 0.438 amp 0.943 n=9072
tlse           tlse_spots20           acc  71.74 ( -8.96) brier 0.1877 pos 0.410 amp 1.050 n=9072
white noise    snr12                  acc  79.39 ( -1.31) brier 0.1625 pos 0.516 amp 1.000 n=9072
white noise    snr10                  acc  78.25 ( -2.45) brier 0.1697 pos 0.530 amp 1.000 n=9072
white noise    snr8                   acc  76.76 ( -3.94) brier 0.1774 pos 0.542 amp 1.000 n=9072
white noise    snr5                   acc  72.70 ( -8.00) brier 0.1961 pos 0.558 amp 1.000 n=9072
correlated noise snr12                  acc  77.57 ( -3.13) brier 0.1679 pos 0.503 amp 1.000 n=9072
correlated noise snr10                  acc  76.64 ( -4.06) brier 0.1771 pos 0.497 amp 1.000 n=9072
correlated noise snr8                   acc  73.34 ( -7.36) brier 0.1877 pos 0.497 amp 1.000 n=9072
correlated noise snr5                   acc  68.17 (-12.53) brier 0.2093 pos 0.483 amp 1.000 n=9072
gain ramp      x0.25                  acc  80.63 ( -0.07) brier 0.1559 pos 0.511 amp 1.003 n=9072
gain ramp      x0.5                   acc  79.98 ( -0.72) brier 0.1572 pos 0.507 amp 1.005 n=9072
gain ramp      x1.0                   acc  79.60 ( -1.10) brier 0.1604 pos 0.508 amp 1.006 n=9072
gain ramp      x2.0                   acc  77.93 ( -2.77) brier 0.1681 pos 0.503 amp 1.037 n=9072
baseline offset x0.25                  acc  80.70 ( +0.00) brier 0.1558 pos 0.509 amp 1.000 n=9072
baseline offset x0.5                   acc  80.70 ( +0.00) brier 0.1558 pos 0.510 amp 1.000 n=9072
baseline offset x1.0                   acc  80.63 ( -0.07) brier 0.1558 pos 0.510 amp 1.000 n=9072
baseline offset x2.0                   acc  80.57 ( -0.13) brier 0.1558 pos 0.510 amp 1.000 n=9072
absolute noise 20 ppm                 acc  79.92 ( -0.78) brier 0.1427 pos 0.493 amp 1.000 n=9072
absolute noise 50 ppm                 acc  77.94 ( -2.76) brier 0.1520 pos 0.498 amp 1.000 n=9072
absolute noise 100 ppm                acc  76.77 ( -3.92) brier 0.1600 pos 0.510 amp 1.000 n=9072
absolute noise 200 ppm                acc  74.76 ( -5.94) brier 0.1701 pos 0.512 amp 1.000 n=9072
noise colouring white snr15            acc  80.62 ( -0.08) brier 0.1537 pos 0.506 amp 1.000 n=9072
noise colouring ariel snr15            acc  80.58 ( -0.12) brier 0.1554 pos 0.509 amp 1.000 n=9072
noise colouring white snr10            acc  78.64 ( -2.06) brier 0.1682 pos 0.529 amp 1.000 n=9072
noise colouring ariel snr10            acc  78.25 ( -2.45) brier 0.1700 pos 0.529 amp 1.000 n=9072
noise colouring white snr7             acc  75.78 ( -4.92) brier 0.1834 pos 0.552 amp 1.000 n=9072
noise colouring ariel snr7             acc  75.46 ( -5.24) brier 0.1855 pos 0.548 amp 1.000 n=9072
noise colouring white snr5             acc  72.46 ( -8.23) brier 0.1957 pos 0.559 amp 1.000 n=9072
noise colouring ariel snr5             acc  72.33 ( -8.37) brier 0.1972 pos 0.555 amp 1.000 n=9072

