Loading MultiREx version 0.3.1
pooled test planets: 2697;  sample: 25 pos + 25 neg (seed 42);  npoints=100;  ERR=1.0e-04
[1/50] pool#115 true=1 11.2min | CH4 -5.00->-5.00 | O3 -6.89->-6.89 | ret=1 P+=1.00
[2/50] pool#118 true=1 27.7min | CH4 -3.60->-3.60 | O3 -3.02->-3.02 | ret=1 P+=1.00
[3/50] pool#126 true=1 8.7min | CH4 -3.49->-3.46 | O3 -6.09->-5.99 | ret=1 P+=0.98
[4/50] pool#172 true=1 2.2min | CH4 -4.23->-3.96 | O3 -6.07->-6.13 | ret=1 P+=0.49
[5/50] pool#247 true=1 7.9min | CH4 -5.93->-5.97 | O3 -2.79->-2.71 | ret=1 P+=0.52
[6/50] pool#540 true=1 55.6min | CH4 -5.00->-5.00 | O3 -1.85->-1.85 | ret=1 P+=1.00
[7/50] pool#772 true=1 0.9min | CH4 -3.36->-6.73 | O3 -6.67->-7.02 | ret=0 P+=0.23  FLIP
/home/owenhyang/tfenv/lib/python3.10/site-packages/taurex/model/transmission.py:114: RuntimeWarning: overflow encountered in square
  (planet_radius + dz[0] / 2 + z[layer + 1 :] + dz[layer + 1 :] / 2) ** 2
/home/owenhyang/tfenv/lib/python3.10/site-packages/taurex/model/transmission.py:119: RuntimeWarning: overflow encountered in square
  (
/home/owenhyang/tfenv/lib/python3.10/site-packages/taurex/model/transmission.py:118: RuntimeWarning: invalid value encountered in subtract
  k[1:] -= np.sqrt(
/home/owenhyang/tfenv/lib/python3.10/site-packages/taurex/model/transmission.py:110: RuntimeWarning: overflow encountered in scalar power
  (planet_radius + dz[0] / 2.0 + z[layer] + dz[layer] / 2.0) ** 2 - p
/home/owenhyang/tfenv/lib/python3.10/site-packages/taurex/model/transmission.py:107: RuntimeWarning: overflow encountered in scalar power
  p = (planet_radius + dz[0] / 2 + z[layer]) ** 2
/home/owenhyang/tfenv/lib/python3.10/site-packages/taurex/model/transmission.py:110: RuntimeWarning: invalid value encountered in scalar subtract
  (planet_radius + dz[0] / 2.0 + z[layer] + dz[layer] / 2.0) ** 2 - p
/home/owenhyang/tfenv/lib/python3.10/site-packages/taurex/model/transmission.py:114: RuntimeWarning: invalid value encountered in subtract
  (planet_radius + dz[0] / 2 + z[layer + 1 :] + dz[layer + 1 :] / 2) ** 2
/home/owenhyang/tfenv/lib/python3.10/site-packages/taurex/model/transmission.py:119: RuntimeWarning: invalid value encountered in subtract
  (
[8/50] pool#1114 true=1 62.6min | CH4 -3.13->-3.13 | O3 -5.31->-5.31 | ret=1 P+=1.00
[9/50] pool#1122 true=1 10.7min | CH4 -5.14->-5.14 | O3 -5.60->-5.61 | ret=1 P+=1.00
[10/50] pool#1144 true=1 11.5min | CH4 -3.51->-3.51 | O3 -5.72->-5.72 | ret=1 P+=1.00
/mnt/c/Users/owenh/BioSignatureDetectionModel/retrieve_labels_balanced.py:82: RuntimeWarning: overflow encountered in square
  ll = -0.5 * np.sum(((obs - model) / ERR) ** 2)
[11/50] pool#1212 true=1 58.6min | CH4 -5.42->-9.66 | O3 -1.21->-1.23 | ret=0 P+=0.00  FLIP
[12/50] pool#1228 true=1 22.9min | CH4 -4.89->-4.89 | O3 -1.20->-1.21 | ret=1 P+=1.00
[13/50] pool#1243 true=1 23.1min | CH4 -5.38->-5.38 | O3 -5.95->-5.95 | ret=1 P+=1.00
[14/50] pool#1680 true=1 12.5min | CH4 -4.13->-4.98 | O3 -2.98->-3.07 | ret=1 P+=0.63
[15/50] pool#1741 true=1 8.7min | CH4 -5.57->-5.57 | O3 -4.66->-4.66 | ret=1 P+=1.00
[16/50] pool#1773 true=1 21.2min | CH4 -4.98->-4.98 | O3 -6.72->-6.72 | ret=1 P+=1.00
[17/50] pool#1796 true=1 3.9min | CH4 -5.01->-4.79 | O3 -5.96->-5.47 | ret=1 P+=0.71
[18/50] pool#1831 true=1 24.3min | CH4 -4.07->-4.06 | O3 -1.44->-1.44 | ret=1 P+=1.00
[19/50] pool#1839 true=1 14.3min | CH4 -5.91->-5.91 | O3 -1.43->-1.41 | ret=1 P+=0.62
[20/50] pool#1866 true=1 18.5min | CH4 -5.15->-5.14 | O3 -5.98->-5.92 | ret=1 P+=1.00
[21/50] pool#1867 true=1 8.9min | CH4 -5.47->-5.47 | O3 -6.06->-6.04 | ret=1 P+=1.00
[22/50] pool#2204 true=1 18.2min | CH4 -5.15->-5.14 | O3 -1.24->-1.24 | ret=1 P+=1.00
[23/50] pool#2218 true=1 3.3min | CH4 -5.59->-7.66 | O3 -6.23->-6.25 | ret=0 P+=0.20  FLIP
[24/50] pool#2326 true=1 48.2min | CH4 -3.25->-3.25 | O3 -1.66->-1.66 | ret=1 P+=1.00
[25/50] pool#2381 true=1 11.0min | CH4 -3.05->-3.04 | O3 -6.05->-6.00 | ret=1 P+=1.00
[26/50] pool#326 true=0 15.9min | CH4 -4.49->-4.49 | O3 -8.47->-8.47 | ret=0 P+=0.00
[27/50] pool#370 true=0 6.7min | CH4 -7.28->-8.80 | O3 -3.93->-3.70 | ret=0 P+=0.01
[28/50] pool#443 true=0 1.3min | CH4 -6.07->-7.29 | O3 -4.44->-7.23 | ret=0 P+=0.19
[29/50] pool#473 true=0 17.6min | CH4 -6.07->-6.07 | O3 -7.85->-7.85 | ret=0 P+=0.00
[30/50] pool#522 true=0 4.8min | CH4 -8.30->-8.49 | O3 -9.11->-9.39 | ret=0 P+=0.00
[31/50] pool#525 true=0 2.5min | CH4 -7.78->-8.52 | O3 -9.80->-9.13 | ret=0 P+=0.06
[32/50] pool#970 true=0 1.3min | CH4 -7.75->-7.14 | O3 -1.70->-6.05 | ret=0 P+=0.26
[33/50] pool#1016 true=0 35.2min | CH4 -6.92->-6.92 | O3 -7.95->-7.95 | ret=0 P+=0.00
[34/50] pool#1024 true=0 1.5min | CH4 -8.44->-7.88 | O3 -9.89->-7.79 | ret=0 P+=0.13
[35/50] pool#1031 true=0 0.8min | CH4 -8.41->-6.93 | O3 -8.28->-6.63 | ret=0 P+=0.23
[36/50] pool#1359 true=0 14.8min | CH4 -4.81->-4.81 | O3 -9.88->-10.58 | ret=0 P+=0.00
[37/50] pool#1429 true=0 17.8min | CH4 -4.33->-4.33 | O3 -8.98->-9.98 | ret=0 P+=0.00
[38/50] pool#1432 true=0 15.8min | CH4 -5.86->-5.86 | O3 -7.26->-7.26 | ret=0 P+=0.00
[39/50] pool#1440 true=0 17.7min | CH4 -6.88->-8.96 | O3 -2.03->-2.02 | ret=0 P+=0.00
[40/50] pool#1470 true=0 2.5min | CH4 -6.39->-7.61 | O3 -4.51->-6.73 | ret=0 P+=0.16
[41/50] pool#1536 true=0 26.3min | CH4 -8.12->-8.12 | O3 -8.03->-8.03 | ret=0 P+=0.00
[42/50] pool#1992 true=0 59.7min | CH4 -7.08->-8.48 | O3 -2.83->-2.83 | ret=0 P+=0.13
[43/50] pool#2071 true=0 24.9min | CH4 -6.94->-6.93 | O3 -8.52->-8.89 | ret=0 P+=0.00
[44/50] pool#2076 true=0 7.7min | CH4 -8.05->-9.52 | O3 -9.61->-10.26 | ret=0 P+=0.00
[45/50] pool#2087 true=0 16.0min | CH4 -6.72->-6.73 | O3 -9.42->-9.55 | ret=0 P+=0.00
[46/50] pool#2111 true=0 1.8min | CH4 -8.21->-8.32 | O3 -9.36->-7.66 | ret=0 P+=0.12
[47/50] pool#2150 true=0 8.4min | CH4 -6.12->-8.40 | O3 -7.21->-8.43 | ret=0 P+=0.03
[48/50] pool#2564 true=0 18.9min | CH4 -6.31->-6.32 | O3 -3.83->-3.83 | ret=0 P+=0.00
[49/50] pool#2581 true=0 462.7min | CH4 -7.44->-7.44 | O3 -3.52->-3.52 | ret=0 P+=0.00
[50/50] pool#2643 true=0 20.6min | CH4 -7.18->-9.18 | O3 -7.03->-7.03 | ret=0 P+=0.00

=== 50 planets, npoints=100, total 1300 min ===
retrieval label vs truth: 94% agree (3 flips)
  positives (recall):    88%
  negatives (specificity): 100%
Wrote final_results/H2_retrieval_balanced.csv
