/home/owenhyang/tfenv/lib/python3.10/site-packages/sklearn/neural_network/_multilayer_perceptron.py:781: ConvergenceWarning: Stochastic Optimizer: Maximum iterations (200) reached and the optimization hasn't converged yet.
  warnings.warn(
/home/owenhyang/tfenv/lib/python3.10/site-packages/sklearn/neural_network/_multilayer_perceptron.py:781: ConvergenceWarning: Stochastic Optimizer: Maximum iterations (200) reached and the optimization hasn't converged yet.
  warnings.warn(
/home/owenhyang/tfenv/lib/python3.10/site-packages/sklearn/neural_network/_multilayer_perceptron.py:781: ConvergenceWarning: Stochastic Optimizer: Maximum iterations (200) reached and the optimization hasn't converged yet.
  warnings.warn(
/home/owenhyang/tfenv/lib/python3.10/site-packages/sklearn/neural_network/_multilayer_perceptron.py:781: ConvergenceWarning: Stochastic Optimizer: Maximum iterations (200) reached and the optimization hasn't converged yet.
  warnings.warn(
/home/owenhyang/tfenv/lib/python3.10/site-packages/sklearn/neural_network/_multilayer_perceptron.py:781: ConvergenceWarning: Stochastic Optimizer: Maximum iterations (200) reached and the optimization hasn't converged yet.
  warnings.warn(
/home/owenhyang/tfenv/lib/python3.10/site-packages/sklearn/neural_network/_multilayer_perceptron.py:781: ConvergenceWarning: Stochastic Optimizer: Maximum iterations (200) reached and the optimization hasn't converged yet.
  warnings.warn(
/home/owenhyang/tfenv/lib/python3.10/site-packages/sklearn/neural_network/_multilayer_perceptron.py:781: ConvergenceWarning: Stochastic Optimizer: Maximum iterations (200) reached and the optimization hasn't converged yet.
  warnings.warn(
Loading MultiREx version 0.3.1
frozen done 86 s
/home/owenhyang/tfenv/lib/python3.10/site-packages/sklearn/neural_network/_multilayer_perceptron.py:781: ConvergenceWarning: Stochastic Optimizer: Maximum iterations (200) reached and the optimization hasn't converged yet.
  warnings.warn(
/home/owenhyang/tfenv/lib/python3.10/site-packages/sklearn/neural_network/_multilayer_perceptron.py:781: ConvergenceWarning: Stochastic Optimizer: Maximum iterations (200) reached and the optimization hasn't converged yet.
  warnings.warn(
/home/owenhyang/tfenv/lib/python3.10/site-packages/sklearn/neural_network/_multilayer_perceptron.py:781: ConvergenceWarning: Stochastic Optimizer: Maximum iterations (200) reached and the optimization hasn't converged yet.
  warnings.warn(
ceiling haze3e7 100 s
/home/owenhyang/tfenv/lib/python3.10/site-packages/sklearn/neural_network/_multilayer_perceptron.py:781: ConvergenceWarning: Stochastic Optimizer: Maximum iterations (200) reached and the optimization hasn't converged yet.
  warnings.warn(
/home/owenhyang/tfenv/lib/python3.10/site-packages/sklearn/neural_network/_multilayer_perceptron.py:781: ConvergenceWarning: Stochastic Optimizer: Maximum iterations (200) reached and the optimization hasn't converged yet.
  warnings.warn(
/home/owenhyang/tfenv/lib/python3.10/site-packages/sklearn/neural_network/_multilayer_perceptron.py:781: ConvergenceWarning: Stochastic Optimizer: Maximum iterations (200) reached and the optimization hasn't converged yet.
  warnings.warn(
ceiling cloud1e2 113 s
/home/owenhyang/tfenv/lib/python3.10/site-packages/sklearn/neural_network/_multilayer_perceptron.py:781: ConvergenceWarning: Stochastic Optimizer: Maximum iterations (200) reached and the optimization hasn't converged yet.
  warnings.warn(
/home/owenhyang/tfenv/lib/python3.10/site-packages/sklearn/neural_network/_multilayer_perceptron.py:781: ConvergenceWarning: Stochastic Optimizer: Maximum iterations (200) reached and the optimization hasn't converged yet.
  warnings.warn(
/home/owenhyang/tfenv/lib/python3.10/site-packages/sklearn/neural_network/_multilayer_perceptron.py:781: ConvergenceWarning: Stochastic Optimizer: Maximum iterations (200) reached and the optimization hasn't converged yet.
  warnings.warn(
/home/owenhyang/tfenv/lib/python3.10/site-packages/sklearn/neural_network/_multilayer_perceptron.py:781: ConvergenceWarning: Stochastic Optimizer: Maximum iterations (200) reached and the optimization hasn't converged yet.
  warnings.warn(
ceiling spots10 128 s
/home/owenhyang/tfenv/lib/python3.10/site-packages/sklearn/neural_network/_multilayer_perceptron.py:781: ConvergenceWarning: Stochastic Optimizer: Maximum iterations (200) reached and the optimization hasn't converged yet.
  warnings.warn(
/home/owenhyang/tfenv/lib/python3.10/site-packages/sklearn/neural_network/_multilayer_perceptron.py:781: ConvergenceWarning: Stochastic Optimizer: Maximum iterations (200) reached and the optimization hasn't converged yet.
  warnings.warn(
/home/owenhyang/tfenv/lib/python3.10/site-packages/sklearn/neural_network/_multilayer_perceptron.py:781: ConvergenceWarning: Stochastic Optimizer: Maximum iterations (200) reached and the optimization hasn't converged yet.
  warnings.warn(
/home/owenhyang/tfenv/lib/python3.10/site-packages/sklearn/neural_network/_multilayer_perceptron.py:781: ConvergenceWarning: Stochastic Optimizer: Maximum iterations (200) reached and the optimization hasn't converged yet.
  warnings.warn(
ceiling spots20 143 s
/home/owenhyang/tfenv/lib/python3.10/site-packages/sklearn/neural_network/_multilayer_perceptron.py:781: ConvergenceWarning: Stochastic Optimizer: Maximum iterations (200) reached and the optimization hasn't converged yet.
  warnings.warn(
/home/owenhyang/tfenv/lib/python3.10/site-packages/sklearn/neural_network/_multilayer_perceptron.py:781: ConvergenceWarning: Stochastic Optimizer: Maximum iterations (200) reached and the optimization hasn't converged yet.
  warnings.warn(
/home/owenhyang/tfenv/lib/python3.10/site-packages/sklearn/neural_network/_multilayer_perceptron.py:781: ConvergenceWarning: Stochastic Optimizer: Maximum iterations (200) reached and the optimization hasn't converged yet.
  warnings.warn(
ceiling compound 158 s
/home/owenhyang/tfenv/lib/python3.10/site-packages/sklearn/neural_network/_multilayer_perceptron.py:781: ConvergenceWarning: Stochastic Optimizer: Maximum iterations (200) reached and the optimization hasn't converged yet.
  warnings.warn(
ceiling white_x2 171 s
/home/owenhyang/tfenv/lib/python3.10/site-packages/sklearn/neural_network/_multilayer_perceptron.py:781: ConvergenceWarning: Stochastic Optimizer: Maximum iterations (200) reached and the optimization hasn't converged yet.
  warnings.warn(
/home/owenhyang/tfenv/lib/python3.10/site-packages/sklearn/neural_network/_multilayer_perceptron.py:781: ConvergenceWarning: Stochastic Optimizer: Maximum iterations (200) reached and the optimization hasn't converged yet.
  warnings.warn(
ceiling white_x3 187 s
/home/owenhyang/tfenv/lib/python3.10/site-packages/sklearn/neural_network/_multilayer_perceptron.py:781: ConvergenceWarning: Stochastic Optimizer: Maximum iterations (200) reached and the optimization hasn't converged yet.
  warnings.warn(
/home/owenhyang/tfenv/lib/python3.10/site-packages/sklearn/neural_network/_multilayer_perceptron.py:781: ConvergenceWarning: Stochastic Optimizer: Maximum iterations (200) reached and the optimization hasn't converged yet.
  warnings.warn(
/home/owenhyang/tfenv/lib/python3.10/site-packages/sklearn/neural_network/_multilayer_perceptron.py:781: ConvergenceWarning: Stochastic Optimizer: Maximum iterations (200) reached and the optimization hasn't converged yet.
  warnings.warn(
/home/owenhyang/tfenv/lib/python3.10/site-packages/sklearn/neural_network/_multilayer_perceptron.py:781: ConvergenceWarning: Stochastic Optimizer: Maximum iterations (200) reached and the optimization hasn't converged yet.
  warnings.warn(
ceiling corr_x2 201 s
/home/owenhyang/tfenv/lib/python3.10/site-packages/sklearn/neural_network/_multilayer_perceptron.py:781: ConvergenceWarning: Stochastic Optimizer: Maximum iterations (200) reached and the optimization hasn't converged yet.
  warnings.warn(
/home/owenhyang/tfenv/lib/python3.10/site-packages/sklearn/neural_network/_multilayer_perceptron.py:781: ConvergenceWarning: Stochastic Optimizer: Maximum iterations (200) reached and the optimization hasn't converged yet.
  warnings.warn(
/home/owenhyang/tfenv/lib/python3.10/site-packages/sklearn/neural_network/_multilayer_perceptron.py:781: ConvergenceWarning: Stochastic Optimizer: Maximum iterations (200) reached and the optimization hasn't converged yet.
  warnings.warn(
/home/owenhyang/tfenv/lib/python3.10/site-packages/sklearn/neural_network/_multilayer_perceptron.py:781: ConvergenceWarning: Stochastic Optimizer: Maximum iterations (200) reached and the optimization hasn't converged yet.
  warnings.warn(
ceiling corr_x3 215 s
/home/owenhyang/tfenv/lib/python3.10/site-packages/sklearn/neural_network/_multilayer_perceptron.py:781: ConvergenceWarning: Stochastic Optimizer: Maximum iterations (200) reached and the optimization hasn't converged yet.
  warnings.warn(
/home/owenhyang/tfenv/lib/python3.10/site-packages/sklearn/neural_network/_multilayer_perceptron.py:781: ConvergenceWarning: Stochastic Optimizer: Maximum iterations (200) reached and the optimization hasn't converged yet.
  warnings.warn(
/home/owenhyang/tfenv/lib/python3.10/site-packages/sklearn/neural_network/_multilayer_perceptron.py:781: ConvergenceWarning: Stochastic Optimizer: Maximum iterations (200) reached and the optimization hasn't converged yet.
  warnings.warn(
/home/owenhyang/tfenv/lib/python3.10/site-packages/sklearn/neural_network/_multilayer_perceptron.py:781: ConvergenceWarning: Stochastic Optimizer: Maximum iterations (200) reached and the optimization hasn't converged yet.
  warnings.warn(
ceiling ramp_x2 229 s
/home/owenhyang/tfenv/lib/python3.10/site-packages/sklearn/neural_network/_multilayer_perceptron.py:781: ConvergenceWarning: Stochastic Optimizer: Maximum iterations (200) reached and the optimization hasn't converged yet.
  warnings.warn(
ceiling exomol 242 s
ceiling exotransmit 254 s
ceiling absorbers 268 s
/home/owenhyang/tfenv/lib/python3.10/site-packages/sklearn/neural_network/_multilayer_perceptron.py:781: ConvergenceWarning: Stochastic Optimizer: Maximum iterations (200) reached and the optimization hasn't converged yet.
  warnings.warn(
/home/owenhyang/tfenv/lib/python3.10/site-packages/sklearn/neural_network/_multilayer_perceptron.py:781: ConvergenceWarning: Stochastic Optimizer: Maximum iterations (200) reached and the optimization hasn't converged yet.
  warnings.warn(
/home/owenhyang/tfenv/lib/python3.10/site-packages/sklearn/neural_network/_multilayer_perceptron.py:781: ConvergenceWarning: Stochastic Optimizer: Maximum iterations (200) reached and the optimization hasn't converged yet.
  warnings.warn(
randomized full 297 s
/home/owenhyang/tfenv/lib/python3.10/site-packages/sklearn/neural_network/_multilayer_perceptron.py:781: ConvergenceWarning: Stochastic Optimizer: Maximum iterations (200) reached and the optimization hasn't converged yet.
  warnings.warn(
/home/owenhyang/tfenv/lib/python3.10/site-packages/sklearn/neural_network/_multilayer_perceptron.py:781: ConvergenceWarning: Stochastic Optimizer: Maximum iterations (200) reached and the optimization hasn't converged yet.
  warnings.warn(
randomized no_haze 326 s
/home/owenhyang/tfenv/lib/python3.10/site-packages/sklearn/neural_network/_multilayer_perceptron.py:781: ConvergenceWarning: Stochastic Optimizer: Maximum iterations (200) reached and the optimization hasn't converged yet.
  warnings.warn(
/home/owenhyang/tfenv/lib/python3.10/site-packages/sklearn/neural_network/_multilayer_perceptron.py:781: ConvergenceWarning: Stochastic Optimizer: Maximum iterations (200) reached and the optimization hasn't converged yet.
  warnings.warn(
/home/owenhyang/tfenv/lib/python3.10/site-packages/sklearn/neural_network/_multilayer_perceptron.py:781: ConvergenceWarning: Stochastic Optimizer: Maximum iterations (200) reached and the optimization hasn't converged yet.
  warnings.warn(
randomized no_spots 359 s
/home/owenhyang/tfenv/lib/python3.10/site-packages/sklearn/neural_network/_multilayer_perceptron.py:781: ConvergenceWarning: Stochastic Optimizer: Maximum iterations (200) reached and the optimization hasn't converged yet.
  warnings.warn(
/home/owenhyang/tfenv/lib/python3.10/site-packages/sklearn/neural_network/_multilayer_perceptron.py:781: ConvergenceWarning: Stochastic Optimizer: Maximum iterations (200) reached and the optimization hasn't converged yet.
  warnings.warn(
/home/owenhyang/tfenv/lib/python3.10/site-packages/sklearn/neural_network/_multilayer_perceptron.py:781: ConvergenceWarning: Stochastic Optimizer: Maximum iterations (200) reached and the optimization hasn't converged yet.
  warnings.warn(
/home/owenhyang/tfenv/lib/python3.10/site-packages/sklearn/neural_network/_multilayer_perceptron.py:781: ConvergenceWarning: Stochastic Optimizer: Maximum iterations (200) reached and the optimization hasn't converged yet.
  warnings.warn(
randomized no_noise 387 s
detection 409 s
The consortium Tier-1 screen under the full trust procedure (train 3809, test 955 planets; abundance > 1e-4;
mean over KNN/MLP/RFC/SVC). Loss = points below the screen's own clean accuracy.

== frozen accuracy and loss by molecule
case           range             CH4             H2O             CO2             NH3  mean loss
clean                   84.2 ( +0.0)    75.2 ( +0.0)    80.4 ( +0.0)    84.5 ( +0.0)        0.0
cloud1e4          in    85.3 ( -1.1)    76.3 ( -1.0)    80.4 ( +0.0)    85.8 ( -1.3)       -0.9
cloud1e3          in    83.6 ( +0.6)    72.3 ( +3.0)    78.0 ( +2.4)    78.8 ( +5.7)        2.9
cloud1e2         OUT    74.9 ( +9.2)    67.2 ( +8.0)    73.3 ( +7.1)    69.8 (+14.7)        9.8
cloud1e1         OUT    68.1 (+16.1)    64.1 (+11.1)    68.7 (+11.8)    64.4 (+20.1)       14.8
haze2e5           in    83.9 ( +0.3)    73.5 ( +1.7)    79.9 ( +0.6)    81.5 ( +3.0)        1.4
haze2e6           in    73.5 (+10.7)    64.4 (+10.8)    70.5 (+10.0)    67.5 (+17.0)       12.1
haze3e7           in    66.3 (+17.9)    62.1 (+13.1)    63.6 (+16.9)    61.6 (+22.9)       17.7
haze2p4e8         in    64.0 (+20.2)    61.9 (+13.3)    61.8 (+18.6)    61.7 (+22.8)       18.7
haze1e10         OUT    61.4 (+22.8)    61.9 (+13.3)    60.1 (+20.4)    60.6 (+23.9)       20.1
absorbers        OUT    83.9 ( +0.3)    75.1 ( +0.1)    80.7 ( -0.2)    84.3 ( +0.2)        0.1
exomol           OUT    82.0 ( +2.1)    72.7 ( +2.5)    75.4 ( +5.1)    82.7 ( +1.8)        2.9
exotransmit      OUT    81.4 ( +2.7)    72.6 ( +2.6)    75.8 ( +4.6)    80.5 ( +4.0)        3.5
spots02           in    83.5 ( +0.7)    74.2 ( +1.0)    79.0 ( +1.5)    81.9 ( +2.6)        1.5
spots05           in    81.4 ( +2.7)    72.7 ( +2.5)    77.1 ( +3.4)    77.7 ( +6.8)        3.8
spots10           in    78.4 ( +5.8)    70.9 ( +4.3)    74.5 ( +6.0)    73.5 (+11.0)        6.8
spots20           in    74.5 ( +9.7)    67.7 ( +7.5)    70.2 (+10.2)    68.9 (+15.6)       10.8
fac10            OUT    83.7 ( +0.4)    74.9 ( +0.3)    80.5 ( -0.1)    83.4 ( +1.2)        0.5
compound          in    64.2 (+19.9)    62.0 (+13.2)    61.4 (+19.0)    61.3 (+23.2)       18.8
white_x1.5        in    78.9 ( +5.3)    71.3 ( +3.9)    73.6 ( +6.8)    77.9 ( +6.6)        5.7
white_x2          in    75.2 ( +9.0)    68.9 ( +6.3)    69.5 (+11.0)    73.7 (+10.8)        9.3
white_x3          in    70.1 (+14.1)    65.4 ( +9.8)    66.1 (+14.3)    68.5 (+16.0)       13.5
corr_x1.5        OUT    75.0 ( +9.2)    69.5 ( +5.7)    71.0 ( +9.4)    74.9 ( +9.6)        8.5
corr_x2          OUT    70.8 (+13.4)    66.9 ( +8.3)    67.1 (+13.4)    69.9 (+14.6)       12.4
corr_x3          OUT    67.1 (+17.1)    64.4 (+10.8)    64.0 (+16.5)    65.6 (+18.9)       15.8
ramp_x1          OUT    80.9 ( +3.3)    70.7 ( +4.5)    78.1 ( +2.3)    81.7 ( +2.8)        3.2
ramp_x2          OUT    72.1 (+12.0)    66.5 ( +8.7)    71.6 ( +8.8)    74.7 ( +9.8)        9.8

== ceilings: the same design retrained at the test condition (mean over molecules)
case            frozen  ceiling   loss irreducible reducible %
haze3e7           63.4     78.8   17.7         2.3          87
cloud1e2          71.3     78.5    9.8         2.6          73
spots10           74.3     78.8    6.8         2.3          66
spots20           70.3     77.3   10.8         3.7          65
compound          62.2     77.4   18.8         3.7          80
white_x2          71.8     73.8    9.3         7.3          21
white_x3          67.5     69.3   13.5        11.8          13
corr_x2           68.7     70.9   12.4        10.2          18
corr_x3           65.2     67.5   15.8        13.5          14
ramp_x2           71.2     79.5    9.8         1.6          84
exomol            78.2     80.1    2.9         1.0          66
exotransmit       77.6     78.3    3.5         2.8          19
absorbers         81.0     81.5    0.1        -0.4         nan

== randomized grid (haze 60 %, spots 70 %, noise x1-3) and held-out variants (mean over molecules and classifiers)
case           range  frozen    full  no_haze no_spots no_noise  ceiling
clean                   81.1    79.3     80.5     79.1     79.5        -
cloud1e4          in    82.0    79.7     80.8     79.8     80.1        -
cloud1e3          in    78.2    78.4     79.3     78.4     78.0        -
cloud1e2         OUT    71.3    74.9     75.0     74.8     73.6     78.5
cloud1e1         OUT    66.3    69.4     68.9     69.2     68.0        -
haze2e5           in    79.7    78.9     80.1     79.1     79.2        -
haze2e6           in    69.0    77.1     75.3     76.9     76.9        -
haze3e7           in    63.4    74.3     69.3     74.1     73.9     78.8
haze2p4e8         in    62.3    70.6     66.1     70.4     71.1        -
haze1e10         OUT    61.0    61.7     58.6     61.9     60.3        -
absorbers        OUT    81.0    79.1     80.5     79.1     79.2     81.5
exomol           OUT    78.2    77.0     78.4     77.1     76.4     80.1
exotransmit      OUT    77.6    76.7     78.0     76.6     76.4     78.3
spots02           in    79.6    79.1     80.1     78.9     79.2        -
spots05           in    77.3    78.3     79.3     78.2     78.6        -
spots10           in    74.3    77.6     78.0     77.1     77.7     78.8
spots20           in    70.3    76.1     75.8     75.6     76.6     77.3
fac10            OUT    80.6    78.7     79.5     78.9     79.3        -
compound          in    62.2    73.2     68.2     72.1     73.1     77.4
white_x1.5        in    75.4    75.8     76.5     75.9     74.6        -
white_x2          in    71.8    72.8     73.4     72.7     71.2     73.8
white_x3          in    67.5    68.5     68.7     68.3     67.4     69.3
corr_x1.5        OUT    72.6    71.3     72.5     71.4     71.5        -
corr_x2          OUT    68.7    67.9     68.6     68.0     67.7     70.9
corr_x3          OUT    65.2    64.1     65.0     64.4     64.1     67.5
ramp_x1          OUT    77.9    75.9     76.8     75.7     76.6        -
ramp_x2          OUT    71.2    69.4     70.5     69.3     71.5     79.5
clean cost of randomization: 81.1 -> 79.3
randomized share of the single-axis ceiling (in-range): haze3e7 71 %, spots10 75 %, spots20 82 %, compound 72 %, white_x2 49 %, white_x3 55 %
held-out haze  : frozen 68.6, without the ingredient 72.7, full 75.2; transfer 62 %  (4 cases)
held-out spots : frozen 75.4, without the ingredient 77.4, full 77.8; transfer 85 %  (4 cases)
held-out white : frozen 71.6, without the ingredient 71.0, full 72.4; transfer -71 %  (3 cases)

== decline rules on the frozen screen (thresholds decline 10 % of clean planets; mean over molecules and classifiers)
-- margin
   clean        keep  92.6 %  accepted  83.2 %  credit   +0.0  AUROC(error) 0.756  AUROC(shift) nan
   cloud1e3     keep  92.8 %  accepted  80.0 %  credit   -3.3  AUROC(error) 0.735  AUROC(shift) 0.481
   cloud1e2     keep  94.3 %  accepted  72.8 %  credit  -10.0  AUROC(error) 0.717  AUROC(shift) 0.460
   haze3e7      keep  99.1 %  accepted  63.7 %  credit  -17.8  AUROC(error) 0.703  AUROC(shift) 0.206
   haze2p4e8    keep  98.8 %  accepted  62.6 %  credit  -18.9  AUROC(error) 0.654  AUROC(shift) 0.314
   spots20      keep  96.4 %  accepted  71.2 %  credit  -11.0  AUROC(error) 0.667  AUROC(shift) 0.332
   compound     keep  99.5 %  accepted  62.4 %  credit  -18.9  AUROC(error) 0.637  AUROC(shift) 0.198
   white_x3     keep  94.6 %  accepted  68.7 %  credit  -14.0  AUROC(error) 0.669  AUROC(shift) 0.504
   corr_x3      keep  93.9 %  accepted  66.3 %  credit  -16.7  AUROC(error) 0.597  AUROC(shift) 0.441
   exomol       keep  90.9 %  accepted  80.9 %  credit   -3.0  AUROC(error) 0.744  AUROC(shift) 0.526
   exotransmit  keep  91.4 %  accepted  79.9 %  credit   -3.7  AUROC(error) 0.733  AUROC(shift) 0.528
   absorbers    keep  92.5 %  accepted  83.3 %  credit   -0.1  AUROC(error) 0.756  AUROC(shift) 0.505
-- ensemble
   clean        keep  89.9 %  accepted  83.9 %  credit   +0.0  AUROC(error) 0.744  AUROC(shift) nan
   cloud1e3     keep  90.0 %  accepted  81.0 %  credit   -2.8  AUROC(error) 0.733  AUROC(shift) 0.478
   cloud1e2     keep  89.8 %  accepted  74.0 %  credit  -10.0  AUROC(error) 0.706  AUROC(shift) 0.461
   haze3e7      keep  94.6 %  accepted  65.2 %  credit  -17.5  AUROC(error) 0.771  AUROC(shift) 0.255
   haze2p4e8    keep  97.8 %  accepted  63.1 %  credit  -18.7  AUROC(error) 0.635  AUROC(shift) 0.471
   spots20      keep  92.8 %  accepted  72.4 %  credit  -10.8  AUROC(error) 0.740  AUROC(shift) 0.365
   compound     keep  97.3 %  accepted  63.1 %  credit  -18.8  AUROC(error) 0.716  AUROC(shift) 0.238
   white_x3     keep  87.4 %  accepted  70.1 %  credit  -14.7  AUROC(error) 0.651  AUROC(shift) 0.515
   corr_x3      keep  83.2 %  accepted  68.1 %  credit  -17.5  AUROC(error) 0.605  AUROC(shift) 0.486
   exomol       keep  87.2 %  accepted  81.6 %  credit   -3.1  AUROC(error) 0.709  AUROC(shift) 0.531
   exotransmit  keep  88.2 %  accepted  80.9 %  credit   -3.5  AUROC(error) 0.710  AUROC(shift) 0.529
   absorbers    keep  89.8 %  accepted  83.9 %  credit   -0.0  AUROC(error) 0.742  AUROC(shift) 0.504
-- mahalanobis
   clean        keep  89.9 %  accepted  81.6 %  credit   +0.0  AUROC(error) 0.568  AUROC(shift) nan
   cloud1e3     keep  83.2 %  accepted  78.4 %  credit   -3.5  AUROC(error) 0.552  AUROC(shift) 0.557
   cloud1e2     keep  71.0 %  accepted  71.0 %  credit  -11.4  AUROC(error) 0.512  AUROC(shift) 0.664
   haze3e7      keep  20.7 %  accepted  66.2 %  credit  -21.1  AUROC(error) 0.515  AUROC(shift) 0.935
   haze2p4e8    keep  43.0 %  accepted  66.6 %  credit  -18.3  AUROC(error) 0.557  AUROC(shift) 0.882
   spots20      keep  52.0 %  accepted  75.6 %  credit   -8.6  AUROC(error) 0.594  AUROC(shift) 0.715
   compound     keep   9.9 %  accepted  68.0 %  credit  -18.5  AUROC(error) 0.538  AUROC(shift) 0.966
   white_x3     keep  52.1 %  accepted  68.8 %  credit  -15.3  AUROC(error) 0.531  AUROC(shift) 0.824
   corr_x3      keep  91.8 %  accepted  65.5 %  credit  -16.0  AUROC(error) 0.535  AUROC(shift) 0.504
   exomol       keep  84.6 %  accepted  79.1 %  credit   -2.8  AUROC(error) 0.564  AUROC(shift) 0.581
   exotransmit  keep  81.9 %  accepted  78.5 %  credit   -3.4  AUROC(error) 0.561  AUROC(shift) 0.640
   absorbers    keep  90.3 %  accepted  81.6 %  credit   -0.0  AUROC(error) 0.568  AUROC(shift) 0.502
-- knn
   clean        keep  89.9 %  accepted  81.5 %  credit   +0.0  AUROC(error) 0.575  AUROC(shift) nan
   cloud1e3     keep  80.7 %  accepted  78.0 %  credit   -3.9  AUROC(error) 0.555  AUROC(shift) 0.567
   cloud1e2     keep  66.5 %  accepted  69.9 %  credit  -13.3  AUROC(error) 0.507  AUROC(shift) 0.679
   haze3e7      keep  18.3 %  accepted  62.3 %  credit  -25.8  AUROC(error) 0.439  AUROC(shift) 0.937
   haze2p4e8    keep   0.7 %  accepted  81.2 %  credit  -15.2  AUROC(error) 0.428  AUROC(shift) 0.997
   spots20      keep  55.4 %  accepted  75.2 %  credit   -9.3  AUROC(error) 0.592  AUROC(shift) 0.687
   compound     keep   3.7 %  accepted  69.6 %  credit  -16.8  AUROC(error) 0.446  AUROC(shift) 0.990
   white_x3     keep  35.5 %  accepted  72.4 %  credit  -13.8  AUROC(error) 0.535  AUROC(shift) 0.860
   corr_x3      keep  69.7 %  accepted  65.8 %  credit  -16.8  AUROC(error) 0.523  AUROC(shift) 0.682
   exomol       keep  89.3 %  accepted  78.5 %  credit   -3.0  AUROC(error) 0.566  AUROC(shift) 0.548
   exotransmit  keep  79.8 %  accepted  78.2 %  credit   -3.8  AUROC(error) 0.568  AUROC(shift) 0.649
   absorbers    keep  90.2 %  accepted  81.4 %  credit   -0.1  AUROC(error) 0.574  AUROC(shift) 0.502
-- pca_recon
   clean        keep  89.9 %  accepted  81.6 %  credit   +0.0  AUROC(error) 0.542  AUROC(shift) nan
   cloud1e3     keep  88.9 %  accepted  78.5 %  credit   -3.3  AUROC(error) 0.534  AUROC(shift) 0.513
   cloud1e2     keep  86.5 %  accepted  71.6 %  credit  -10.3  AUROC(error) 0.516  AUROC(shift) 0.562
   haze3e7      keep  29.1 %  accepted  64.2 %  credit  -19.1  AUROC(error) 0.504  AUROC(shift) 0.902
   haze2p4e8    keep  14.6 %  accepted  59.9 %  credit  -24.4  AUROC(error) 0.498  AUROC(shift) 0.943
   spots20      keep  43.7 %  accepted  76.7 %  credit   -6.5  AUROC(error) 0.583  AUROC(shift) 0.785
   compound     keep   3.9 %  accepted  67.4 %  credit  -16.6  AUROC(error) 0.520  AUROC(shift) 0.982
   white_x3     keep  81.5 %  accepted  68.0 %  credit  -13.9  AUROC(error) 0.526  AUROC(shift) 0.629
   corr_x3      keep  92.4 %  accepted  66.2 %  credit  -15.5  AUROC(error) 0.531  AUROC(shift) 0.426
   exomol       keep  75.3 %  accepted  78.9 %  credit   -3.3  AUROC(error) 0.528  AUROC(shift) 0.637
   exotransmit  keep  86.4 %  accepted  78.1 %  credit   -3.7  AUROC(error) 0.525  AUROC(shift) 0.570
   absorbers    keep  89.8 %  accepted  81.4 %  credit   -0.3  AUROC(error) 0.540  AUROC(shift) 0.504

== calibration and split-conformal coverage (90 % target; KNN/MLP/RFC; mean over molecules and classifiers)
   clean        ECE 0.088  coverage  93.5 %  empty  0.0 %  ambiguous 34.6 %
   cloud1e2     ECE 0.159  coverage  85.0 %  empty  0.0 %  ambiguous 32.1 %
   haze3e7      ECE 0.231  coverage  73.7 %  empty  0.0 %  ambiguous 17.9 %
   haze2p4e8    ECE 0.195  coverage  75.5 %  empty  0.0 %  ambiguous 27.9 %
   spots20      ECE 0.169  coverage  82.3 %  empty  0.0 %  ambiguous 25.3 %
   compound     ECE 0.226  coverage  70.9 %  empty  0.0 %  ambiguous 15.9 %
   white_x3     ECE 0.163  coverage  82.5 %  empty  0.0 %  ambiguous 34.8 %
   corr_x3      ECE 0.193  coverage  78.0 %  empty  0.0 %  ambiguous 29.8 %
   exomol       ECE 0.106  coverage  92.6 %  empty  0.0 %  ambiguous 37.4 %
   exotransmit  ECE 0.102  coverage  91.5 %  empty  0.0 %  ambiguous 36.8 %
   absorbers    ECE 0.088  coverage  93.5 %  empty  0.0 %  ambiguous 34.8 %

== host dependence (accuracy; loss vs the same host's clean accuracy)
   clean       M  78.3 ( +0.0)  K  81.0 ( +0.0)  G  82.0 ( +0.0)  F+  81.8 ( +0.0)
   cloud1e2    M  68.6 ( +9.7)  K  71.1 ( +9.9)  G  71.8 (+10.1)  F+  72.6 ( +9.2)
   compound    M  64.8 (+13.5)  K  61.6 (+19.4)  G  61.8 (+20.2)  F+  61.7 (+20.2)
   haze3e7     M  65.5 (+12.7)  K  62.7 (+18.3)  G  63.0 (+19.0)  F+  62.9 (+18.9)
   spots10     M  73.3 ( +4.9)  K  75.1 ( +6.0)  G  74.5 ( +7.5)  F+  74.2 ( +7.7)
   spots20     M  70.7 ( +7.6)  K  71.7 ( +9.4)  G  69.9 (+12.0)  F+  69.6 (+12.3)
   planets per host: M 166, K 205, G 320, F+ 264

== absorb/detect trade-off: Mahalanobis shift AUROC and margin error AUROC, frozen -> randomized
   cloud1e4     shift 0.493 -> 0.496   error 0.761 -> 0.733
   cloud1e3     shift 0.557 -> 0.557   error 0.735 -> 0.729
   cloud1e2     shift 0.664 -> 0.657   error 0.717 -> 0.694
   cloud1e1     shift 0.784 -> 0.773   error 0.669 -> 0.647
   haze2e5      shift 0.526 -> 0.510   error 0.744 -> 0.727
   haze2e6      shift 0.767 -> 0.554   error 0.728 -> 0.726
   haze3e7      shift 0.935 -> 0.380   error 0.703 -> 0.718
   haze2p4e8    shift 0.882 -> 0.222   error 0.654 -> 0.686
   haze1e10     shift 0.760 -> 0.408   error 0.570 -> 0.579
   absorbers    shift 0.502 -> 0.500   error 0.756 -> 0.724
   exomol       shift 0.581 -> 0.568   error 0.744 -> 0.708
   exotransmit  shift 0.640 -> 0.633   error 0.733 -> 0.712
   spots02      shift 0.531 -> 0.520   error 0.736 -> 0.721
   spots05      shift 0.569 -> 0.529   error 0.717 -> 0.724
   spots10      shift 0.623 -> 0.517   error 0.693 -> 0.721
   spots20      shift 0.715 -> 0.453   error 0.667 -> 0.722
   fac10        shift 0.483 -> 0.471   error 0.750 -> 0.718
   compound     shift 0.966 -> 0.110   error 0.637 -> 0.708
   white_x1.5   shift 0.659 -> 0.655   error 0.728 -> 0.703
   white_x2     shift 0.744 -> 0.737   error 0.700 -> 0.679
   white_x3     shift 0.824 -> 0.813   error 0.669 -> 0.656
   corr_x1.5    shift 0.485 -> 0.471   error 0.665 -> 0.674
   corr_x2      shift 0.489 -> 0.466   error 0.632 -> 0.637
   corr_x3      shift 0.504 -> 0.472   error 0.597 -> 0.605
   ramp_x1      shift 0.478 -> 0.430   error 0.722 -> 0.702
   ramp_x2      shift 0.452 -> 0.308   error 0.707 -> 0.688

compound excess over the sum of its parts: -9.6 points (negative = sub-additive)
failed re-renders that fell back to clean: cloud1e4 0, cloud1e3 0, cloud1e2 0, cloud1e1 0, haze2e5 1, haze2e6 1, haze3e7 1, haze2p4e8 1, haze1e10 1, absorbers 0, exomol 0, exotransmit 1
all done 454 s
fit exit 0
