Mugnai et al. 2021 Tier-1 molecular screen, rebuilt (POP-III train, POP-I test, 7 points, requirement noise x 0.25)
train 3852 spectra, test 963 planets; their Table 6 at 1e-4: CH4 82-86, CO2 79-83, H2O 71-78, NH3 82-87 %

=== threshold: abundance > 1e-5
molecule model       clean    haze3e7   cloud1e2  absorbers    spots10    spots20   noise_x2   noise_x3
CH4      KNN         81.6%      41.0%      70.8%      80.2%      59.9%      49.8%      76.7%      68.3%
CH4      MLP         82.7%      41.0%      71.5%      80.7%      60.6%      51.1%      76.1%      69.7%
CH4      RFC         82.2%      41.0%      69.5%      81.2%      58.3%      49.6%      73.8%      67.3%
CH4      SVC         83.1%      41.0%      72.4%      81.5%      61.2%      50.6%      76.5%      69.6%
H2O      KNN         74.7%      39.6%      59.6%      73.7%      53.1%      47.0%      69.9%      67.2%
H2O      MLP         77.7%      40.6%      61.8%      77.8%      56.2%      48.7%      73.0%      70.1%
H2O      RFC         78.0%      39.7%      62.5%      77.9%      56.3%      48.2%      72.6%      70.0%
H2O      SVC         73.0%      39.0%      58.5%      73.7%      52.8%      46.0%      69.9%      67.3%
CO2      KNN         59.8%      46.1%      52.8%      59.6%      53.5%      51.6%      56.3%      54.1%
CO2      MLP         64.3%      46.3%      52.3%      63.6%      52.8%      46.8%      58.4%      54.6%
CO2      RFC         63.4%      44.4%      50.4%      62.2%      50.1%      48.1%      57.5%      51.7%
CO2      SVC         62.0%      41.3%      50.5%      61.0%      49.0%      45.7%      56.8%      53.2%
NH3      KNN         45.9%      47.8%      48.1%      44.3%      51.8%      51.5%      48.5%      47.0%
NH3      MLP         44.4%      49.5%      46.6%      42.8%      46.9%      47.8%      45.0%      45.7%
NH3      RFC         45.1%      47.8%      47.8%      45.6%      49.1%      46.7%      48.4%      48.2%
NH3      SVC         42.5%      42.5%      42.2%      42.5%      42.5%      42.5%      42.4%      42.5%

=== threshold: abundance > 1e-4
molecule model       clean    haze3e7   cloud1e2  absorbers    spots10    spots20   noise_x2   noise_x3
CH4      KNN         84.6%      62.4%      74.4%      84.3%      71.8%      66.7%      80.0%      75.7%
CH4      MLP         86.3%      62.4%      75.9%      86.1%      72.9%      67.1%      82.5%      77.4%
CH4      RFC         86.5%      62.4%      74.4%      86.4%      71.1%      66.0%      80.7%      75.0%
CH4      SVC         86.9%      62.4%      76.9%      86.8%      72.4%      66.9%      81.8%      77.7%
H2O      KNN         84.0%      61.9%      73.9%      84.3%      70.5%      66.4%      80.9%      77.4%
H2O      MLP         86.0%      61.8%      73.0%      85.7%      71.7%      67.2%      82.8%      80.6%
H2O      RFC         86.0%      61.8%      73.5%      85.2%      72.7%      66.9%      82.6%      79.8%
H2O      SVC         84.2%      61.8%      71.8%      84.2%      70.7%      65.9%      81.5%      78.6%
CO2      KNN         66.5%      61.0%      63.0%      66.1%      63.9%      62.4%      63.4%      61.8%
CO2      MLP         70.8%      60.5%      62.2%      70.5%      64.2%      62.1%      65.8%      62.9%
CO2      RFC         68.8%      59.9%      62.3%      69.4%      63.4%      62.0%      65.4%      62.3%
CO2      SVC         67.5%      59.8%      61.7%      66.9%      62.5%      61.4%      64.8%      63.4%
NH3      KNN         58.0%      60.3%      56.5%      57.4%      58.7%      55.2%      56.7%      56.5%
NH3      MLP         61.0%      59.5%      60.2%      60.9%      61.1%      61.0%      60.7%      61.0%
NH3      RFC         60.3%      57.4%      59.9%      60.6%      59.1%      55.9%      60.2%      59.0%
NH3      SVC         61.0%      61.0%      61.0%      61.0%      61.0%      61.0%      61.0%      61.0%

=== threshold: abundance > 1e-3
molecule model       clean    haze3e7   cloud1e2  absorbers    spots10    spots20   noise_x2   noise_x3
CH4      KNN         91.6%      79.1%      80.2%      91.3%      81.6%      80.1%      88.3%      85.6%
CH4      MLP         94.0%      79.1%      78.5%      93.9%      81.9%      79.8%      90.1%      86.4%
CH4      RFC         92.5%      79.1%      81.2%      92.5%      82.0%      80.0%      89.5%      85.7%
CH4      SVC         91.6%      79.1%      78.0%      91.4%      81.2%      80.1%      88.9%      85.4%
H2O      KNN         89.8%      82.6%      84.9%      89.5%      85.8%      83.8%      88.5%      86.7%
H2O      MLP         90.0%      82.6%      83.7%      89.7%      86.2%      84.7%      89.0%      88.2%
H2O      RFC         90.9%      82.6%      84.9%      90.4%      86.9%      84.6%      89.2%      87.6%
H2O      SVC         91.2%      82.6%      84.0%      90.9%      86.2%      84.1%      90.1%      88.9%
CO2      KNN         80.8%      81.6%      80.4%      80.9%      82.5%      81.6%      80.0%      79.2%
CO2      MLP         84.0%      81.6%      80.7%      84.0%      82.2%      81.7%      80.9%      80.1%
CO2      RFC         82.5%      81.6%      80.6%      83.2%      82.2%      81.5%      81.9%      81.4%
CO2      SVC         81.6%      81.6%      81.6%      81.6%      81.6%      81.6%      81.6%      81.6%
NH3      KNN         79.6%      81.4%      81.0%      80.4%      80.7%      80.3%      79.9%      80.5%
NH3      MLP         81.5%      81.5%      81.5%      81.5%      81.5%      81.5%      81.5%      81.5%
NH3      RFC         81.6%      81.2%      81.4%      81.5%      81.3%      81.3%      81.5%      81.2%
NH3      SVC         81.5%      81.5%      81.5%      81.5%      81.5%      81.5%      81.5%      81.5%

At the 1e-4 threshold, mean over the four molecules and four models: clean 74.9, haze3e7 61.0, cloud1e2 67.5, absorbers 74.7, spots10 66.7, spots20 63.4, noise_x2 71.9, noise_x3 69.4

Deviations from Mugnai et al. 2021: forward model MultiREx/TauREx 3 with Exo-Transmit tables (theirs: TauREx 3 with ExoMol k-tables);
noise shape from ExoSim2 rather than ArielRad, level set by the Tier-1 requirement per target; 965 known MCS planets (2026 list)
rather than their 1000 (2019 list incl. TESS predictions); training spectra noised once, not resampled per epoch.
