Mugnai et al. 2021 Tier-1 molecular screen, rebuilt (POP-III train, POP-I test, 7 points, requirement noise x 1.0)
train 3852 spectra, test 963 planets; their Table 6 at 1e-4: CH4 82-86, CO2 79-83, H2O 71-78, NH3 82-87 %

=== threshold: abundance > 1e-5
molecule model       clean    haze3e7   cloud1e2  absorbers    spots10    spots20   noise_x2   noise_x3
CH4      KNN         62.1%      41.3%      55.2%      60.6%      53.3%      46.5%      54.7%      49.5%
CH4      MLP         64.8%      41.0%      54.4%      64.0%      53.6%      46.2%      56.2%      52.0%
CH4      RFC         64.2%      41.0%      52.9%      64.2%      51.4%      45.7%      56.0%      51.2%
CH4      SVC         65.2%      41.0%      55.7%      64.6%      54.0%      47.4%      57.0%      51.8%
H2O      KNN         57.5%      39.3%      49.5%      56.6%      46.7%      44.9%      51.3%      48.6%
H2O      MLP         61.4%      39.8%      50.2%      62.1%      50.4%      43.9%      57.2%      53.0%
H2O      RFC         59.2%      38.7%      48.2%      59.7%      48.5%      43.8%      54.5%      51.6%
H2O      SVC         57.2%      38.8%      45.1%      57.2%      46.5%      42.3%      50.8%      47.0%
CO2      KNN         51.6%      42.7%      45.0%      51.5%      47.4%      48.8%      46.6%      44.7%
CO2      MLP         46.4%      41.5%      43.7%      46.7%      42.2%      42.0%      44.1%      43.5%
CO2      RFC         51.3%      41.5%      44.4%      51.4%      43.1%      42.2%      46.4%      44.4%
CO2      SVC         41.3%      41.3%      41.3%      41.3%      41.3%      41.3%      41.3%      41.3%
NH3      KNN         69.5%      42.5%      51.9%      70.2%      56.7%      51.4%      61.5%      57.1%
NH3      MLP         72.9%      42.5%      50.7%      72.3%      60.3%      52.5%      61.4%      54.3%
NH3      RFC         72.0%      42.5%      51.4%      72.3%      58.7%      52.0%      61.4%      55.3%
NH3      SVC         72.2%      42.5%      50.5%      71.8%      60.1%      51.9%      61.5%      55.3%

=== threshold: abundance > 1e-4
molecule model       clean    haze3e7   cloud1e2  absorbers    spots10    spots20   noise_x2   noise_x3
CH4      KNN         69.9%      62.2%      64.5%      68.8%      65.5%      63.4%      65.0%      62.3%
CH4      MLP         72.2%      62.4%      64.4%      72.0%      66.5%      64.5%      65.9%      64.0%
CH4      RFC         71.4%      62.4%      65.0%      70.9%      65.7%      64.3%      64.6%      63.3%
CH4      SVC         70.7%      62.4%      65.8%      70.8%      65.5%      64.6%      65.5%      63.6%
H2O      KNN         65.9%      61.9%      63.4%      65.1%      64.5%      63.4%      61.9%      62.5%
H2O      MLP         69.0%      61.8%      62.5%      69.0%      65.1%      62.8%      65.4%      63.2%
H2O      RFC         67.2%      61.8%      64.5%      68.5%      63.7%      62.4%      64.5%      62.6%
H2O      SVC         63.3%      61.8%      61.6%      63.3%      62.2%      61.8%      62.7%      62.5%
CO2      KNN         60.2%      59.1%      57.2%      60.3%      58.0%      59.1%      56.2%      56.5%
CO2      MLP         59.9%      59.8%      60.0%      59.8%      59.4%      59.9%      60.0%      59.9%
CO2      RFC         60.4%      59.9%      59.8%      59.7%      61.5%      59.8%      60.5%      58.7%
CO2      SVC         59.8%      59.8%      59.8%      59.8%      59.8%      59.8%      59.8%      59.8%
NH3      KNN         76.7%      61.0%      63.7%      76.4%      69.6%      65.4%      68.3%      66.7%
NH3      MLP         78.5%      61.0%      62.8%      78.2%      70.8%      65.2%      70.7%      66.3%
NH3      RFC         76.1%      61.0%      63.1%      76.4%      69.7%      64.5%      69.4%      65.1%
NH3      SVC         77.2%      61.0%      62.1%      77.3%      70.0%      65.4%      69.5%      65.0%

=== threshold: abundance > 1e-3
molecule model       clean    haze3e7   cloud1e2  absorbers    spots10    spots20   noise_x2   noise_x3
CH4      KNN         80.2%      79.1%      78.2%      80.3%      80.0%      79.3%      78.8%      77.1%
CH4      MLP         82.1%      79.1%      77.7%      82.1%      79.9%      79.5%      77.8%      77.6%
CH4      RFC         80.4%      79.1%      77.6%      80.6%      79.5%      79.4%      77.8%      77.4%
CH4      SVC         79.1%      79.1%      79.1%      79.1%      79.1%      79.1%      79.1%      79.1%
H2O      KNN         81.1%      82.6%      81.7%      80.9%      82.0%      82.5%      79.3%      79.4%
H2O      MLP         83.1%      82.6%      82.5%      83.1%      82.8%      82.8%      81.2%      80.8%
H2O      RFC         83.0%      82.6%      82.5%      82.7%      83.1%      82.7%      81.4%      81.8%
H2O      SVC         82.6%      82.6%      82.6%      82.6%      82.6%      82.6%      82.6%      82.6%
CO2      KNN         80.6%      81.5%      79.6%      81.0%      80.2%      81.0%      79.0%      80.0%
CO2      MLP         81.6%      81.6%      81.6%      81.6%      81.6%      81.6%      81.6%      81.6%
CO2      RFC         81.0%      81.6%      81.3%      80.9%      81.4%      81.2%      81.4%      81.4%
CO2      SVC         81.6%      81.6%      81.6%      81.6%      81.6%      81.6%      81.6%      81.6%
NH3      KNN         84.9%      81.5%      81.7%      84.4%      83.9%      82.9%      82.2%      82.0%
NH3      MLP         85.0%      81.5%      82.1%      85.4%      84.1%      82.9%      83.3%      82.1%
NH3      RFC         84.8%      81.5%      82.2%      85.4%      83.8%      82.8%      82.2%      82.5%
NH3      SVC         84.5%      81.5%      81.9%      84.2%      83.2%      82.2%      82.2%      82.1%

=== decline rules at the 1e-4 threshold: accepted accuracy (coverage), thresholds fixed on clean
molecule rule                 clean         haze3e7        cloud1e2       absorbers         spots10         spots20        noise_x2        noise_x3
CH4      ensemble      73.2 ( 95%)    62.4 (100%)    66.1 ( 96%)    73.2 ( 94%)    66.3 ( 99%)    64.4 ( 99%)    66.5 ( 95%)    64.1 ( 96%)
CH4      knn           70.3 ( 90%)    41.4 (  3%)    60.1 ( 70%)    70.4 ( 91%)    61.3 ( 49%)    60.6 ( 26%)    61.7 ( 77%)    60.6 ( 66%)
H2O      ensemble      68.8 ( 90%)    61.8 (100%)    64.0 ( 95%)    69.4 ( 90%)    64.8 ( 96%)    62.8 ( 98%)    65.7 ( 90%)    64.6 ( 91%)
H2O      knn           67.1 ( 90%)    58.6 (  3%)    62.0 ( 70%)    67.7 ( 91%)    64.1 ( 49%)    60.6 ( 26%)    65.2 ( 77%)    64.5 ( 66%)
CO2      ensemble      60.9 ( 97%)    59.8 (100%)    60.0 ( 98%)    60.6 ( 97%)    60.4 ( 98%)    60.0 ( 99%)    60.6 ( 97%)    59.7 ( 98%)
CO2      knn           59.2 ( 90%)    48.3 (  3%)    56.3 ( 70%)    59.0 ( 91%)    59.4 ( 49%)    59.0 ( 26%)    59.5 ( 77%)    57.0 ( 66%)
NH3      ensemble      79.3 ( 95%)    61.0 (100%)    63.0 ( 98%)    79.3 ( 94%)    70.5 ( 99%)    65.2 ( 99%)    70.6 ( 96%)    66.6 ( 98%)
NH3      knn           77.7 ( 90%)    13.8 (  3%)    59.5 ( 70%)    77.3 ( 91%)    72.4 ( 49%)    66.9 ( 26%)    69.8 ( 77%)    65.9 ( 66%)

At the 1e-4 threshold, mean over the four molecules and four models: clean 68.7, haze3e7 61.2, cloud1e2 62.5, absorbers 68.5, spots10 64.8, spots20 62.9, noise_x2 64.4, noise_x3 62.6

Deviations from Mugnai et al. 2021: forward model MultiREx/TauREx 3 with Exo-Transmit tables (theirs: TauREx 3 with ExoMol k-tables);
noise shape from ExoSim2 rather than ArielRad, level set by the Tier-1 requirement per target; 965 known MCS planets (2026 list)
rather than their 1000 (2019 list incl. TESS predictions); training spectra noised once, not resampled per epoch.
