Calibration, configuration ariel (pooled test sets, n=9016, equal-count bins)

  raw_xgb    ECE 0.0347  Brier 0.0944  AUC 0.9460  max |gap| 0.107
  raw_rf     ECE 0.0361  Brier 0.0938  AUC 0.9441  max |gap| 0.063
  pca_xgb    ECE 0.0206  Brier 0.0575  AUC 0.9786  max |gap| 0.104
  pca_rf     ECE 0.1415  Brier 0.0920  AUC 0.9706  max |gap| 0.252
  norm_xgb   ECE 0.0103  Brier 0.0264  AUC 0.9944  max |gap| 0.056
  norm_rf    ECE 0.0366  Brier 0.0355  AUC 0.9915  max |gap| 0.171
  norm_mlp   ECE 0.0040  Brier 0.0308  AUC 0.9923  max |gap| 0.017
  pcaw_mlp   ECE 0.1122  Brier 0.1045  AUC 0.9602  max |gap| 0.348
  pca_mlp    ECE 0.1421  Brier 0.0998  AUC 0.9685  max |gap| 0.369

Operating thresholds, frozen norm_xgb
  clean: AP 0.994, at threshold 0.5 precision 95.1% recall 98.0% accuracy 96.47%
      recall >= 90%: threshold 0.932, precision 98.4%
      recall >= 95%: threshold 0.777, precision 97.1%
      recall >= 99%: threshold 0.353, precision 93.9%
  cloud_1e4Pa: AP 0.985, at threshold 0.5 precision 94.2% recall 96.3% accuracy 95.15%
      recall >= 90%: threshold 0.815, precision 96.7%
      recall >= 95%: threshold 0.591, precision 95.0%
      recall >= 99%: threshold 0.196, precision 91.3%
  (cloud: 0 planets with failed re-render excluded)
