Label sensitivity and error structure, configuration ariel, pipeline norm_xgb, label C/O > 1.0

1. Cut sensitivity (cut moved in dex of log10 C/O; spectra unchanged; model retrained)
 shift  C/O cut train pos test pos  accuracy  majority    gain     F1   Brier
 -0.10    0.794      62.9%    62.9%    94.84%    62.90% +31.94% 0.959 0.0370
 -0.05    0.891      56.7%    56.8%    96.41%    56.77% +39.64% 0.968 0.0260
 +0.00    1.000      50.2%    50.0%    96.47%    50.00% +46.47% 0.965 0.0264
 +0.05    1.122      42.6%    42.6%    91.80%    57.36% +34.44% 0.909 0.0622
 +0.10    1.259      34.0%    33.9%    85.73%    66.07% +19.65% 0.809 0.0973

2. Accuracy against |log10(C/O)| distance from the cut (dex)
    margin      n    pos  accuracy  majority    gain  mean p
0.00-0.05   1274  52.1%    83.99%    52.12% +31.87%  0.596
0.05-0.1    1338  58.7%    95.22%    58.67% +36.55%  0.589
0.10-0.2    2745  67.5%    98.65%    67.47% +31.18%  0.670
0.20-0.3    1923  62.8%    99.38%    62.77% +36.61%  0.628
0.30-       1736   0.0%    99.94%   100.00%  -0.06%  0.003

3. Error rate against feature amplitude (std of the noise-free binned depth) in quintiles
  quintile 1: amplitude 3.12e-08-4.70e-05  error  4.43%  amp/noise median 3.48
  quintile 2: amplitude 4.70e-05-2.98e-04  error  3.55%  amp/noise median 3.50
  quintile 3: amplitude 2.99e-04-1.10e-03  error  3.61%  amp/noise median 3.56
  quintile 4: amplitude 1.10e-03-4.24e-03  error  2.94%  amp/noise median 3.63
  quintile 5: amplitude 4.24e-03-2.06e-01  error  3.11%  amp/noise median 3.70
