[ariel] train (18040, 102), tests [1804, 1814, 1813, 1776, 1809], positives 0.502
[ariel] feature dims: {'pca': 70, 'pcaw': 70, 'norm': 102, 'raw': 102}
[ariel] tuned raw_xgb: {'n_estimators': 500, 'max_depth': 10, 'learning_rate': 0.2, 'subsample': 0.8} cv 0.8532 (301s)
raw_xgb    accuracy 86.53±1.24  precision 83.73±1.72  recall 90.69±1.07  f1 87.07±1.21  brier 0.0944±0.0075  ece 0.0372±0.0105  auc 0.9461±0.0067
[ariel] tuned raw_rf: {'n_estimators': 300, 'max_depth': None, 'min_samples_leaf': 1} cv 0.8578 (1521s)
raw_rf     accuracy 86.30±0.89  precision 83.19±1.50  recall 91.00±1.18  f1 86.91±0.84  brier 0.0939±0.0054  ece 0.0394±0.0099  auc 0.9442±0.0065
[ariel] tuned pca_xgb: {'n_estimators': 500, 'max_depth': 10, 'learning_rate': 0.05, 'subsample': 0.8} cv 0.9175 (1836s)
pca_xgb    accuracy 92.09±0.57  precision 90.39±1.40  recall 94.18±0.58  f1 92.24±0.70  brier 0.0575±0.0046  ece 0.0239±0.0079  auc 0.9786±0.0023
[ariel] tuned pca_rf: {'n_estimators': 500, 'max_depth': 20, 'min_samples_leaf': 1} cv 0.9032 (2324s)
pca_rf     accuracy 90.58±0.61  precision 88.84±1.45  recall 92.84±0.37  f1 90.79±0.59  brier 0.0920±0.0022  ece 0.1428±0.0079  auc 0.9706±0.0033
[ariel] tuned norm_xgb: {'n_estimators': 500, 'max_depth': 5, 'learning_rate': 0.05, 'subsample': 0.8} cv 0.9657 (2624s)
norm_xgb   accuracy 96.47±0.26  precision 95.11±0.64  recall 97.98±0.25  f1 96.52±0.31  brier 0.0264±0.0025  ece 0.0109±0.0040  auc 0.9944±0.0006
[ariel] tuned norm_rf: {'n_estimators': 300, 'max_depth': None, 'min_samples_leaf': 1} cv 0.9597 (3255s)
norm_rf    accuracy 96.03±0.48  precision 94.12±0.87  recall 98.18±0.19  f1 96.11±0.48  brier 0.0355±0.0032  ece 0.0348±0.0045  auc 0.9915±0.0018
WARNING: All log messages before absl::InitializeLog() is called are written to STDERR
I0000 00:00:1789231166.458251  816834 port.cc:153] oneDNN custom operations are on. You may see slightly different numerical results due to floating-point round-off errors from different computation orders. To turn them off, set the environment variable `TF_ENABLE_ONEDNN_OPTS=0`.
I0000 00:00:1789231166.461474  816834 cudart_stub.cc:31] Could not find cuda drivers on your machine, GPU will not be used.
I0000 00:00:1789231166.746432  816834 cpu_feature_guard.cc:227] This TensorFlow binary is optimized to use available CPU instructions in performance-critical operations.
To enable the following instructions: AVX2 AVX_VNNI FMA, in other operations, rebuild TensorFlow with the appropriate compiler flags.
WARNING: All log messages before absl::InitializeLog() is called are written to STDERR
I0000 00:00:1789231170.068607  816834 port.cc:153] oneDNN custom operations are on. You may see slightly different numerical results due to floating-point round-off errors from different computation orders. To turn them off, set the environment variable `TF_ENABLE_ONEDNN_OPTS=0`.
I0000 00:00:1789231170.071858  816834 cudart_stub.cc:31] Could not find cuda drivers on your machine, GPU will not be used.
E0000 00:00:1789231171.342470  816834 cuda_executor.cc:1737] INTERNAL: CUDA Runtime error: Failed call to cudaGetRuntimeVersion: Error loading CUDA libraries. GPU will not be used.: Error loading CUDA libraries. GPU will not be used.
W0000 00:00:1789231171.343965  826358 cuda_executor.cc:1755] Failed to determine cuDNN version (Note that this is expected if the application doesn't link the cuDNN plugin): INTERNAL: cuDNN error: CUDNN_STATUS_INTERNAL_ERROR
W0000 00:00:1789231171.365530  816834 gpu_device.cc:2365] Cannot dlopen some GPU libraries. Please make sure the missing libraries mentioned above are installed properly if you would like to use GPU. Follow the guide at https://www.tensorflow.org/install/gpu for how to download and setup the required libraries for your platform.
Skipping registering GPU devices...
[ariel] tuned norm_mlp: {'hidden': (512, 256, 128), 'dropout': 0.4, 'batch': 128} cv 0.9581 (3937s)
norm_mlp   accuracy 95.93±0.35  precision 94.53±0.81  recall 97.49±0.40  f1 95.98±0.43  brier 0.0311±0.0027  ece 0.0078±0.0040  auc 0.9924±0.0009   restarts acc 95.93±0.07 (n=5)
[ariel] tuned pcaw_mlp: {'hidden': (512, 256, 128), 'dropout': 0.2, 'batch': 128} cv 0.8744 (4805s)
pcaw_mlp   accuracy 86.18±0.79  precision 88.73±0.99  recall 84.38±0.83  f1 85.69±0.78  brier 0.1021±0.0030  ece 0.1231±0.0088  auc 0.9623±0.0042   restarts acc 86.18±1.30 (n=5)
[ariel] tuned pca_mlp: {'hidden': (512, 256, 128), 'dropout': 0.2, 'batch': 128} cv 0.8518 (5929s)
pca_mlp    accuracy 85.78±0.72  precision 94.14±0.86  recall 76.43±0.90  f1 84.03±0.63  brier 0.0985±0.0029  ece 0.1276±0.0100  auc 0.9684±0.0037   restarts acc 85.78±4.25 (n=5)
In-domain study, configuration = ariel, SNR 15 (peak-to-peak convention), Ariel-shaped noise
train n = 18040, test sets n = [1804, 1814, 1813, 1776, 1809]
feature dimensions: {'pca': 70, 'pcaw': 70, 'norm': 102, 'raw': 102}

raw_xgb    accuracy 86.53±1.24  precision 83.73±1.72  recall 90.69±1.07  f1 87.07±1.21  brier 0.0944±0.0075  ece 0.0372±0.0105  auc 0.9461±0.0067
raw_rf     accuracy 86.30±0.89  precision 83.19±1.50  recall 91.00±1.18  f1 86.91±0.84  brier 0.0939±0.0054  ece 0.0394±0.0099  auc 0.9442±0.0065
pca_xgb    accuracy 92.09±0.57  precision 90.39±1.40  recall 94.18±0.58  f1 92.24±0.70  brier 0.0575±0.0046  ece 0.0239±0.0079  auc 0.9786±0.0023
pca_rf     accuracy 90.58±0.61  precision 88.84±1.45  recall 92.84±0.37  f1 90.79±0.59  brier 0.0920±0.0022  ece 0.1428±0.0079  auc 0.9706±0.0033
norm_xgb   accuracy 96.47±0.26  precision 95.11±0.64  recall 97.98±0.25  f1 96.52±0.31  brier 0.0264±0.0025  ece 0.0109±0.0040  auc 0.9944±0.0006
norm_rf    accuracy 96.03±0.48  precision 94.12±0.87  recall 98.18±0.19  f1 96.11±0.48  brier 0.0355±0.0032  ece 0.0348±0.0045  auc 0.9915±0.0018
norm_mlp   accuracy 95.93±0.35  precision 94.53±0.81  recall 97.49±0.40  f1 95.98±0.43  brier 0.0311±0.0027  ece 0.0078±0.0040  auc 0.9924±0.0009   restarts acc 95.93±0.07 (n=5)
pcaw_mlp   accuracy 86.18±0.79  precision 88.73±0.99  recall 84.38±0.83  f1 85.69±0.78  brier 0.1021±0.0030  ece 0.1231±0.0088  auc 0.9623±0.0042   restarts acc 86.18±1.30 (n=5)
pca_mlp    accuracy 85.78±0.72  precision 94.14±0.86  recall 76.43±0.90  f1 84.03±0.63  brier 0.0985±0.0029  ece 0.1276±0.0100  auc 0.9684±0.0037   restarts acc 85.78±4.25 (n=5)

Pairwise McNemar (exact) on pooled test sets: (b = A right/B wrong, c = A wrong/B right, p)
  norm_xgb vs raw_xgb   : b= 1008 c=  112 p=8.33e-181
  norm_xgb vs raw_rf    : b= 1009 c=   92 p=9.10e-196
  norm_xgb vs pca_xgb   : b=  515 c=  120 p=3.52e-59
  norm_xgb vs pca_rf    : b=  646 c=  115 p=1.78e-90
  norm_xgb vs norm_rf   : b=  105 c=   65 p=2.67e-03
  norm_xgb vs norm_mlp  : b=  143 c=   99 p=5.60e-03
  norm_xgb vs pcaw_mlp  : b= 1152 c=  116 p=5.19e-215
  norm_xgb vs pca_mlp   : b= 1073 c=  121 p=3.96e-191
Paired bootstrap F1 gap norm_xgb - norm_rf: 0.41 pts, 95% CI [0.14, 0.69]

Best pipeline: norm_xgb  (frozen at models/ariel_norm_xgb.joblib)
done in 6284s
