absorbers      absorbers              acc  71.93 (-24.55) brier 0.2633 pos 0.257 amp 1.024 n=9016
absorbers      absorbers_quenched     acc  66.46 (-30.01) brier 0.3160 pos 0.182 amp 1.007 n=9016
cloud          cloud_1e1Pa            acc  63.69 (-32.79) brier 0.2518 pos 0.537 amp 0.027 n=9016
cloud          cloud_1e2Pa            acc  85.46 (-11.01) brier 0.1031 pos 0.500 amp 0.293 n=9016
cloud          cloud_1e3Pa            acc  92.44 ( -4.04) brier 0.0553 pos 0.512 amp 0.582 n=9016
cloud          cloud_1e4Pa            acc  95.15 ( -1.32) brier 0.0359 pos 0.511 amp 0.813 n=9016
cloud          cloud_1e5Pa            acc  96.35 ( -0.12) brier 0.0279 pos 0.511 amp 0.950 n=9016
compound       compound_spots10_haze2e6_snr10 acc  88.23 ( -8.24) brier 0.1008 pos 0.527 amp 0.955 n=9016
compound       compound_spots10_haze3e7 acc  87.64 ( -8.83) brier 0.1031 pos 0.549 amp 1.044 n=9016
compound       compound_spots10_haze3e7_snr8 acc  87.64 ( -8.83) brier 0.1031 pos 0.549 amp 1.044 n=9016
compound       compound_spots20_haze3e7 acc  85.40 (-11.07) brier 0.1185 pos 0.526 amp 1.332 n=9016
compound       compound_spots20_haze3e7_snr8 acc  85.40 (-11.07) brier 0.1185 pos 0.526 amp 1.332 n=9016
exomol         exomol                 acc  80.57 (-15.91) brier 0.1443 pos 0.335 amp 0.885 n=9016
exotransmit    exotransmit            acc  89.98 ( -6.49) brier 0.0838 pos 0.423 amp 0.896 n=9016
haze           haze_1p0e10            acc  61.32 (-35.15) brier 0.2907 pos 0.314 amp 0.482 n=9016
haze           haze_2p0e5             acc  96.31 ( -0.17) brier 0.0276 pos 0.520 amp 0.986 n=9016
haze           haze_2p0e6             acc  94.70 ( -1.77) brier 0.0417 pos 0.545 amp 0.938 n=9016
haze           haze_2p4e8             acc  88.10 ( -8.37) brier 0.0959 pos 0.614 amp 0.778 n=9016
haze           haze_3p0e7             acc  90.35 ( -6.12) brier 0.0826 pos 0.594 amp 0.882 n=9016
quenched       quenched               acc  98.30 ( +1.83) brier 0.0145 pos 0.515 amp 0.999 n=9016
quenched       quenched_kzz10         acc  98.27 ( +1.80) brier 0.0136 pos 0.510 amp 0.980 n=9016
quenched       quenched_kzz11         acc  98.27 ( +1.80) brier 0.0142 pos 0.502 amp 0.956 n=9016
quenched       quenched_kzz7          acc  97.93 ( +1.45) brier 0.0170 pos 0.520 amp 1.010 n=9016
quenched       quenched_kzz8          acc  98.11 ( +1.64) brier 0.0158 pos 0.518 amp 1.005 n=9016
tlse           tlse_fac05             acc  94.60 ( -1.87) brier 0.0411 pos 0.482 amp 1.018 n=9016
tlse           tlse_fac10             acc  93.00 ( -3.47) brier 0.0564 pos 0.465 amp 1.034 n=9016
tlse           tlse_mixed             acc  89.17 ( -7.30) brier 0.0918 pos 0.518 amp 0.963 n=9016
tlse           tlse_spots02           acc  93.97 ( -2.51) brier 0.0491 pos 0.531 amp 0.977 n=9016
tlse           tlse_spots05           acc  91.49 ( -4.98) brier 0.0718 pos 0.528 amp 0.958 n=9016
tlse           tlse_spots10           acc  88.79 ( -7.69) brier 0.0959 pos 0.517 amp 0.966 n=9016
tlse           tlse_spots20           acc  85.48 (-10.99) brier 0.1236 pos 0.501 amp 1.081 n=9016
white noise    snr12                  acc  94.67 ( -1.81) brier 0.0397 pos 0.511 amp 1.000 n=9016
white noise    snr10                  acc  93.64 ( -2.83) brier 0.0487 pos 0.507 amp 1.000 n=9016
white noise    snr8                   acc  92.16 ( -4.31) brier 0.0605 pos 0.503 amp 1.000 n=9016
white noise    snr5                   acc  88.76 ( -7.71) brier 0.0854 pos 0.479 amp 1.000 n=9016
correlated noise snr12                  acc  93.33 ( -3.14) brier 0.0530 pos 0.511 amp 1.000 n=9016
correlated noise snr10                  acc  91.36 ( -5.11) brier 0.0707 pos 0.502 amp 1.000 n=9016
correlated noise snr8                   acc  89.14 ( -7.33) brier 0.0883 pos 0.485 amp 1.000 n=9016
correlated noise snr5                   acc  82.94 (-13.53) brier 0.1390 pos 0.459 amp 1.000 n=9016
gain ramp      x0.25                  acc  96.50 ( +0.02) brier 0.0267 pos 0.514 amp 0.993 n=9016
gain ramp      x0.5                   acc  96.26 ( -0.21) brier 0.0287 pos 0.514 amp 1.003 n=9016
gain ramp      x1.0                   acc  95.34 ( -1.13) brier 0.0350 pos 0.515 amp 1.004 n=9016
gain ramp      x2.0                   acc  93.57 ( -2.91) brier 0.0497 pos 0.521 amp 1.032 n=9016
baseline offset x0.25                  acc  96.47 ( +0.00) brier 0.0264 pos 0.515 amp 1.000 n=9016
baseline offset x0.5                   acc  96.47 ( +0.00) brier 0.0264 pos 0.515 amp 1.000 n=9016
baseline offset x1.0                   acc  96.47 ( +0.00) brier 0.0264 pos 0.515 amp 1.000 n=9016
baseline offset x2.0                   acc  96.47 ( +0.00) brier 0.0264 pos 0.515 amp 1.000 n=9016
absolute noise 20 ppm                 acc  93.17 ( -3.31) brier 0.0504 pos 0.526 amp 1.000 n=9016
absolute noise 50 ppm                 acc  91.30 ( -5.17) brier 0.0639 pos 0.524 amp 1.000 n=9016
absolute noise 100 ppm                acc  88.91 ( -7.56) brier 0.0785 pos 0.531 amp 1.000 n=9016
absolute noise 200 ppm                acc  85.66 (-10.81) brier 0.1004 pos 0.533 amp 1.000 n=9016
noise colouring white snr15            acc  94.31 ( -2.16) brier 0.0435 pos 0.509 amp 1.000 n=9016
noise colouring ariel snr15            acc  96.35 ( -0.12) brier 0.0277 pos 0.515 amp 1.000 n=9016
noise colouring exosim snr15           acc  96.37 ( -0.10) brier 0.0278 pos 0.514 amp 1.000 n=9016
noise colouring white snr10            acc  93.06 ( -3.42) brier 0.0534 pos 0.506 amp 1.000 n=9016
noise colouring ariel snr10            acc  95.47 ( -1.00) brier 0.0335 pos 0.510 amp 1.000 n=9016
noise colouring exosim snr10           acc  95.43 ( -1.04) brier 0.0340 pos 0.509 amp 1.000 n=9016
noise colouring white snr7             acc  90.55 ( -5.92) brier 0.0711 pos 0.491 amp 1.000 n=9016
noise colouring ariel snr7             acc  93.22 ( -3.25) brier 0.0493 pos 0.502 amp 1.000 n=9016
noise colouring exosim snr7            acc  93.22 ( -3.25) brier 0.0496 pos 0.500 amp 1.000 n=9016
noise colouring white snr5             acc  88.72 ( -7.75) brier 0.0837 pos 0.481 amp 1.000 n=9016
noise colouring ariel snr5             acc  92.13 ( -4.35) brier 0.0578 pos 0.505 amp 1.000 n=9016
noise colouring exosim snr5            acc  92.01 ( -4.46) brier 0.0586 pos 0.502 amp 1.000 n=9016

Out-of-envelope extrapolation, radius split at 15.0 R_earth (train n=10812, test n=7228)
  The control trains on a random subset of the SAME size drawn from the whole grid
  and is tested on the SAME large planets, so only the training distribution differs.
  extrapolation: acc 96.03%  Brier 0.0298
  control (random training draw, same n, same test planets, mean of 5): acc 98.53%  Brier 0.0114
  penalty net of sample size: -2.50 points, Brier +0.0184
