Loading MultiREx version 0.3.1
train: chemistry for 18156 in 45.3 s
train: 18040/18156 rendered (99.4%), label balance 0.502, 435 s
test1: chemistry for 1813 in 5.0 s
test1: 1804/1813 rendered (99.5%), label balance 0.484, 42 s
test2: chemistry for 1822 in 4.8 s
test2: 1814/1822 rendered (99.6%), label balance 0.513, 44 s
test3: chemistry for 1823 in 4.9 s
test3: 1813/1823 rendered (99.5%), label balance 0.520, 44 s
test4: chemistry for 1793 in 4.7 s
test4: 1776/1793 rendered (99.1%), label balance 0.494, 41 s
test5: chemistry for 1821 in 4.6 s
test5: 1809/1821 rendered (99.3%), label balance 0.489, 43 s
Loading MultiREx version 0.3.1
Loading MultiREx version 0.3.1
Loading MultiREx version 0.3.1
Loading MultiREx version 0.3.1
Loading MultiREx version 0.3.1
Loading MultiREx version 0.3.1
Loading MultiREx version 0.3.1
Loading MultiREx version 0.3.1
Loading MultiREx version 0.3.1
Loading MultiREx version 0.3.1
Loading MultiREx version 0.3.1
Loading MultiREx version 0.3.1
