[2026-09-12 08:32:41] === stage 0: archive
[2026-09-12 08:32:41] === stage 1: grid
[2026-09-12 08:32:41] start generate_grid
[2026-09-12 08:44:49] done  generate_grid
[2026-09-12 08:44:49] start bin_spectra
[2026-09-12 08:44:56] done  bin_spectra
[2026-09-12 08:44:56] === stage 2: tuning + renders in parallel
[2026-09-12 08:44:56] start ariel_pipeline
[2026-09-12 08:44:56] start shift_exotransmit
[2026-09-12 08:44:56] start shift_aerosol
[2026-09-12 09:56:07] done  shift_aerosol
[2026-09-12 09:56:07] start shift_tlse
[2026-09-12 09:56:42] done  shift_tlse
[2026-09-12 09:56:42] start generate_quenched
[2026-09-12 10:15:39] done  generate_quenched
[2026-09-12 10:15:40] start shift_absorbers
[2026-09-12 10:23:29] done  shift_absorbers
[2026-09-12 10:23:29] start shift_absorbers_q
[2026-09-12 10:29:51] done  ariel_pipeline
[2026-09-12 10:31:01] done  shift_absorbers_q
[2026-09-12 10:31:01] start shift_absorbers_tr
[2026-09-12 10:43:16] done  shift_absorbers_tr
[2026-09-12 10:43:16] start randomize_train
[2026-09-12 11:04:37] done  randomize_train
[2026-09-12 11:04:37] start kzz_1e7
[2026-09-12 11:10:06] done  kzz_1e7
[2026-09-12 11:10:06] start kzz_1e8
[2026-09-12 11:15:34] done  kzz_1e8
[2026-09-12 11:15:34] start kzz_1e10
[2026-09-12 11:21:03] done  kzz_1e10
[2026-09-12 11:21:03] start kzz_1e11
[2026-09-12 11:26:30] done  kzz_1e11
[2026-09-12 11:26:30] start mcs_testset
[2026-09-12 11:27:15] done  mcs_testset
[2026-09-12 11:27:15] start alfnoor_render
[2026-09-12 11:31:48] done  alfnoor_render
[2026-09-12 11:31:48] === stage 2D: ExoMol renders (alone among MultiREx renders)
[2026-09-12 11:31:48] start shift_opacity
[2026-09-12 13:52:55] done  shift_exotransmit
[2026-09-12 14:47:40] done  shift_opacity
[2026-09-12 14:47:40] === stage 3: analysis
[2026-09-12 14:47:40] start compound
[2026-09-12 14:48:03] done  compound
[2026-09-12 14:48:03] start run_chain
[2026-09-12 15:01:22] done  run_chain
[2026-09-12 15:01:22] start run_multimodel
[2026-09-12 15:03:15] done  run_multimodel
[2026-09-12 15:03:15] start shift_pca_rf
[2026-09-12 15:03:53] done  shift_pca_rf
[2026-09-12 15:03:53] start shift_raw_xgb
[2026-09-12 15:04:23] done  shift_raw_xgb
[2026-09-12 15:04:23] start shift_raw_rf
[2026-09-12 15:05:01] done  shift_raw_rf
[2026-09-12 15:05:02] start transfer
[2026-09-12 15:05:02] done  transfer
[2026-09-12 15:05:02] start tables
[2026-09-12 15:05:03] done  tables
[2026-09-12 15:05:03] start oracle
[2026-09-12 15:16:26] done  oracle
[2026-09-12 15:16:26] start trust_detect
[2026-09-12 15:16:59] done  trust_detect
[2026-09-12 15:16:59] start trust_randomized
[2026-09-12 15:18:10] done  trust_randomized
[2026-09-12 15:18:10] start trust_envelope
[2026-09-12 15:19:43] done  trust_envelope
[2026-09-12 15:19:43] start host_dependence
[2026-09-12 15:19:56] done  host_dependence
[2026-09-12 15:19:56] start tier_screen
[2026-09-12 15:20:22] done  tier_screen
[2026-09-12 15:20:22] start mcs_eval
[2026-09-12 15:20:24] done  mcs_eval
[2026-09-12 15:20:24] start alfnoor_fit
[2026-09-12 15:21:10] done  alfnoor_fit
[2026-09-12 15:21:10] start alfnoor_fit_half
[2026-09-12 15:21:53] done  alfnoor_fit_half
[2026-09-12 15:21:53] start kzz_eval
[2026-09-12 15:22:00] done  kzz_eval
[2026-09-12 15:22:00] === all done
