absorbers      absorbers              acc  72.38 (-22.96) brier 0.1732 pos 0.278 amp 0.994 n=9016
absorbers      absorbers_quenched     acc  59.35 (-35.99) brier 0.2469 pos 0.097 amp 0.874 n=9016
cloud          cloud_1e1Pa            acc  53.18 (-42.16) brier 0.2428 pos 0.052 amp 0.027 n=9016
cloud          cloud_1e2Pa            acc  70.22 (-25.12) brier 0.1604 pos 0.300 amp 0.292 n=9016
cloud          cloud_1e3Pa            acc  85.03 (-10.31) brier 0.1021 pos 0.475 amp 0.588 n=9016
cloud          cloud_1e4Pa            acc  94.29 ( -1.05) brier 0.0552 pos 0.537 amp 0.835 n=9016
cloud          cloud_1e5Pa            acc  95.44 ( +0.10) brier 0.0392 pos 0.526 amp 0.959 n=9016
compound       compound_spots10_haze2e6_snr10 acc  88.41 ( -6.93) brier 0.0755 pos 0.511 amp 0.935 n=9016
compound       compound_spots10_haze3e7 acc  87.72 ( -7.62) brier 0.0926 pos 0.518 amp 1.009 n=9016
compound       compound_spots10_haze3e7_snr8 acc  87.72 ( -7.62) brier 0.0926 pos 0.518 amp 1.009 n=9016
compound       compound_spots20_haze3e7 acc  85.17 (-10.17) brier 0.1138 pos 0.479 amp 1.294 n=9016
compound       compound_spots20_haze3e7_snr8 acc  85.17 (-10.17) brier 0.1138 pos 0.479 amp 1.294 n=9016
exomol         exomol                 acc  85.17 (-10.17) brier 0.1122 pos 0.390 amp 0.868 n=9016
exotransmit    exotransmit            acc  94.58 ( -0.77) brier 0.0432 pos 0.518 amp 0.886 n=9016
haze           haze_1p0e10            acc  52.86 (-42.48) brier 0.2525 pos 0.042 amp 0.453 n=9016
haze           haze_2p0e5             acc  95.13 ( -0.21) brier 0.0387 pos 0.526 amp 0.987 n=9016
haze           haze_2p0e6             acc  94.11 ( -1.23) brier 0.0438 pos 0.540 amp 0.930 n=9016
haze           haze_2p4e8             acc  85.02 (-10.33) brier 0.1200 pos 0.516 amp 0.741 n=9016
haze           haze_3p0e7             acc  91.09 ( -4.25) brier 0.0678 pos 0.576 amp 0.853 n=9016
quenched       quenched               acc  80.98 (-14.36) brier 0.1164 pos 0.325 amp 0.876 n=9016
quenched       quenched_kzz10         acc  79.10 (-16.24) brier 0.1308 pos 0.302 amp 0.858 n=9016
quenched       quenched_kzz11         acc  76.59 (-18.76) brier 0.1496 pos 0.274 amp 0.840 n=9016
quenched       quenched_kzz7          acc  84.38 (-10.96) brier 0.0941 pos 0.364 amp 0.910 n=9016
quenched       quenched_kzz8          acc  83.00 (-12.34) brier 0.1041 pos 0.347 amp 0.887 n=9016
tlse           tlse_fac05             acc  94.65 ( -0.69) brier 0.0418 pos 0.510 amp 1.020 n=9016
tlse           tlse_fac10             acc  93.60 ( -1.74) brier 0.0472 pos 0.498 amp 1.040 n=9016
tlse           tlse_mixed             acc  89.35 ( -5.99) brier 0.0704 pos 0.508 amp 0.955 n=9016
tlse           tlse_spots02           acc  93.44 ( -1.90) brier 0.0465 pos 0.529 amp 0.975 n=9016
tlse           tlse_spots05           acc  91.46 ( -3.88) brier 0.0579 pos 0.520 amp 0.954 n=9016
tlse           tlse_spots10           acc  88.75 ( -6.59) brier 0.0733 pos 0.504 amp 0.957 n=9016
tlse           tlse_spots20           acc  85.59 ( -9.75) brier 0.0964 pos 0.474 amp 1.072 n=9016
white noise    snr12                  acc  94.62 ( -0.72) brier 0.0480 pos 0.517 amp 1.000 n=9016
white noise    snr10                  acc  93.88 ( -1.46) brier 0.0581 pos 0.510 amp 1.000 n=9016
white noise    snr8                   acc  92.59 ( -2.75) brier 0.0747 pos 0.502 amp 1.000 n=9016
white noise    snr5                   acc  88.90 ( -6.44) brier 0.1141 pos 0.447 amp 1.000 n=9016
correlated noise snr12                  acc  93.69 ( -1.65) brier 0.0495 pos 0.520 amp 1.000 n=9016
correlated noise snr10                  acc  92.07 ( -3.27) brier 0.0607 pos 0.510 amp 1.000 n=9016
correlated noise snr8                   acc  89.98 ( -5.36) brier 0.0758 pos 0.492 amp 1.000 n=9016
correlated noise snr5                   acc  84.29 (-11.05) brier 0.1172 pos 0.451 amp 1.000 n=9016
gain ramp      x0.25                  acc  95.30 ( -0.04) brier 0.0381 pos 0.522 amp 0.995 n=9016
gain ramp      x0.5                   acc  94.98 ( -0.37) brier 0.0391 pos 0.523 amp 1.000 n=9016
gain ramp      x1.0                   acc  94.62 ( -0.72) brier 0.0424 pos 0.525 amp 1.005 n=9016
gain ramp      x2.0                   acc  93.80 ( -1.54) brier 0.0532 pos 0.526 amp 1.030 n=9016
baseline offset x0.25                  acc  95.34 ( +0.00) brier 0.0379 pos 0.522 amp 1.000 n=9016
baseline offset x0.5                   acc  95.34 ( +0.00) brier 0.0379 pos 0.522 amp 1.000 n=9016
baseline offset x1.0                   acc  95.34 ( +0.00) brier 0.0379 pos 0.522 amp 1.000 n=9016
baseline offset x2.0                   acc  95.34 ( +0.00) brier 0.0379 pos 0.522 amp 1.000 n=9016
absolute noise 20 ppm                 acc  91.09 ( -4.25) brier 0.0584 pos 0.475 amp 1.000 n=9016
absolute noise 50 ppm                 acc  88.72 ( -6.62) brier 0.0719 pos 0.449 amp 1.000 n=9016
absolute noise 100 ppm                acc  86.60 ( -8.74) brier 0.0852 pos 0.423 amp 1.000 n=9016
absolute noise 200 ppm                acc  83.71 (-11.63) brier 0.0997 pos 0.393 amp 1.000 n=9016
noise colouring white snr15            acc  94.45 ( -0.89) brier 0.0483 pos 0.519 amp 1.000 n=9016
noise colouring ariel snr15            acc  95.18 ( -0.17) brier 0.0384 pos 0.521 amp 1.000 n=9016
noise colouring exosim snr15           acc  95.22 ( -0.12) brier 0.0386 pos 0.521 amp 1.000 n=9016
noise colouring white snr10            acc  93.51 ( -1.83) brier 0.0639 pos 0.508 amp 1.000 n=9016
noise colouring ariel snr10            acc  94.94 ( -0.40) brier 0.0480 pos 0.518 amp 1.000 n=9016
noise colouring exosim snr10           acc  94.89 ( -0.45) brier 0.0487 pos 0.517 amp 1.000 n=9016
noise colouring white snr7             acc  91.32 ( -4.03) brier 0.0885 pos 0.484 amp 1.000 n=9016
noise colouring ariel snr7             acc  93.18 ( -2.16) brier 0.0672 pos 0.503 amp 1.000 n=9016
noise colouring exosim snr7            acc  93.17 ( -2.17) brier 0.0684 pos 0.501 amp 1.000 n=9016
noise colouring white snr5             acc  88.29 ( -7.05) brier 0.1167 pos 0.445 amp 1.000 n=9016
noise colouring ariel snr5             acc  91.45 ( -3.89) brier 0.0926 pos 0.477 amp 1.000 n=9016
noise colouring exosim snr5            acc  91.25 ( -4.09) brier 0.0941 pos 0.475 amp 1.000 n=9016

