absorbers      absorbers              acc  71.12 (-15.18) brier 0.1640 pos 0.391 amp 1.024 n=9016
absorbers      absorbers_quenched     acc  77.10 ( -9.21) brier 0.1329 pos 0.331 amp 1.007 n=9016
cloud          cloud_1e1Pa            acc  54.80 (-31.50) brier 0.2542 pos 0.216 amp 0.027 n=9016
cloud          cloud_1e2Pa            acc  70.05 (-16.25) brier 0.1875 pos 0.352 amp 0.293 n=9016
cloud          cloud_1e3Pa            acc  78.11 ( -8.20) brier 0.1445 pos 0.457 amp 0.582 n=9016
cloud          cloud_1e4Pa            acc  83.21 ( -3.09) brier 0.1161 pos 0.514 amp 0.813 n=9016
cloud          cloud_1e5Pa            acc  85.55 ( -0.75) brier 0.0991 pos 0.539 amp 0.950 n=9016
compound       compound_spots10_haze2e6_snr10 acc  85.04 ( -1.26) brier 0.1038 pos 0.540 amp 0.955 n=9016
compound       compound_spots10_haze3e7 acc  84.83 ( -1.48) brier 0.1167 pos 0.549 amp 1.044 n=9016
compound       compound_spots10_haze3e7_snr8 acc  84.83 ( -1.48) brier 0.1167 pos 0.549 amp 1.044 n=9016
compound       compound_spots20_haze3e7 acc  83.34 ( -2.96) brier 0.1253 pos 0.519 amp 1.332 n=9016
compound       compound_spots20_haze3e7_snr8 acc  83.34 ( -2.96) brier 0.1253 pos 0.519 amp 1.332 n=9016
exomol         exomol                 acc  83.30 ( -3.01) brier 0.1199 pos 0.512 amp 0.885 n=9016
exotransmit    exotransmit            acc  87.40 ( +1.10) brier 0.0942 pos 0.527 amp 0.896 n=9016
haze           haze_1p0e10            acc  54.36 (-31.94) brier 0.2578 pos 0.137 amp 0.482 n=9016
haze           haze_2p0e5             acc  86.15 ( -0.16) brier 0.0943 pos 0.550 amp 0.986 n=9016
haze           haze_2p0e6             acc  85.70 ( -0.60) brier 0.0973 pos 0.559 amp 0.938 n=9016
haze           haze_2p4e8             acc  82.64 ( -3.66) brier 0.1428 pos 0.530 amp 0.778 n=9016
haze           haze_3p0e7             acc  84.99 ( -1.31) brier 0.1110 pos 0.575 amp 0.882 n=9016
quenched       quenched               acc  94.14 ( +7.84) brier 0.0527 pos 0.507 amp 0.999 n=9016
quenched       quenched_kzz10         acc  94.18 ( +7.87) brier 0.0528 pos 0.503 amp 0.980 n=9016
quenched       quenched_kzz11         acc  93.87 ( +7.56) brier 0.0544 pos 0.495 amp 0.956 n=9016
quenched       quenched_kzz7          acc  93.82 ( +7.52) brier 0.0548 pos 0.515 amp 1.010 n=9016
quenched       quenched_kzz8          acc  94.01 ( +7.71) brier 0.0535 pos 0.510 amp 1.005 n=9016
tlse           tlse_fac05             acc  86.17 ( -0.13) brier 0.0942 pos 0.546 amp 1.018 n=9016
tlse           tlse_fac10             acc  86.30 ( +0.00) brier 0.0951 pos 0.544 amp 1.034 n=9016
tlse           tlse_mixed             acc  85.64 ( -0.67) brier 0.0984 pos 0.535 amp 0.963 n=9016
tlse           tlse_spots02           acc  86.60 ( +0.30) brier 0.0947 pos 0.547 amp 0.977 n=9016
tlse           tlse_spots05           acc  86.12 ( -0.18) brier 0.0962 pos 0.544 amp 0.958 n=9016
tlse           tlse_spots10           acc  85.50 ( -0.80) brier 0.0996 pos 0.533 amp 0.966 n=9016
tlse           tlse_spots20           acc  83.83 ( -2.47) brier 0.1101 pos 0.512 amp 1.081 n=9016
white noise    snr12                  acc  86.54 ( +0.23) brier 0.0946 pos 0.546 amp 1.000 n=9016
white noise    snr10                  acc  86.31 ( +0.01) brier 0.0960 pos 0.547 amp 1.000 n=9016
white noise    snr8                   acc  86.20 ( -0.10) brier 0.0987 pos 0.546 amp 1.000 n=9016
white noise    snr5                   acc  86.38 ( +0.08) brier 0.1100 pos 0.533 amp 1.000 n=9016
correlated noise snr12                  acc  86.29 ( -0.01) brier 0.0951 pos 0.546 amp 1.000 n=9016
correlated noise snr10                  acc  86.41 ( +0.11) brier 0.0972 pos 0.545 amp 1.000 n=9016
correlated noise snr8                   acc  86.04 ( -0.27) brier 0.1016 pos 0.536 amp 1.000 n=9016
correlated noise snr5                   acc  84.26 ( -2.04) brier 0.1196 pos 0.524 amp 1.000 n=9016
gain ramp      x0.25                  acc  86.24 ( -0.07) brier 0.0940 pos 0.546 amp 0.993 n=9016
gain ramp      x0.5                   acc  86.51 ( +0.21) brier 0.0939 pos 0.545 amp 1.003 n=9016
gain ramp      x1.0                   acc  86.17 ( -0.13) brier 0.0949 pos 0.548 amp 1.004 n=9016
gain ramp      x2.0                   acc  85.94 ( -0.37) brier 0.0958 pos 0.546 amp 1.032 n=9016
baseline offset x0.25                  acc  86.21 ( -0.09) brier 0.0938 pos 0.548 amp 1.000 n=9016
baseline offset x0.5                   acc  86.30 ( +0.00) brier 0.0939 pos 0.548 amp 1.000 n=9016
baseline offset x1.0                   acc  86.35 ( +0.04) brier 0.0939 pos 0.544 amp 1.000 n=9016
baseline offset x2.0                   acc  86.47 ( +0.17) brier 0.0943 pos 0.548 amp 1.000 n=9016
absolute noise 20 ppm                 acc  85.79 ( -0.51) brier 0.0971 pos 0.550 amp 1.000 n=9016
absolute noise 50 ppm                 acc  85.25 ( -1.05) brier 0.1021 pos 0.546 amp 1.000 n=9016
absolute noise 100 ppm                acc  83.66 ( -2.64) brier 0.1091 pos 0.540 amp 1.000 n=9016
absolute noise 200 ppm                acc  82.43 ( -3.87) brier 0.1185 pos 0.525 amp 1.000 n=9016
noise colouring white snr15            acc  86.44 ( +0.13) brier 0.0941 pos 0.548 amp 1.000 n=9016
noise colouring ariel snr15            acc  86.61 ( +0.31) brier 0.0938 pos 0.546 amp 1.000 n=9016
noise colouring exosim snr15           acc  86.71 ( +0.41) brier 0.0938 pos 0.547 amp 1.000 n=9016
noise colouring white snr10            acc  86.55 ( +0.24) brier 0.0958 pos 0.547 amp 1.000 n=9016
noise colouring ariel snr10            acc  86.51 ( +0.21) brier 0.0951 pos 0.545 amp 1.000 n=9016
noise colouring exosim snr10           acc  86.54 ( +0.23) brier 0.0952 pos 0.546 amp 1.000 n=9016
noise colouring white snr7             acc  86.46 ( +0.16) brier 0.1004 pos 0.543 amp 1.000 n=9016
noise colouring ariel snr7             acc  86.51 ( +0.21) brier 0.0993 pos 0.543 amp 1.000 n=9016
noise colouring exosim snr7            acc  86.51 ( +0.21) brier 0.0995 pos 0.544 amp 1.000 n=9016
noise colouring white snr5             acc  86.21 ( -0.09) brier 0.1105 pos 0.536 amp 1.000 n=9016
noise colouring ariel snr5             acc  86.60 ( +0.30) brier 0.1078 pos 0.538 amp 1.000 n=9016
noise colouring exosim snr5            acc  86.41 ( +0.11) brier 0.1082 pos 0.536 amp 1.000 n=9016

