absorbers      absorbers              acc  71.36 (-20.47) brier 0.2342 pos 0.309 amp 0.994 n=9016
absorbers      absorbers_quenched     acc  62.92 (-28.92) brier 0.2993 pos 0.168 amp 0.874 n=9016
cloud          cloud_1e1Pa            acc  57.23 (-34.61) brier 0.2718 pos 0.441 amp 0.027 n=9016
cloud          cloud_1e2Pa            acc  76.94 (-14.90) brier 0.1510 pos 0.419 amp 0.292 n=9016
cloud          cloud_1e3Pa            acc  86.30 ( -5.53) brier 0.0960 pos 0.469 amp 0.588 n=9016
cloud          cloud_1e4Pa            acc  89.86 ( -1.97) brier 0.0706 pos 0.502 amp 0.835 n=9016
cloud          cloud_1e5Pa            acc  91.37 ( -0.47) brier 0.0602 pos 0.521 amp 0.959 n=9016
compound       compound_spots10_haze2e6_snr10 acc  84.15 ( -7.69) brier 0.1158 pos 0.654 amp 0.935 n=9016
compound       compound_spots10_haze3e7 acc  73.86 (-17.98) brier 0.1849 pos 0.756 amp 1.009 n=9016
compound       compound_spots10_haze3e7_snr8 acc  73.86 (-17.98) brier 0.1849 pos 0.756 amp 1.009 n=9016
compound       compound_spots20_haze3e7 acc  66.61 (-25.22) brier 0.2364 pos 0.827 amp 1.294 n=9016
compound       compound_spots20_haze3e7_snr8 acc  66.61 (-25.22) brier 0.2364 pos 0.827 amp 1.294 n=9016
exomol         exomol                 acc  77.19 (-14.65) brier 0.1762 pos 0.318 amp 0.868 n=9016
exotransmit    exotransmit            acc  91.58 ( -0.26) brier 0.0594 pos 0.511 amp 0.886 n=9016
haze           haze_1p0e10            acc  54.75 (-37.09) brier 0.2822 pos 0.446 amp 0.453 n=9016
haze           haze_2p0e5             acc  91.77 ( -0.07) brier 0.0585 pos 0.529 amp 0.987 n=9016
haze           haze_2p0e6             acc  91.05 ( -0.79) brier 0.0652 pos 0.552 amp 0.930 n=9016
haze           haze_2p4e8             acc  83.57 ( -8.26) brier 0.1177 pos 0.597 amp 0.741 n=9016
haze           haze_3p0e7             acc  86.01 ( -5.82) brier 0.1044 pos 0.617 amp 0.853 n=9016
quenched       quenched               acc  82.39 ( -9.45) brier 0.1317 pos 0.371 amp 0.876 n=9016
quenched       quenched_kzz10         acc  80.69 (-11.15) brier 0.1491 pos 0.349 amp 0.858 n=9016
quenched       quenched_kzz11         acc  78.46 (-13.38) brier 0.1664 pos 0.322 amp 0.840 n=9016
quenched       quenched_kzz7          acc  85.84 ( -6.00) brier 0.1052 pos 0.405 amp 0.910 n=9016
quenched       quenched_kzz8          acc  84.21 ( -7.63) brier 0.1172 pos 0.388 amp 0.887 n=9016
tlse           tlse_fac05             acc  90.02 ( -1.82) brier 0.0715 pos 0.482 amp 1.020 n=9016
tlse           tlse_fac10             acc  88.64 ( -3.19) brier 0.0853 pos 0.454 amp 1.040 n=9016
tlse           tlse_mixed             acc  87.10 ( -4.74) brier 0.0926 pos 0.613 amp 0.955 n=9016
tlse           tlse_spots02           acc  90.55 ( -1.29) brier 0.0657 pos 0.555 amp 0.975 n=9016
tlse           tlse_spots05           acc  88.76 ( -3.07) brier 0.0801 pos 0.590 amp 0.954 n=9016
tlse           tlse_spots10           acc  86.09 ( -5.75) brier 0.0983 pos 0.626 amp 0.957 n=9016
tlse           tlse_spots20           acc  81.77 (-10.07) brier 0.1284 pos 0.674 amp 1.072 n=9016
white noise    snr12                  acc  91.26 ( -0.58) brier 0.0618 pos 0.527 amp 1.000 n=9016
white noise    snr10                  acc  90.58 ( -1.25) brier 0.0658 pos 0.527 amp 1.000 n=9016
white noise    snr8                   acc  90.41 ( -1.43) brier 0.0700 pos 0.528 amp 1.000 n=9016
white noise    snr5                   acc  88.02 ( -3.82) brier 0.0851 pos 0.522 amp 1.000 n=9016
correlated noise snr12                  acc  90.79 ( -1.04) brier 0.0652 pos 0.521 amp 1.000 n=9016
correlated noise snr10                  acc  89.42 ( -2.42) brier 0.0749 pos 0.518 amp 1.000 n=9016
correlated noise snr8                   acc  86.89 ( -4.95) brier 0.0933 pos 0.516 amp 1.000 n=9016
correlated noise snr5                   acc  81.22 (-10.61) brier 0.1383 pos 0.514 amp 1.000 n=9016
gain ramp      x0.25                  acc  91.81 ( -0.02) brier 0.0579 pos 0.526 amp 0.995 n=9016
gain ramp      x0.5                   acc  91.57 ( -0.27) brier 0.0594 pos 0.526 amp 1.000 n=9016
gain ramp      x1.0                   acc  91.55 ( -0.29) brier 0.0605 pos 0.526 amp 1.005 n=9016
gain ramp      x2.0                   acc  89.93 ( -1.91) brier 0.0703 pos 0.532 amp 1.030 n=9016
baseline offset x0.25                  acc  91.80 ( -0.03) brier 0.0577 pos 0.525 amp 1.000 n=9016
baseline offset x0.5                   acc  91.74 ( -0.10) brier 0.0577 pos 0.525 amp 1.000 n=9016
baseline offset x1.0                   acc  91.81 ( -0.02) brier 0.0576 pos 0.524 amp 1.000 n=9016
baseline offset x2.0                   acc  91.78 ( -0.06) brier 0.0578 pos 0.524 amp 1.000 n=9016
absolute noise 20 ppm                 acc  89.53 ( -2.31) brier 0.0738 pos 0.519 amp 1.000 n=9016
absolute noise 50 ppm                 acc  88.32 ( -3.52) brier 0.0843 pos 0.531 amp 1.000 n=9016
absolute noise 100 ppm                acc  86.30 ( -5.53) brier 0.0986 pos 0.536 amp 1.000 n=9016
absolute noise 200 ppm                acc  84.49 ( -7.34) brier 0.1132 pos 0.530 amp 1.000 n=9016
noise colouring white snr15            acc  91.52 ( -0.32) brier 0.0584 pos 0.524 amp 1.000 n=9016
noise colouring ariel snr15            acc  91.65 ( -0.19) brier 0.0584 pos 0.525 amp 1.000 n=9016
noise colouring exosim snr15           acc  91.53 ( -0.31) brier 0.0589 pos 0.524 amp 1.000 n=9016
noise colouring white snr10            acc  90.73 ( -1.11) brier 0.0669 pos 0.524 amp 1.000 n=9016
noise colouring ariel snr10            acc  90.75 ( -1.09) brier 0.0662 pos 0.528 amp 1.000 n=9016
noise colouring exosim snr10           acc  90.51 ( -1.33) brier 0.0671 pos 0.528 amp 1.000 n=9016
noise colouring white snr7             acc  89.13 ( -2.71) brier 0.0769 pos 0.523 amp 1.000 n=9016
noise colouring ariel snr7             acc  89.43 ( -2.41) brier 0.0766 pos 0.529 amp 1.000 n=9016
noise colouring exosim snr7            acc  89.27 ( -2.56) brier 0.0768 pos 0.530 amp 1.000 n=9016
noise colouring white snr5             acc  87.43 ( -4.40) brier 0.0886 pos 0.523 amp 1.000 n=9016
noise colouring ariel snr5             acc  87.87 ( -3.97) brier 0.0855 pos 0.522 amp 1.000 n=9016
noise colouring exosim snr5            acc  87.79 ( -4.05) brier 0.0856 pos 0.525 amp 1.000 n=9016

