absorbers      absorbers              acc  76.65 (-13.93) brier 0.1552 pos 0.377 amp 1.024 n=9016
absorbers      absorbers_quenched     acc  77.81 (-12.78) brier 0.1457 pos 0.311 amp 1.007 n=9016
cloud          cloud_1e1Pa            acc  53.59 (-36.99) brier 0.2491 pos 0.204 amp 0.027 n=9016
cloud          cloud_1e2Pa            acc  69.10 (-21.48) brier 0.1902 pos 0.275 amp 0.293 n=9016
cloud          cloud_1e3Pa            acc  80.36 (-10.23) brier 0.1475 pos 0.387 amp 0.582 n=9016
cloud          cloud_1e4Pa            acc  86.65 ( -3.94) brier 0.1181 pos 0.467 amp 0.813 n=9016
cloud          cloud_1e5Pa            acc  89.87 ( -0.71) brier 0.0982 pos 0.511 amp 0.950 n=9016
compound       compound_spots10_haze2e6_snr10 acc  82.34 ( -8.24) brier 0.1446 pos 0.623 amp 0.955 n=9016
compound       compound_spots10_haze3e7 acc  69.94 (-20.64) brier 0.1899 pos 0.760 amp 1.044 n=9016
compound       compound_spots10_haze3e7_snr8 acc  69.94 (-20.64) brier 0.1899 pos 0.760 amp 1.044 n=9016
compound       compound_spots20_haze3e7 acc  63.86 (-26.72) brier 0.2063 pos 0.829 amp 1.332 n=9016
compound       compound_spots20_haze3e7_snr8 acc  63.86 (-26.72) brier 0.2063 pos 0.829 amp 1.332 n=9016
exomol         exomol                 acc  74.76 (-15.83) brier 0.1719 pos 0.321 amp 0.885 n=9016
exotransmit    exotransmit            acc  88.27 ( -2.32) brier 0.1045 pos 0.457 amp 0.896 n=9016
haze           haze_1p0e10            acc  52.62 (-37.97) brier 0.2518 pos 0.186 amp 0.482 n=9016
haze           haze_2p0e5             acc  90.54 ( -0.04) brier 0.0928 pos 0.526 amp 0.986 n=9016
haze           haze_2p0e6             acc  90.08 ( -0.50) brier 0.1061 pos 0.535 amp 0.938 n=9016
haze           haze_2p4e8             acc  67.79 (-22.79) brier 0.2094 pos 0.489 amp 0.778 n=9016
haze           haze_3p0e7             acc  82.03 ( -8.55) brier 0.1581 pos 0.600 amp 0.882 n=9016
quenched       quenched               acc  96.05 ( +5.47) brier 0.0694 pos 0.500 amp 0.999 n=9016
quenched       quenched_kzz10         acc  95.67 ( +5.09) brier 0.0731 pos 0.492 amp 0.980 n=9016
quenched       quenched_kzz11         acc  95.16 ( +4.58) brier 0.0776 pos 0.482 amp 0.956 n=9016
quenched       quenched_kzz7          acc  96.54 ( +5.96) brier 0.0651 pos 0.508 amp 1.010 n=9016
quenched       quenched_kzz8          acc  96.45 ( +5.87) brier 0.0667 pos 0.506 amp 1.005 n=9016
tlse           tlse_fac05             acc  88.28 ( -2.31) brier 0.0978 pos 0.487 amp 1.018 n=9016
tlse           tlse_fac10             acc  86.51 ( -4.07) brier 0.1044 pos 0.457 amp 1.034 n=9016
tlse           tlse_mixed             acc  85.17 ( -5.41) brier 0.1207 pos 0.593 amp 0.963 n=9016
tlse           tlse_spots02           acc  89.44 ( -1.14) brier 0.0984 pos 0.546 amp 0.977 n=9016
tlse           tlse_spots05           acc  87.12 ( -3.46) brier 0.1095 pos 0.577 amp 0.958 n=9016
tlse           tlse_spots10           acc  84.51 ( -6.08) brier 0.1246 pos 0.598 amp 0.966 n=9016
tlse           tlse_spots20           acc  79.34 (-11.25) brier 0.1497 pos 0.651 amp 1.081 n=9016
white noise    snr12                  acc  89.82 ( -0.77) brier 0.0976 pos 0.519 amp 1.000 n=9016
white noise    snr10                  acc  89.26 ( -1.32) brier 0.1027 pos 0.517 amp 1.000 n=9016
white noise    snr8                   acc  88.30 ( -2.28) brier 0.1092 pos 0.516 amp 1.000 n=9016
white noise    snr5                   acc  86.01 ( -4.57) brier 0.1260 pos 0.507 amp 1.000 n=9016
correlated noise snr12                  acc  88.79 ( -1.80) brier 0.1025 pos 0.521 amp 1.000 n=9016
correlated noise snr10                  acc  88.28 ( -2.31) brier 0.1106 pos 0.516 amp 1.000 n=9016
correlated noise snr8                   acc  85.44 ( -5.15) brier 0.1246 pos 0.519 amp 1.000 n=9016
correlated noise snr5                   acc  80.05 (-10.54) brier 0.1527 pos 0.532 amp 1.000 n=9016
gain ramp      x0.25                  acc  90.52 ( -0.07) brier 0.0926 pos 0.521 amp 0.993 n=9016
gain ramp      x0.5                   acc  90.39 ( -0.19) brier 0.0936 pos 0.521 amp 1.003 n=9016
gain ramp      x1.0                   acc  89.97 ( -0.61) brier 0.0972 pos 0.527 amp 1.004 n=9016
gain ramp      x2.0                   acc  88.55 ( -2.03) brier 0.1099 pos 0.536 amp 1.032 n=9016
baseline offset x0.25                  acc  90.52 ( -0.07) brier 0.0920 pos 0.523 amp 1.000 n=9016
baseline offset x0.5                   acc  90.51 ( -0.08) brier 0.0920 pos 0.522 amp 1.000 n=9016
baseline offset x1.0                   acc  90.56 ( -0.02) brier 0.0920 pos 0.522 amp 1.000 n=9016
baseline offset x2.0                   acc  90.54 ( -0.04) brier 0.0920 pos 0.522 amp 1.000 n=9016
absolute noise 20 ppm                 acc  87.16 ( -3.43) brier 0.0940 pos 0.524 amp 1.000 n=9016
absolute noise 50 ppm                 acc  85.96 ( -4.63) brier 0.1022 pos 0.525 amp 1.000 n=9016
absolute noise 100 ppm                acc  84.88 ( -5.70) brier 0.1105 pos 0.527 amp 1.000 n=9016
absolute noise 200 ppm                acc  82.86 ( -7.72) brier 0.1195 pos 0.520 amp 1.000 n=9016
noise colouring white snr15            acc  90.51 ( -0.08) brier 0.0909 pos 0.522 amp 1.000 n=9016
noise colouring ariel snr15            acc  90.39 ( -0.19) brier 0.0917 pos 0.523 amp 1.000 n=9016
noise colouring exosim snr15           acc  90.23 ( -0.35) brier 0.0928 pos 0.525 amp 1.000 n=9016
noise colouring white snr10            acc  89.07 ( -1.51) brier 0.1023 pos 0.522 amp 1.000 n=9016
noise colouring ariel snr10            acc  88.95 ( -1.63) brier 0.1028 pos 0.521 amp 1.000 n=9016
noise colouring exosim snr10           acc  88.79 ( -1.80) brier 0.1040 pos 0.522 amp 1.000 n=9016
noise colouring white snr7             acc  87.71 ( -2.87) brier 0.1133 pos 0.512 amp 1.000 n=9016
noise colouring ariel snr7             acc  87.62 ( -2.96) brier 0.1133 pos 0.516 amp 1.000 n=9016
noise colouring exosim snr7            acc  87.46 ( -3.13) brier 0.1149 pos 0.516 amp 1.000 n=9016
noise colouring white snr5             acc  85.28 ( -5.30) brier 0.1271 pos 0.515 amp 1.000 n=9016
noise colouring ariel snr5             acc  85.93 ( -4.66) brier 0.1264 pos 0.509 amp 1.000 n=9016
noise colouring exosim snr5            acc  85.60 ( -4.98) brier 0.1278 pos 0.513 amp 1.000 n=9016

