--- train ---
  train: 902/18040 done, 725 s elapsed, 0.80 s/planet effective, eta 13770 s
  train: 1804/18040 done, 1564 s elapsed, 0.87 s/planet effective, eta 14079 s
  train: 2706/18040 done, 2271 s elapsed, 0.84 s/planet effective, eta 12871 s
  train: 3608/18040 done, 2976 s elapsed, 0.82 s/planet effective, eta 11905 s
  train: 4510/18040 done, 3448 s elapsed, 0.76 s/planet effective, eta 10343 s
  train: 5412/18040 done, 3888 s elapsed, 0.72 s/planet effective, eta 9071 s
  train: 6314/18040 done, 4362 s elapsed, 0.69 s/planet effective, eta 8101 s
  train: 7216/18040 done, 4833 s elapsed, 0.67 s/planet effective, eta 7249 s
  train: 8118/18040 done, 5306 s elapsed, 0.65 s/planet effective, eta 6485 s
  train: 9020/18040 done, 5776 s elapsed, 0.64 s/planet effective, eta 5776 s
  train: 9922/18040 done, 6246 s elapsed, 0.63 s/planet effective, eta 5111 s
  train: 10824/18040 done, 6721 s elapsed, 0.62 s/planet effective, eta 4481 s
  train: 11726/18040 done, 7197 s elapsed, 0.61 s/planet effective, eta 3875 s
  train: 12628/18040 done, 7678 s elapsed, 0.61 s/planet effective, eta 3291 s
  train: 13530/18040 done, 8152 s elapsed, 0.60 s/planet effective, eta 2717 s
  train: 14432/18040 done, 8629 s elapsed, 0.60 s/planet effective, eta 2157 s
  train: 15334/18040 done, 9103 s elapsed, 0.59 s/planet effective, eta 1606 s
  train: 16236/18040 done, 9581 s elapsed, 0.59 s/planet effective, eta 1065 s
  train: 17138/18040 done, 10059 s elapsed, 0.59 s/planet effective, eta 529 s
  train: 18040/18040 done, 10539 s elapsed, 0.58 s/planet effective, eta 0 s
train: 18040 planets, 0 Exo-Transmit failures (NaN rows), jobs=4
  per-planet wall clock inside a worker: median 2.1 s, mean 2.3 s, min 1.3 s, max 7.3 s
  end-to-end: 10539 s total = 0.58 s/planet effective (18040 timed)
  projected for a 2,000-planet split at jobs=4: 19 min; five splits 1.6 h
  wrote /mnt/c/Users/owenh/BioSignatureDetectionModel/v3/data/train_native_exotransmit.npy  shape (18040, 2753)  NaN rows 0
