absorbers      absorbers              acc  70.70 (-15.84) brier 0.2195 pos 0.376 amp 1.024 n=9016
absorbers      absorbers_quenched     acc  74.69 (-11.85) brier 0.1924 pos 0.341 amp 1.007 n=9016
cloud          cloud_1e1Pa            acc  56.06 (-30.48) brier 0.2824 pos 0.399 amp 0.027 n=9016
cloud          cloud_1e2Pa            acc  70.05 (-16.48) brier 0.1963 pos 0.427 amp 0.293 n=9016
cloud          cloud_1e3Pa            acc  78.83 ( -7.71) brier 0.1423 pos 0.476 amp 0.582 n=9016
cloud          cloud_1e4Pa            acc  84.12 ( -2.42) brier 0.1113 pos 0.516 amp 0.813 n=9016
cloud          cloud_1e5Pa            acc  85.88 ( -0.65) brier 0.0985 pos 0.535 amp 0.950 n=9016
compound       compound_spots10_haze2e6_snr10 acc  84.05 ( -2.48) brier 0.1127 pos 0.584 amp 0.955 n=9016
compound       compound_spots10_haze3e7 acc  81.93 ( -4.60) brier 0.1333 pos 0.617 amp 1.044 n=9016
compound       compound_spots10_haze3e7_snr8 acc  81.93 ( -4.60) brier 0.1333 pos 0.617 amp 1.044 n=9016
compound       compound_spots20_haze3e7 acc  80.28 ( -6.26) brier 0.1453 pos 0.616 amp 1.332 n=9016
compound       compound_spots20_haze3e7_snr8 acc  80.28 ( -6.26) brier 0.1453 pos 0.616 amp 1.332 n=9016
exomol         exomol                 acc  79.17 ( -7.36) brier 0.1421 pos 0.463 amp 0.885 n=9016
exotransmit    exotransmit            acc  85.98 ( -0.55) brier 0.0967 pos 0.519 amp 0.896 n=9016
haze           haze_1p0e10            acc  53.27 (-33.26) brier 0.2990 pos 0.335 amp 0.482 n=9016
haze           haze_2p0e5             acc  86.36 ( -0.18) brier 0.0954 pos 0.547 amp 0.986 n=9016
haze           haze_2p0e6             acc  85.41 ( -1.12) brier 0.1030 pos 0.567 amp 0.938 n=9016
haze           haze_2p4e8             acc  79.99 ( -6.54) brier 0.1460 pos 0.617 amp 0.778 n=9016
haze           haze_3p0e7             acc  83.11 ( -3.43) brier 0.1256 pos 0.612 amp 0.882 n=9016
quenched       quenched               acc  92.54 ( +6.00) brier 0.0539 pos 0.525 amp 0.999 n=9016
quenched       quenched_kzz10         acc  92.39 ( +5.86) brier 0.0540 pos 0.521 amp 0.980 n=9016
quenched       quenched_kzz11         acc  92.45 ( +5.91) brier 0.0540 pos 0.513 amp 0.956 n=9016
quenched       quenched_kzz7          acc  92.39 ( +5.86) brier 0.0561 pos 0.532 amp 1.010 n=9016
quenched       quenched_kzz8          acc  92.46 ( +5.92) brier 0.0547 pos 0.529 amp 1.005 n=9016
tlse           tlse_fac05             acc  86.20 ( -0.33) brier 0.0957 pos 0.526 amp 1.018 n=9016
tlse           tlse_fac10             acc  86.31 ( -0.22) brier 0.0950 pos 0.521 amp 1.034 n=9016
tlse           tlse_mixed             acc  85.23 ( -1.31) brier 0.1029 pos 0.566 amp 0.963 n=9016
tlse           tlse_spots02           acc  85.91 ( -0.62) brier 0.0968 pos 0.549 amp 0.977 n=9016
tlse           tlse_spots05           acc  85.68 ( -0.85) brier 0.0999 pos 0.560 amp 0.958 n=9016
tlse           tlse_spots10           acc  84.84 ( -1.70) brier 0.1045 pos 0.567 amp 0.966 n=9016
tlse           tlse_spots20           acc  83.33 ( -3.21) brier 0.1204 pos 0.571 amp 1.081 n=9016
white noise    snr12                  acc  86.04 ( -0.50) brier 0.0959 pos 0.541 amp 1.000 n=9016
white noise    snr10                  acc  85.86 ( -0.68) brier 0.0974 pos 0.538 amp 1.000 n=9016
white noise    snr8                   acc  85.89 ( -0.64) brier 0.0974 pos 0.537 amp 1.000 n=9016
white noise    snr5                   acc  84.63 ( -1.91) brier 0.1068 pos 0.522 amp 1.000 n=9016
correlated noise snr12                  acc  85.85 ( -0.69) brier 0.0976 pos 0.538 amp 1.000 n=9016
correlated noise snr10                  acc  85.70 ( -0.83) brier 0.0986 pos 0.532 amp 1.000 n=9016
correlated noise snr8                   acc  85.02 ( -1.52) brier 0.1050 pos 0.526 amp 1.000 n=9016
correlated noise snr5                   acc  82.26 ( -4.27) brier 0.1268 pos 0.510 amp 1.000 n=9016
gain ramp      x0.25                  acc  86.38 ( -0.16) brier 0.0947 pos 0.540 amp 0.993 n=9016
gain ramp      x0.5                   acc  86.11 ( -0.42) brier 0.0949 pos 0.540 amp 1.003 n=9016
gain ramp      x1.0                   acc  86.15 ( -0.39) brier 0.0958 pos 0.539 amp 1.004 n=9016
gain ramp      x2.0                   acc  85.95 ( -0.59) brier 0.0962 pos 0.540 amp 1.032 n=9016
baseline offset x0.25                  acc  86.54 ( +0.00) brier 0.0944 pos 0.540 amp 1.000 n=9016
baseline offset x0.5                   acc  86.29 ( -0.24) brier 0.0955 pos 0.540 amp 1.000 n=9016
baseline offset x1.0                   acc  85.95 ( -0.59) brier 0.0964 pos 0.537 amp 1.000 n=9016
baseline offset x2.0                   acc  86.19 ( -0.34) brier 0.0949 pos 0.539 amp 1.000 n=9016
absolute noise 20 ppm                 acc  85.03 ( -1.51) brier 0.1050 pos 0.528 amp 1.000 n=9016
absolute noise 50 ppm                 acc  84.83 ( -1.71) brier 0.1081 pos 0.519 amp 1.000 n=9016
absolute noise 100 ppm                acc  83.41 ( -3.13) brier 0.1186 pos 0.514 amp 1.000 n=9016
absolute noise 200 ppm                acc  82.22 ( -4.31) brier 0.1270 pos 0.511 amp 1.000 n=9016
noise colouring white snr15            acc  86.31 ( -0.22) brier 0.0944 pos 0.538 amp 1.000 n=9016
noise colouring ariel snr15            acc  86.22 ( -0.31) brier 0.0945 pos 0.539 amp 1.000 n=9016
noise colouring exosim snr15           acc  86.25 ( -0.29) brier 0.0946 pos 0.539 amp 1.000 n=9016
noise colouring white snr10            acc  86.05 ( -0.49) brier 0.0959 pos 0.537 amp 1.000 n=9016
noise colouring ariel snr10            acc  86.22 ( -0.31) brier 0.0947 pos 0.537 amp 1.000 n=9016
noise colouring exosim snr10           acc  86.18 ( -0.35) brier 0.0951 pos 0.537 amp 1.000 n=9016
noise colouring white snr7             acc  85.58 ( -0.95) brier 0.1001 pos 0.528 amp 1.000 n=9016
noise colouring ariel snr7             acc  85.75 ( -0.79) brier 0.0976 pos 0.529 amp 1.000 n=9016
noise colouring exosim snr7            acc  85.86 ( -0.68) brier 0.0976 pos 0.528 amp 1.000 n=9016
noise colouring white snr5             acc  84.95 ( -1.59) brier 0.1030 pos 0.524 amp 1.000 n=9016
noise colouring ariel snr5             acc  85.38 ( -1.15) brier 0.0995 pos 0.527 amp 1.000 n=9016
noise colouring exosim snr5            acc  85.43 ( -1.11) brier 0.0991 pos 0.526 amp 1.000 n=9016

