WARNING: All log messages before absl::InitializeLog() is called are written to STDERR
I0000 00:00:1789251389.228757 1115069 port.cc:153] oneDNN custom operations are on. You may see slightly different numerical results due to floating-point round-off errors from different computation orders. To turn them off, set the environment variable `TF_ENABLE_ONEDNN_OPTS=0`.
I0000 00:00:1789251389.231132 1115069 cudart_stub.cc:31] Could not find cuda drivers on your machine, GPU will not be used.
I0000 00:00:1789251389.260480 1115069 cpu_feature_guard.cc:227] This TensorFlow binary is optimized to use available CPU instructions in performance-critical operations.
To enable the following instructions: AVX2 AVX_VNNI FMA, in other operations, rebuild TensorFlow with the appropriate compiler flags.
WARNING: All log messages before absl::InitializeLog() is called are written to STDERR
I0000 00:00:1789251390.494409 1115069 port.cc:153] oneDNN custom operations are on. You may see slightly different numerical results due to floating-point round-off errors from different computation orders. To turn them off, set the environment variable `TF_ENABLE_ONEDNN_OPTS=0`.
I0000 00:00:1789251390.496292 1115069 cudart_stub.cc:31] Could not find cuda drivers on your machine, GPU will not be used.
E0000 00:00:1789251390.898060 1115069 cuda_executor.cc:1737] INTERNAL: CUDA Runtime error: Failed call to cudaGetRuntimeVersion: Error loading CUDA libraries. GPU will not be used.: Error loading CUDA libraries. GPU will not be used.
W0000 00:00:1789251390.899307 1115098 cuda_executor.cc:1755] Failed to determine cuDNN version (Note that this is expected if the application doesn't link the cuDNN plugin): INTERNAL: cuDNN error: CUDNN_STATUS_INTERNAL_ERROR
W0000 00:00:1789251390.916128 1115069 gpu_device.cc:2365] Cannot dlopen some GPU libraries. Please make sure the missing libraries mentioned above are installed properly if you would like to use GPU. Follow the guide at https://www.tensorflow.org/install/gpu for how to download and setup the required libraries for your platform.
Skipping registering GPU devices...
clean                      acc  96.47  margin: keep  90% -> 99.09 (auroc_err 0.94)  ensemble: keep  90% -> 97.81 (auroc_err 0.87)  mahalanobis: keep  90% -> 96.12 (auroc_err 0.41)  pca_recon: keep  90% -> 96.23 (auroc_err 0.47)  knn: keep  90% -> 96.12 (auroc_err 0.41)
cloud_1e3Pa                acc  92.44  margin: keep  76% -> 98.30 (auroc_err 0.90)  ensemble: keep  56% -> 97.57 (auroc_err 0.79)  mahalanobis: keep  20% -> 91.38 (auroc_err 0.55)  pca_recon: keep  29% -> 93.28 (auroc_err 0.56)  knn: keep  32% -> 92.23 (auroc_err 0.56)
cloud_1e4Pa                acc  95.15  margin: keep  86% -> 98.70 (auroc_err 0.92)  ensemble: keep  79% -> 97.65 (auroc_err 0.82)  mahalanobis: keep  59% -> 94.48 (auroc_err 0.44)  pca_recon: keep  65% -> 94.91 (auroc_err 0.48)  knn: keep  66% -> 94.46 (auroc_err 0.43)
haze_3p0e7                 acc  90.35  margin: keep  93% -> 93.62 (auroc_err 0.89)  ensemble: keep  61% -> 97.01 (auroc_err 0.72)  mahalanobis: keep  24% -> 89.10 (auroc_err 0.37)  pca_recon: keep  28% -> 88.82 (auroc_err 0.41)  knn: keep  33% -> 86.49 (auroc_err 0.36)
haze_2p4e8                 acc  88.10  margin: keep  88% -> 93.50 (auroc_err 0.85)  ensemble: keep  15% -> 98.10 (auroc_err 0.42)  mahalanobis: keep   3% -> 90.70 (auroc_err 0.37)  pca_recon: keep   4% -> 87.77 (auroc_err 0.44)  knn: keep   4% -> 85.42 (auroc_err 0.34)
tlse_spots10               acc  88.79  margin: keep  91% -> 92.19 (auroc_err 0.88)  ensemble: keep  69% -> 97.67 (auroc_err 0.84)  mahalanobis: keep  50% -> 93.44 (auroc_err 0.68)  pca_recon: keep  58% -> 93.00 (auroc_err 0.67)  knn: keep  50% -> 93.96 (auroc_err 0.70)
tlse_spots20               acc  85.48  margin: keep  88% -> 89.97 (auroc_err 0.85)  ensemble: keep  54% -> 97.58 (auroc_err 0.75)  mahalanobis: keep  33% -> 94.17 (auroc_err 0.72)  pca_recon: keep  41% -> 93.35 (auroc_err 0.70)  knn: keep  32% -> 94.58 (auroc_err 0.73)
tlse_mixed                 acc  89.17  margin: keep  91% -> 92.68 (auroc_err 0.88)  ensemble: keep  72% -> 97.57 (auroc_err 0.85)  mahalanobis: keep  53% -> 93.46 (auroc_err 0.68)  pca_recon: keep  61% -> 93.06 (auroc_err 0.67)  knn: keep  53% -> 93.85 (auroc_err 0.69)
exotransmit                acc  89.98  margin: keep  92% -> 94.02 (auroc_err 0.91)  ensemble: keep  79% -> 97.25 (auroc_err 0.90)  mahalanobis: keep  55% -> 86.25 (auroc_err 0.39)  pca_recon: keep  56% -> 88.87 (auroc_err 0.48)  knn: keep  66% -> 86.54 (auroc_err 0.34)
exomol                     acc  80.57  margin: keep  65% -> 91.84 (auroc_err 0.82)  ensemble: keep  44% -> 97.83 (auroc_err 0.83)  mahalanobis: keep   5% -> 83.53 (auroc_err 0.69)  pca_recon: keep  17% -> 90.96 (auroc_err 0.73)  knn: keep  15% -> 80.66 (auroc_err 0.52)
quenched                   acc  98.30  margin: keep  97% -> 98.96 (auroc_err 0.92)  ensemble: keep  96% -> 98.81 (auroc_err 0.85)  mahalanobis: keep  77% -> 98.03 (auroc_err 0.40)  pca_recon: keep  81% -> 98.16 (auroc_err 0.43)  knn: keep  77% -> 98.10 (auroc_err 0.40)
compound_spots20_haze3e7   acc  85.40  margin: keep  85% -> 91.69 (auroc_err 0.85)  ensemble: keep  20% -> 97.52 (auroc_err 0.50)  mahalanobis: keep   1% -> 96.83 (auroc_err 0.62)  pca_recon: keep   4% -> 93.25 (auroc_err 0.60)  knn: keep   0% -> 100.00 (auroc_err 0.63)
absorbers                  acc  71.93  margin: keep  86% -> 72.99 (auroc_err 0.66)  ensemble: keep  77% -> 79.95 (auroc_err 0.84)  mahalanobis: keep  61% -> 95.32 (auroc_err 0.92)  pca_recon: keep  60% -> 95.46 (auroc_err 0.92)  knn: keep  65% -> 93.31 (auroc_err 0.90)
absorbers_quenched         acc  66.46  margin: keep  91% -> 68.57 (auroc_err 0.79)  ensemble: keep  78% -> 79.62 (auroc_err 0.92)  mahalanobis: keep  37% -> 98.31 (auroc_err 0.95)  pca_recon: keep  37% -> 98.34 (auroc_err 0.93)  knn: keep  47% -> 93.65 (auroc_err 0.90)
white_snr8                 acc  92.26  margin: keep  83% -> 97.41 (auroc_err 0.90)  ensemble: keep  60% -> 98.71 (auroc_err 0.85)  mahalanobis: keep   0% -> 100.00 (auroc_err 0.44)  pca_recon: keep   0% -> 100.00 (auroc_err 0.46)  knn: keep  14% -> 95.83 (auroc_err 0.42)
white_snr5                 acc  88.44  margin: keep  76% -> 95.91 (auroc_err 0.87)  ensemble: keep  32% -> 98.39 (auroc_err 0.76)  mahalanobis: keep   0% ->   nan (auroc_err 0.45)  pca_recon: keep   0% -> 100.00 (auroc_err 0.47)  knn: keep   0% ->   nan (auroc_err 0.41)
correlated_snr8            acc  89.11  margin: keep  86% -> 93.58 (auroc_err 0.85)  ensemble: keep  68% -> 97.59 (auroc_err 0.86)  mahalanobis: keep  21% -> 88.24 (auroc_err 0.43)  pca_recon: keep  48% -> 88.40 (auroc_err 0.48)  knn: keep  25% -> 89.00 (auroc_err 0.42)
correlated_snr5            acc  83.47  margin: keep  81% -> 89.57 (auroc_err 0.81)  ensemble: keep  40% -> 96.33 (auroc_err 0.73)  mahalanobis: keep   2% -> 81.48 (auroc_err 0.44)  pca_recon: keep  23% -> 83.52 (auroc_err 0.49)  knn: keep   2% -> 83.33 (auroc_err 0.43)
score        mean accepted worst accepted mean coverage mean AUROC(err)
pca_recon           93.01%         83.52%         35.9%           0.585
mahalanobis         92.17%         81.48%         29.4%           0.561
knn                 91.34%         80.66%         34.2%           0.540
ensemble            95.60%         79.62%         58.8%           0.780
margin              91.38%         68.57%         85.5%           0.857

Without declining anything the worst shifted-case accuracy is 66.46%.
