  trained full (0 s)
  trained no_spots (0 s)
  trained no_quench (0 s)
  trained no_aero (0 s)
  trained no_noise (0 s)
clean                         in   frozen  88.55  full  88.19  held-out    nan  oracle    nan
cloud_1e5Pa                   in   frozen  88.10  full  87.70  held-out  87.88  oracle    nan
cloud_1e4Pa                   in   frozen  83.90  full  83.91  held-out  83.36  oracle    nan
cloud_1e3Pa                   in   frozen  76.57  full  75.17  held-out  73.55  oracle    nan
cloud_1e2Pa                   OUT  frozen  64.41  full  63.80  held-out  62.27  oracle    nan
cloud_1e1Pa                   OUT  frozen  52.67  full  52.81  held-out  52.32  oracle    nan
haze_2p0e5                    in   frozen  88.49  full  87.66  held-out  88.54  oracle    nan
haze_2p0e6                    in   frozen  86.22  full  86.60  held-out  86.50  oracle    nan
haze_3p0e7                    in   frozen  59.47  full  73.20  held-out  64.32  oracle  81.44
haze_2p4e8                    in   frozen  49.90  full  65.35  held-out  58.01  oracle    nan
haze_1p0e10                   OUT  frozen  49.71  full  48.95  held-out  50.43  oracle    nan
tlse_spots02                  in   frozen  86.96  full  86.97  held-out  86.10  oracle    nan
tlse_spots05                  in   frozen  84.00  full  85.95  held-out  84.52  oracle    nan
tlse_spots10                  in   frozen  78.93  full  84.80  held-out  81.92  oracle  86.93
tlse_spots20                  in   frozen  70.76  full  83.37  held-out  78.32  oracle  85.56
tlse_mixed                    OUT  frozen  80.51  full  84.83  held-out  82.55  oracle    nan
tlse_fac10                    OUT  frozen  86.86  full  85.97  held-out  85.67  oracle    nan
quenched                      in   frozen  80.98  full  81.32  held-out  80.78  oracle    nan
exotransmit                   OUT  frozen  87.56  full  87.58  held-out  87.58  oracle  87.88
exomol                        OUT  frozen  67.50  full  70.22  held-out  70.22  oracle  80.33
compound_spots10_haze3e7      in   frozen  50.54  full  71.56  held-out    nan  oracle    nan
compound_spots20_haze3e7      in   frozen  50.00  full  70.14  held-out    nan  oracle    nan
white_snr12                   in   frozen  87.06  full  87.39  held-out  86.81  oracle    nan
white_snr8                    in   frozen  82.29  full  83.97  held-out  82.13  oracle  84.63
white_snr5                    in   frozen  73.47  full  75.37  held-out  73.18  oracle  79.51
correlated_snr12              OUT  frozen  88.55  full  88.04  held-out  87.72  oracle    nan
correlated_snr8               OUT  frozen  88.37  full  87.67  held-out  87.70  oracle  88.59
correlated_snr5               OUT  frozen  87.93  full  87.41  held-out  87.66  oracle  87.99
Randomized training grid vs the frozen screen, configuration tier1, pipeline norm_xgb

full = every ingredient randomized; held-out = the variant trained WITHOUT the case's axis
(for the opacity and code axes every variant is held out; 'full' is shown). oracle = trained at the
test strength (oracle.py), where measured. in/OUT = test strength inside the randomized training range.

case                           range   frozen     full  held-out   oracle
clean                             in    88.55    88.19         -        -
cloud_1e5Pa                       in    88.10    87.70     87.88        -
cloud_1e4Pa                       in    83.90    83.91     83.36        -
cloud_1e3Pa                       in    76.57    75.17     73.55        -
cloud_1e2Pa                      OUT    64.41    63.80     62.27        -
cloud_1e1Pa                      OUT    52.67    52.81     52.32        -
haze_2p0e5                        in    88.49    87.66     88.54        -
haze_2p0e6                        in    86.22    86.60     86.50        -
haze_3p0e7                        in    59.47    73.20     64.32    81.44
haze_2p4e8                        in    49.90    65.35     58.01        -
haze_1p0e10                      OUT    49.71    48.95     50.43        -
tlse_spots02                      in    86.96    86.97     86.10        -
tlse_spots05                      in    84.00    85.95     84.52        -
tlse_spots10                      in    78.93    84.80     81.92    86.93
tlse_spots20                      in    70.76    83.37     78.32    85.56
tlse_mixed                       OUT    80.51    84.83     82.55        -
tlse_fac10                       OUT    86.86    85.97     85.67        -
quenched                          in    80.98    81.32     80.78        -
exotransmit                      OUT    87.56    87.58     87.58    87.88
exomol                           OUT    67.50    70.22     70.22    80.33
compound_spots10_haze3e7          in    50.54    71.56         -        -
compound_spots20_haze3e7          in    50.00    70.14         -        -
white_snr12                       in    87.06    87.39     86.81        -
white_snr8                        in    82.29    83.97     82.13    84.63
white_snr5                        in    73.47    75.37     73.18    79.51
correlated_snr12                 OUT    88.55    88.04     87.72        -
correlated_snr8                  OUT    88.37    87.67     87.70    88.59
correlated_snr5                  OUT    87.93    87.41     87.66    87.99

clean cost of randomization: 88.55% -> 88.19% (-0.37 points)
in-range cases with an oracle: full reaches 31-85% of the ceiling (n = 5)

Held-out axes, IN-RANGE cases only: mean loss (points vs the frozen clean accuracy) of the frozen screen, of the
variant trained without that axis, and of the full randomized screen; transfer = share of full's loss reduction
that the held-out variant achieves without ever seeing the axis.
  held-out aero   : frozen +12.46  without-axis +11.10  full  +8.61   transfer    35%   (7 cases)
  held-out spots  : frozen  +8.39  without-axis  +5.84  full  +3.28   transfer    50%   (4 cases)
  held-out quench : frozen  +7.58  without-axis  +7.78  full  +7.23   transfer   -58%   (1 cases)
  held-out noise  : frozen  +7.62  without-axis  +7.85  full  +6.31   transfer   -18%   (3 cases)
  never trained exotransmit : frozen  +1.00  randomized  +0.98
  never trained exomol      : frozen +21.05  randomized +18.33

Absorb/detect trade-off (Mahalanobis shift AUROC; margin error AUROC), frozen -> full:
  cloud_1e5Pa                    shift 0.504 -> 0.494   error 0.872 -> 0.842
  cloud_1e4Pa                    shift 0.564 -> 0.539   error 0.824 -> 0.805
  cloud_1e3Pa                    shift 0.721 -> 0.683   error 0.704 -> 0.713
  cloud_1e2Pa                    shift 0.901 -> 0.865   error 0.603 -> 0.617
  cloud_1e1Pa                    shift 0.991 -> 0.966   error 0.521 -> 0.516
  haze_2p0e5                     shift 0.537 -> 0.503   error 0.881 -> 0.855
  haze_2p0e6                     shift 0.729 -> 0.539   error 0.806 -> 0.832
  haze_3p0e7                     shift 0.968 -> 0.639   error 0.574 -> 0.682
  haze_2p4e8                     shift 0.999 -> 0.827   error 0.559 -> 0.629
  haze_1p0e10                    shift 1.000 -> 0.984   error 0.485 -> 0.524
  tlse_spots02                   shift 0.622 -> 0.580   error 0.836 -> 0.843
  tlse_spots05                   shift 0.735 -> 0.622   error 0.739 -> 0.823
  tlse_spots10                   shift 0.836 -> 0.607   error 0.678 -> 0.808
  tlse_spots20                   shift 0.919 -> 0.490   error 0.636 -> 0.789
  tlse_mixed                     shift 0.817 -> 0.639   error 0.690 -> 0.812
  tlse_fac10                     shift 0.465 -> 0.499   error 0.838 -> 0.841
  quenched                       shift 0.467 -> 0.495   error 0.711 -> 0.807
  exotransmit                    shift 0.555 -> 0.544   error 0.869 -> 0.846
  exomol                         shift 0.513 -> 0.518   error 0.675 -> 0.761
  compound_spots10_haze3e7       shift 1.000 -> 0.308   error 0.585 -> 0.673
  compound_spots20_haze3e7       shift 1.000 -> 0.199   error 0.604 -> 0.663
  white_snr12                    shift 0.563 -> 0.545   error 0.858 -> 0.831
  white_snr8                     shift 0.703 -> 0.660   error 0.792 -> 0.793
  white_snr5                     shift 0.851 -> 0.809   error 0.703 -> 0.693
  correlated_snr12               shift 0.510 -> 0.507   error 0.881 -> 0.852
  correlated_snr8                shift 0.544 -> 0.534   error 0.872 -> 0.847
  correlated_snr5                shift 0.600 -> 0.578   error 0.849 -> 0.829
