[ariel] train (18040, 102), tests [1804, 1814, 1813, 1776, 1809], positives 0.502
[ariel] feature dims: {'pcaw': 71, 'raw': 102, 'norm': 102, 'pca': 71}
[ariel] tuned raw_xgb: {'n_estimators': 500, 'max_depth': 10, 'learning_rate': 0.1, 'subsample': 0.8} cv 0.8499 (287s)
raw_xgb    accuracy 85.93±1.06  precision 83.14±1.86  recall 90.16±0.55  f1 86.50±0.95  brier 0.0944±0.0052  ece 0.0236±0.0058  auc 0.9443±0.0054
[ariel] tuned raw_rf: {'n_estimators': 300, 'max_depth': None, 'min_samples_leaf': 1} cv 0.8565 (1893s)
raw_rf     accuracy 86.19±1.17  precision 82.63±1.79  recall 91.65±1.17  f1 86.90±1.16  brier 0.0946±0.0057  ece 0.0380±0.0061  auc 0.9432±0.0061
[ariel] tuned pca_xgb: {'n_estimators': 500, 'max_depth': 7, 'learning_rate': 0.05, 'subsample': 0.8} cv 0.9141 (3284s)
pca_xgb    accuracy 91.56±0.54  precision 90.12±1.23  recall 93.34±0.36  f1 91.70±0.62  brier 0.0589±0.0039  ece 0.0174±0.0044  auc 0.9772±0.0021
[ariel] tuned pca_rf: {'n_estimators': 300, 'max_depth': None, 'min_samples_leaf': 2} cv 0.9017 (3818s)
pca_rf     accuracy 90.22±0.49  precision 88.88±0.87  recall 91.94±0.71  f1 90.38±0.44  brier 0.0931±0.0015  ece 0.1403±0.0053  auc 0.9694±0.0022
[ariel] tuned norm_xgb: {'n_estimators': 500, 'max_depth': 5, 'learning_rate': 0.05, 'subsample': 0.8} cv 0.9619 (4194s)
norm_xgb   accuracy 95.84±0.50  precision 94.29±0.92  recall 97.58±0.21  f1 95.91±0.53  brier 0.0304±0.0040  ece 0.0121±0.0047  auc 0.9928±0.0010
[ariel] tuned norm_rf: {'n_estimators': 500, 'max_depth': None, 'min_samples_leaf': 1} cv 0.9561 (4886s)
norm_rf    accuracy 95.53±0.67  precision 93.80±1.11  recall 97.49±0.31  f1 95.61±0.70  brier 0.0374±0.0038  ece 0.0320±0.0031  auc 0.9901±0.0020
WARNING: All log messages before absl::InitializeLog() is called are written to STDERR
I0000 00:00:1789174080.250530  456242 port.cc:153] oneDNN custom operations are on. You may see slightly different numerical results due to floating-point round-off errors from different computation orders. To turn them off, set the environment variable `TF_ENABLE_ONEDNN_OPTS=0`.
I0000 00:00:1789174080.255080  456242 cudart_stub.cc:31] Could not find cuda drivers on your machine, GPU will not be used.
I0000 00:00:1789174080.708562  456242 cpu_feature_guard.cc:227] This TensorFlow binary is optimized to use available CPU instructions in performance-critical operations.
To enable the following instructions: AVX2 AVX_VNNI FMA, in other operations, rebuild TensorFlow with the appropriate compiler flags.
WARNING: All log messages before absl::InitializeLog() is called are written to STDERR
I0000 00:00:1789174085.144561  456242 port.cc:153] oneDNN custom operations are on. You may see slightly different numerical results due to floating-point round-off errors from different computation orders. To turn them off, set the environment variable `TF_ENABLE_ONEDNN_OPTS=0`.
I0000 00:00:1789174085.147861  456242 cudart_stub.cc:31] Could not find cuda drivers on your machine, GPU will not be used.
E0000 00:00:1789174086.601421  456242 cuda_executor.cc:1737] INTERNAL: CUDA Runtime error: Failed call to cudaGetRuntimeVersion: Error loading CUDA libraries. GPU will not be used.: Error loading CUDA libraries. GPU will not be used.
W0000 00:00:1789174086.603468  490675 cuda_executor.cc:1755] Failed to determine cuDNN version (Note that this is expected if the application doesn't link the cuDNN plugin): INTERNAL: cuDNN error: CUDNN_STATUS_INTERNAL_ERROR
W0000 00:00:1789174086.653851  456242 gpu_device.cc:2365] Cannot dlopen some GPU libraries. Please make sure the missing libraries mentioned above are installed properly if you would like to use GPU. Follow the guide at https://www.tensorflow.org/install/gpu for how to download and setup the required libraries for your platform.
Skipping registering GPU devices...
[ariel] tuned norm_mlp: {'hidden': (256, 128, 64), 'dropout': 0.4, 'batch': 128} cv 0.9551 (5690s)
norm_mlp   accuracy 95.47±0.58  precision 93.56±1.11  recall 97.66±0.29  f1 95.56±0.63  brier 0.0332±0.0040  ece 0.0111±0.0054  auc 0.9914±0.0014   restarts acc 95.47±0.15 (n=5)
[ariel] tuned pcaw_mlp: {'hidden': (512, 256, 128), 'dropout': 0.2, 'batch': 128} cv 0.8574 (6782s)
pcaw_mlp   accuracy 86.82±0.73  precision 89.37±1.26  recall 84.74±0.92  f1 86.43±0.92  brier 0.1074±0.0027  ece 0.1327±0.0104  auc 0.9605±0.0052   restarts acc 86.82±3.14 (n=5)
[ariel] tuned pca_mlp: {'hidden': (256, 128, 64), 'dropout': 0.4, 'batch': 128} cv 0.8567 (8006s)
pca_mlp    accuracy 85.63±0.62  precision 89.94±1.11  recall 81.31±0.99  f1 84.66±0.69  brier 0.1047±0.0018  ece 0.1163±0.0094  auc 0.9598±0.0027   restarts acc 85.63±3.48 (n=5)
In-domain study, configuration = ariel, SNR 15 (peak-to-peak convention), Ariel-shaped noise
train n = 18040, test sets n = [1804, 1814, 1813, 1776, 1809]
feature dimensions: {'pcaw': 71, 'raw': 102, 'norm': 102, 'pca': 71}

raw_xgb    accuracy 85.93±1.06  precision 83.14±1.86  recall 90.16±0.55  f1 86.50±0.95  brier 0.0944±0.0052  ece 0.0236±0.0058  auc 0.9443±0.0054
raw_rf     accuracy 86.19±1.17  precision 82.63±1.79  recall 91.65±1.17  f1 86.90±1.16  brier 0.0946±0.0057  ece 0.0380±0.0061  auc 0.9432±0.0061
pca_xgb    accuracy 91.56±0.54  precision 90.12±1.23  recall 93.34±0.36  f1 91.70±0.62  brier 0.0589±0.0039  ece 0.0174±0.0044  auc 0.9772±0.0021
pca_rf     accuracy 90.22±0.49  precision 88.88±0.87  recall 91.94±0.71  f1 90.38±0.44  brier 0.0931±0.0015  ece 0.1403±0.0053  auc 0.9694±0.0022
norm_xgb   accuracy 95.84±0.50  precision 94.29±0.92  recall 97.58±0.21  f1 95.91±0.53  brier 0.0304±0.0040  ece 0.0121±0.0047  auc 0.9928±0.0010
norm_rf    accuracy 95.53±0.67  precision 93.80±1.11  recall 97.49±0.31  f1 95.61±0.70  brier 0.0374±0.0038  ece 0.0320±0.0031  auc 0.9901±0.0020
norm_mlp   accuracy 95.47±0.58  precision 93.56±1.11  recall 97.66±0.29  f1 95.56±0.63  brier 0.0332±0.0040  ece 0.0111±0.0054  auc 0.9914±0.0014   restarts acc 95.47±0.15 (n=5)
pcaw_mlp   accuracy 86.82±0.73  precision 89.37±1.26  recall 84.74±0.92  f1 86.43±0.92  brier 0.1074±0.0027  ece 0.1327±0.0104  auc 0.9605±0.0052   restarts acc 86.82±3.14 (n=5)
pca_mlp    accuracy 85.63±0.62  precision 89.94±1.11  recall 81.31±0.99  f1 84.66±0.69  brier 0.1047±0.0018  ece 0.1163±0.0094  auc 0.9598±0.0027   restarts acc 85.63±3.48 (n=5)

Pairwise McNemar (exact) on pooled test sets: (b = A right/B wrong, c = A wrong/B right, p)
  norm_xgb vs raw_xgb   : b= 1021 c=  127 p=5.82e-174
  norm_xgb vs raw_rf    : b=  988 c=  118 p=1.25e-171
  norm_xgb vs pca_xgb   : b=  500 c=  114 p=1.45e-58
  norm_xgb vs pca_rf    : b=  636 c=  129 p=2.71e-81
  norm_xgb vs norm_rf   : b=  103 c=   75 p=4.27e-02
  norm_xgb vs norm_mlp  : b=  126 c=  106 p=2.12e-01
  norm_xgb vs pcaw_mlp  : b=  959 c=  135 p=1.35e-153
  norm_xgb vs pca_mlp   : b= 1461 c=  162 p=1.41e-261
Paired bootstrap F1 gap norm_xgb - norm_rf: 0.29 pts, 95% CI [0.01, 0.58]

Best pipeline: norm_xgb  (frozen at models/ariel_norm_xgb.joblib)
done in 8221s
