train variance:
  bootstrap 1/10: 95.82%
  bootstrap 2/10: 95.68%
  bootstrap 3/10: 95.71%
  bootstrap 4/10: 95.79%
  bootstrap 5/10: 95.75%
  bootstrap 6/10: 95.70%
  bootstrap 7/10: 95.72%
  bootstrap 8/10: 95.63%
  bootstrap 9/10: 95.72%
  bootstrap 10/10: 95.76%
spot contrast:
correlation length:
Sensitivity of three stated limitations, configuration ariel, pipeline norm_xgb

1. Training-draw uncertainty (10 bootstrap resamples of the training set,
   each retrained and scored on the same five test sets)
   five-set mean accuracy: 95.73% ± 0.05 across training draws
   range 95.63-95.82%; the paper's single-draw value is the reference model

2. Stellar-contamination result against the adopted spot contrast
   (T_spot / T_eff; the paper adopts 0.85)

    contrast   5% coverage  20% coverage
        0.80        91.12%        84.16%
        0.85        91.74%        85.40%
        0.90        92.79%        87.58%

3. Correlated-noise cost against the smoothing kernel width, at effective SNR 8
   (clean baseline 95.84%; the paper uses sigma 3 bins)

   white (sigma 0)     91.94%  (-3.90)
   sigma 1 bins        90.49%  (-5.35)
   sigma 3 bins        89.42%  (-6.42)
   sigma 8 bins        89.83%  (-6.01)
   sigma 20 bins       89.65%  (-6.19)

