cloud          cloud_1e1Pa            acc  57.21 (-34.35) brier 0.2813 pos 0.406 amp 0.026 n=9016
cloud          cloud_1e2Pa            acc  77.28 (-14.27) brier 0.1549 pos 0.370 amp 0.286 n=9016
cloud          cloud_1e3Pa            acc  85.59 ( -5.97) brier 0.1025 pos 0.434 amp 0.572 n=9016
cloud          cloud_1e4Pa            acc  89.53 ( -2.03) brier 0.0739 pos 0.481 amp 0.804 n=9016
cloud          cloud_1e5Pa            acc  91.20 ( -0.35) brier 0.0611 pos 0.512 amp 0.945 n=9016
exomol         exomol                 acc  80.37 (-11.19) brier 0.1455 pos 0.362 amp 0.864 n=9016
exotransmit    exotransmit            acc  90.02 ( -1.54) brier 0.0722 pos 0.460 amp 0.887 n=9016
haze           haze_1p0e10            acc  52.64 (-38.92) brier 0.3678 pos 0.097 amp 0.474 n=9016
haze           haze_2p0e5             acc  91.60 ( +0.04) brier 0.0589 pos 0.521 amp 0.987 n=9016
haze           haze_2p0e6             acc  91.10 ( -0.45) brier 0.0648 pos 0.538 amp 0.947 n=9016
haze           haze_2p4e8             acc  72.84 (-18.72) brier 0.1790 pos 0.427 amp 0.779 n=9016
haze           haze_3p0e7             acc  86.06 ( -5.50) brier 0.1042 pos 0.590 amp 0.894 n=9016
quenched       quenched               acc  97.50 ( +5.94) brier 0.0223 pos 0.509 amp 0.993 n=9016
tlse           tlse_fac05             acc  90.32 ( -1.24) brier 0.0691 pos 0.495 amp 1.017 n=9016
tlse           tlse_fac10             acc  89.09 ( -2.47) brier 0.0798 pos 0.472 amp 1.039 n=9016
tlse           tlse_mixed             acc  88.03 ( -3.53) brier 0.0829 pos 0.522 amp 0.962 n=9016
tlse           tlse_spots02           acc  91.03 ( -0.53) brier 0.0638 pos 0.521 amp 0.982 n=9016
tlse           tlse_spots05           acc  89.44 ( -2.12) brier 0.0731 pos 0.526 amp 0.967 n=9016
tlse           tlse_spots10           acc  87.68 ( -3.88) brier 0.0846 pos 0.541 amp 0.965 n=9016
tlse           tlse_spots20           acc  83.62 ( -7.94) brier 0.1146 pos 0.591 amp 1.082 n=9016
white noise    snr12                  acc  91.13 ( -0.43) brier 0.0622 pos 0.524 amp 1.000 n=9016
white noise    snr10                  acc  90.56 ( -1.00) brier 0.0670 pos 0.525 amp 1.000 n=9016
white noise    snr8                   acc  90.08 ( -1.48) brier 0.0709 pos 0.532 amp 1.000 n=9016
white noise    snr5                   acc  87.81 ( -3.75) brier 0.0851 pos 0.534 amp 1.000 n=9016
correlated noise snr12                  acc  90.74 ( -0.82) brier 0.0668 pos 0.523 amp 1.000 n=9016
correlated noise snr10                  acc  89.27 ( -2.28) brier 0.0769 pos 0.529 amp 1.000 n=9016
correlated noise snr8                   acc  86.82 ( -4.74) brier 0.0937 pos 0.530 amp 1.000 n=9016
correlated noise snr5                   acc  81.85 ( -9.70) brier 0.1368 pos 0.543 amp 1.000 n=9016
gain ramp      x0.25                  acc  91.60 ( +0.04) brier 0.0593 pos 0.518 amp 0.996 n=9016
gain ramp      x0.5                   acc  91.71 ( +0.16) brier 0.0592 pos 0.519 amp 1.009 n=9016
gain ramp      x1.0                   acc  91.47 ( -0.09) brier 0.0608 pos 0.524 amp 1.010 n=9016
gain ramp      x2.0                   acc  89.69 ( -1.87) brier 0.0731 pos 0.543 amp 1.034 n=9016
baseline offset x0.25                  acc  91.53 ( -0.03) brier 0.0590 pos 0.518 amp 1.000 n=9016
baseline offset x0.5                   acc  91.54 ( -0.02) brier 0.0589 pos 0.518 amp 1.000 n=9016
baseline offset x1.0                   acc  91.49 ( -0.07) brier 0.0589 pos 0.517 amp 1.000 n=9016
baseline offset x2.0                   acc  91.55 ( -0.01) brier 0.0589 pos 0.517 amp 1.000 n=9016
absolute noise 20 ppm                 acc  88.94 ( -2.62) brier 0.0784 pos 0.510 amp 1.000 n=9016
absolute noise 50 ppm                 acc  87.60 ( -3.96) brier 0.0886 pos 0.522 amp 1.000 n=9016
absolute noise 100 ppm                acc  86.28 ( -5.28) brier 0.1022 pos 0.529 amp 1.000 n=9016
absolute noise 200 ppm                acc  84.67 ( -6.89) brier 0.1165 pos 0.532 amp 1.000 n=9016
noise colouring white snr15            acc  91.74 ( +0.18) brier 0.0586 pos 0.516 amp 1.000 n=9016
noise colouring ariel snr15            acc  91.57 ( +0.01) brier 0.0589 pos 0.520 amp 1.000 n=9016
noise colouring exosim snr15           acc  91.24 ( -0.32) brier 0.0598 pos 0.524 amp 1.000 n=9016
noise colouring white snr10            acc  90.53 ( -1.03) brier 0.0668 pos 0.524 amp 1.000 n=9016
noise colouring ariel snr10            acc  90.62 ( -0.94) brier 0.0659 pos 0.528 amp 1.000 n=9016
noise colouring exosim snr10           acc  90.54 ( -1.02) brier 0.0665 pos 0.531 amp 1.000 n=9016
noise colouring white snr7             acc  89.25 ( -2.31) brier 0.0772 pos 0.527 amp 1.000 n=9016
noise colouring ariel snr7             acc  89.27 ( -2.28) brier 0.0751 pos 0.534 amp 1.000 n=9016
noise colouring exosim snr7            acc  89.09 ( -2.47) brier 0.0756 pos 0.535 amp 1.000 n=9016
noise colouring white snr5             acc  87.36 ( -4.20) brier 0.0903 pos 0.533 amp 1.000 n=9016
noise colouring ariel snr5             acc  88.18 ( -3.38) brier 0.0856 pos 0.539 amp 1.000 n=9016
noise colouring exosim snr5            acc  87.90 ( -3.66) brier 0.0863 pos 0.540 amp 1.000 n=9016

