cloud          cloud_1e1Pa            acc  55.21 (-30.71) brier 0.2703 pos 0.333 amp 0.026 n=9016
cloud          cloud_1e2Pa            acc  69.30 (-16.63) brier 0.1943 pos 0.388 amp 0.286 n=9016
cloud          cloud_1e3Pa            acc  77.76 ( -8.16) brier 0.1449 pos 0.446 amp 0.572 n=9016
cloud          cloud_1e4Pa            acc  82.64 ( -3.28) brier 0.1141 pos 0.498 amp 0.804 n=9016
cloud          cloud_1e5Pa            acc  85.29 ( -0.63) brier 0.0988 pos 0.535 amp 0.945 n=9016
exomol         exomol                 acc  77.24 ( -8.68) brier 0.1474 pos 0.423 amp 0.864 n=9016
exotransmit    exotransmit            acc  85.69 ( -0.23) brier 0.0963 pos 0.506 amp 0.887 n=9016
haze           haze_1p0e10            acc  53.13 (-32.80) brier 0.2905 pos 0.244 amp 0.474 n=9016
haze           haze_2p0e5             acc  85.91 ( -0.01) brier 0.0953 pos 0.547 amp 0.987 n=9016
haze           haze_2p0e6             acc  85.07 ( -0.85) brier 0.1017 pos 0.568 amp 0.947 n=9016
haze           haze_2p4e8             acc  79.77 ( -6.16) brier 0.1474 pos 0.585 amp 0.779 n=9016
haze           haze_3p0e7             acc  82.78 ( -3.15) brier 0.1236 pos 0.608 amp 0.894 n=9016
quenched       quenched               acc  92.11 ( +6.19) brier 0.0581 pos 0.525 amp 0.993 n=9016
tlse           tlse_fac05             acc  85.90 ( -0.02) brier 0.0953 pos 0.531 amp 1.017 n=9016
tlse           tlse_fac10             acc  85.76 ( -0.17) brier 0.0962 pos 0.522 amp 1.039 n=9016
tlse           tlse_mixed             acc  84.59 ( -1.33) brier 0.1028 pos 0.563 amp 0.962 n=9016
tlse           tlse_spots02           acc  85.64 ( -0.29) brier 0.0964 pos 0.550 amp 0.982 n=9016
tlse           tlse_spots05           acc  85.50 ( -0.42) brier 0.0981 pos 0.560 amp 0.967 n=9016
tlse           tlse_spots10           acc  84.52 ( -1.41) brier 0.1037 pos 0.568 amp 0.965 n=9016
tlse           tlse_spots20           acc  82.68 ( -3.25) brier 0.1172 pos 0.574 amp 1.082 n=9016
white noise    snr12                  acc  85.64 ( -0.29) brier 0.0961 pos 0.539 amp 1.000 n=9016
white noise    snr10                  acc  85.41 ( -0.51) brier 0.0966 pos 0.540 amp 1.000 n=9016
white noise    snr8                   acc  85.24 ( -0.69) brier 0.0988 pos 0.540 amp 1.000 n=9016
white noise    snr5                   acc  84.73 ( -1.20) brier 0.1033 pos 0.524 amp 1.000 n=9016
correlated noise snr12                  acc  85.65 ( -0.28) brier 0.0968 pos 0.540 amp 1.000 n=9016
correlated noise snr10                  acc  85.37 ( -0.55) brier 0.0983 pos 0.537 amp 1.000 n=9016
correlated noise snr8                   acc  84.78 ( -1.14) brier 0.1033 pos 0.530 amp 1.000 n=9016
correlated noise snr5                   acc  82.23 ( -3.69) brier 0.1228 pos 0.505 amp 1.000 n=9016
gain ramp      x0.25                  acc  85.78 ( -0.14) brier 0.0946 pos 0.542 amp 0.996 n=9016
gain ramp      x0.5                   acc  85.75 ( -0.18) brier 0.0956 pos 0.544 amp 1.009 n=9016
gain ramp      x1.0                   acc  85.70 ( -0.22) brier 0.0960 pos 0.542 amp 1.010 n=9016
gain ramp      x2.0                   acc  85.48 ( -0.44) brier 0.0969 pos 0.540 amp 1.034 n=9016
baseline offset x0.25                  acc  86.16 ( +0.23) brier 0.0942 pos 0.541 amp 1.000 n=9016
baseline offset x0.5                   acc  85.79 ( -0.13) brier 0.0958 pos 0.541 amp 1.000 n=9016
baseline offset x1.0                   acc  85.73 ( -0.20) brier 0.0955 pos 0.540 amp 1.000 n=9016
baseline offset x2.0                   acc  85.71 ( -0.21) brier 0.0961 pos 0.541 amp 1.000 n=9016
absolute noise 20 ppm                 acc  84.96 ( -0.96) brier 0.1006 pos 0.532 amp 1.000 n=9016
absolute noise 50 ppm                 acc  84.69 ( -1.23) brier 0.1037 pos 0.524 amp 1.000 n=9016
absolute noise 100 ppm                acc  83.36 ( -2.56) brier 0.1114 pos 0.513 amp 1.000 n=9016
absolute noise 200 ppm                acc  81.84 ( -4.08) brier 0.1232 pos 0.511 amp 1.000 n=9016
noise colouring white snr15            acc  85.67 ( -0.26) brier 0.0962 pos 0.541 amp 1.000 n=9016
noise colouring ariel snr15            acc  85.77 ( -0.16) brier 0.0960 pos 0.541 amp 1.000 n=9016
noise colouring exosim snr15           acc  85.80 ( -0.12) brier 0.0959 pos 0.541 amp 1.000 n=9016
noise colouring white snr10            acc  85.77 ( -0.16) brier 0.0958 pos 0.539 amp 1.000 n=9016
noise colouring ariel snr10            acc  85.64 ( -0.29) brier 0.0955 pos 0.538 amp 1.000 n=9016
noise colouring exosim snr10           acc  85.66 ( -0.27) brier 0.0957 pos 0.538 amp 1.000 n=9016
noise colouring white snr7             acc  85.03 ( -0.90) brier 0.1006 pos 0.530 amp 1.000 n=9016
noise colouring ariel snr7             acc  85.29 ( -0.63) brier 0.0987 pos 0.534 amp 1.000 n=9016
noise colouring exosim snr7            acc  85.50 ( -0.42) brier 0.0987 pos 0.533 amp 1.000 n=9016
noise colouring white snr5             acc  84.25 ( -1.67) brier 0.1064 pos 0.525 amp 1.000 n=9016
noise colouring ariel snr5             acc  84.84 ( -1.09) brier 0.1032 pos 0.527 amp 1.000 n=9016
noise colouring exosim snr5            acc  84.88 ( -1.04) brier 0.1031 pos 0.527 amp 1.000 n=9016

