cloud          cloud_1e1Pa            acc  52.88 (-42.65) brier 0.2453 pos 0.041 amp 0.026 n=9016
cloud          cloud_1e2Pa            acc  72.30 (-23.23) brier 0.1585 pos 0.255 amp 0.286 n=9016
cloud          cloud_1e3Pa            acc  88.10 ( -7.43) brier 0.0951 pos 0.427 amp 0.572 n=9016
cloud          cloud_1e4Pa            acc  94.19 ( -1.34) brier 0.0553 pos 0.498 amp 0.804 n=9016
cloud          cloud_1e5Pa            acc  95.42 ( -0.11) brier 0.0397 pos 0.515 amp 0.945 n=9016
exomol         exomol                 acc  78.14 (-17.39) brier 0.1324 pos 0.303 amp 0.864 n=9016
exotransmit    exotransmit            acc  89.86 ( -5.67) brier 0.0670 pos 0.421 amp 0.887 n=9016
haze           haze_1p0e10            acc  54.60 (-40.93) brier 0.2609 pos 0.057 amp 0.474 n=9016
haze           haze_2p0e5             acc  95.31 ( -0.22) brier 0.0379 pos 0.524 amp 0.987 n=9016
haze           haze_2p0e6             acc  94.54 ( -0.99) brier 0.0421 pos 0.538 amp 0.947 n=9016
haze           haze_2p4e8             acc  89.19 ( -6.34) brier 0.1226 pos 0.484 amp 0.779 n=9016
haze           haze_3p0e7             acc  92.49 ( -3.04) brier 0.0654 pos 0.557 amp 0.894 n=9016
quenched       quenched               acc  98.10 ( +2.57) brier 0.0187 pos 0.518 amp 0.993 n=9016
tlse           tlse_fac05             acc  94.94 ( -0.59) brier 0.0410 pos 0.511 amp 1.017 n=9016
tlse           tlse_fac10             acc  93.93 ( -1.60) brier 0.0469 pos 0.498 amp 1.039 n=9016
tlse           tlse_mixed             acc  89.49 ( -6.04) brier 0.0700 pos 0.486 amp 0.962 n=9016
tlse           tlse_spots02           acc  93.84 ( -1.69) brier 0.0450 pos 0.518 amp 0.982 n=9016
tlse           tlse_spots05           acc  91.55 ( -3.98) brier 0.0570 pos 0.504 amp 0.967 n=9016
tlse           tlse_spots10           acc  89.10 ( -6.43) brier 0.0730 pos 0.482 amp 0.965 n=9016
tlse           tlse_spots20           acc  85.79 ( -9.74) brier 0.0977 pos 0.448 amp 1.082 n=9016
white noise    snr12                  acc  94.37 ( -1.16) brier 0.0480 pos 0.515 amp 1.000 n=9016
white noise    snr10                  acc  93.59 ( -1.94) brier 0.0576 pos 0.503 amp 1.000 n=9016
white noise    snr8                   acc  92.27 ( -3.26) brier 0.0744 pos 0.493 amp 1.000 n=9016
white noise    snr5                   acc  88.49 ( -7.04) brier 0.1150 pos 0.437 amp 1.000 n=9016
correlated noise snr12                  acc  93.74 ( -1.79) brier 0.0491 pos 0.515 amp 1.000 n=9016
correlated noise snr10                  acc  92.22 ( -3.31) brier 0.0604 pos 0.508 amp 1.000 n=9016
correlated noise snr8                   acc  90.34 ( -5.19) brier 0.0757 pos 0.490 amp 1.000 n=9016
correlated noise snr5                   acc  83.93 (-11.60) brier 0.1191 pos 0.438 amp 1.000 n=9016
gain ramp      x0.25                  acc  95.36 ( -0.17) brier 0.0380 pos 0.520 amp 0.996 n=9016
gain ramp      x0.5                   acc  95.10 ( -0.43) brier 0.0393 pos 0.519 amp 1.009 n=9016
gain ramp      x1.0                   acc  93.54 ( -1.99) brier 0.0457 pos 0.514 amp 1.010 n=9016
gain ramp      x2.0                   acc  90.98 ( -4.55) brier 0.0610 pos 0.499 amp 1.034 n=9016
baseline offset x0.25                  acc  95.53 ( +0.00) brier 0.0374 pos 0.520 amp 1.000 n=9016
baseline offset x0.5                   acc  95.53 ( +0.00) brier 0.0374 pos 0.520 amp 1.000 n=9016
baseline offset x1.0                   acc  95.53 ( +0.00) brier 0.0374 pos 0.520 amp 1.000 n=9016
baseline offset x2.0                   acc  95.53 ( +0.00) brier 0.0374 pos 0.520 amp 1.000 n=9016
absolute noise 20 ppm                 acc  90.16 ( -5.37) brier 0.0616 pos 0.477 amp 1.000 n=9016
absolute noise 50 ppm                 acc  88.12 ( -7.41) brier 0.0739 pos 0.449 amp 1.000 n=9016
absolute noise 100 ppm                acc  85.90 ( -9.63) brier 0.0873 pos 0.420 amp 1.000 n=9016
absolute noise 200 ppm                acc  83.10 (-12.43) brier 0.1018 pos 0.383 amp 1.000 n=9016
noise colouring white snr15            acc  94.12 ( -1.41) brier 0.0476 pos 0.518 amp 1.000 n=9016
noise colouring ariel snr15            acc  95.34 ( -0.19) brier 0.0379 pos 0.519 amp 1.000 n=9016
noise colouring exosim snr15           acc  95.35 ( -0.18) brier 0.0381 pos 0.518 amp 1.000 n=9016
noise colouring white snr10            acc  93.03 ( -2.50) brier 0.0629 pos 0.503 amp 1.000 n=9016
noise colouring ariel snr10            acc  94.59 ( -0.94) brier 0.0490 pos 0.500 amp 1.000 n=9016
noise colouring exosim snr10           acc  94.30 ( -1.23) brier 0.0501 pos 0.497 amp 1.000 n=9016
noise colouring white snr7             acc  90.84 ( -4.69) brier 0.0880 pos 0.474 amp 1.000 n=9016
noise colouring ariel snr7             acc  92.29 ( -3.24) brier 0.0705 pos 0.471 amp 1.000 n=9016
noise colouring exosim snr7            acc  92.08 ( -3.45) brier 0.0724 pos 0.467 amp 1.000 n=9016
noise colouring white snr5             acc  87.93 ( -7.60) brier 0.1176 pos 0.430 amp 1.000 n=9016
noise colouring ariel snr5             acc  89.90 ( -5.63) brier 0.0988 pos 0.438 amp 1.000 n=9016
noise colouring exosim snr5            acc  89.87 ( -5.66) brier 0.1009 pos 0.435 amp 1.000 n=9016

